80.162.5.192 - - [10/May/2022:20:08:58 +0000] "GET / HTTP/1.1" 200 10178 "-" "Mozilla/5.0 (Windows NT 10.0; Win64; x64) AppleWebKit/537.36 (KHTML, like Gecko) Chrome/101.0.4951.64 Safari/537.36"
80.162.5.192 - - [10/May/2022:20:09:10 +0000] "GET /?s=facebook HTTP/1.1" 302 806 "https://www.talmedos.com/" "Mozilla/5.0 (Windows NT 10.0; Win64; x64) AppleWebKit/537.36 (KHTML, like Gecko) Chrome/101.0.4951.64 Safari/537.36"
80.162.5.192 - - [10/May/2022:20:09:10 +0000] "GET / HTTP/1.1" 200 5660 "https://www.talmedos.com/" "Mozilla/5.0 (Windows NT 10.0; Win64; x64) AppleWebKit/537.36 (KHTML, like Gecko) Chrome/101.0.4951.64 Safari/537.36"
80.162.5.192 - - [10/May/2022:20:09:30 +0000] "-" 408 511 "-" "-"
80.162.5.192 - - [10/May/2022:20:09:37 +0000] "-" 408 511 "-" "-"
46.101.144.32 - - [10/May/2022:20:09:52 +0000] "POST /wp-cron.php?doing_wp_cron=1652213392.4211740493774414062500 HTTP/1.1" 200 4753 "https://46.101.144.32/wp-cron.php?doing_wp_cron=1652213392.4211740493774414062500" "WordPress/5.9.3; https://www.talmedos.com"
45.134.144.140 - - [10/May/2022:20:09:52 +0000] "GET /.env HTTP/1.1" 404 33750 "-" "python-requests/2.6.0 CPython/2.7.5 Linux/3.10.0-1160.el7.x86_64"
46.101.144.32 - - [10/May/2022:20:39:31 +0000] "POST /wp-cron.php?doing_wp_cron=1652215171.4178578853607177734375 HTTP/1.1" 200 4753 "https://46.101.144.32/wp-cron.php?doing_wp_cron=1652215171.4178578853607177734375" "WordPress/5.9.3; https://www.talmedos.com"
93.162.98.150 - - [10/May/2022:20:39:31 +0000] "GET /?author=1 HTTP/1.1" 301 4840 "-" "Mozilla/5.0 (Macintosh; Intel Mac OS X 10_15_7) AppleWebKit/537.36 (KHTML, like Gecko) Chrome/101.0.4951.54 Safari/537.36"
93.162.98.150 - - [10/May/2022:20:39:31 +0000] "GET /author/wpadmin/ HTTP/1.1" 200 11442 "-" "Mozilla/5.0 (Macintosh; Intel Mac OS X 10_15_7) AppleWebKit/537.36 (KHTML, like Gecko) Chrome/101.0.4951.54 Safari/537.36"
93.162.98.150 - - [10/May/2022:20:39:32 +0000] "GET /wp-includes/css/dist/block-library/style.min.css?ver=5.9.3 HTTP/1.1" 200 16151 "https://www.talmedos.com/" "Mozilla/5.0 (Macintosh; Intel Mac OS X 10_15_7) AppleWebKit/537.36 (KHTML, like Gecko) Chrome/101.0.4951.54 Safari/537.36"
93.162.98.150 - - [10/May/2022:20:39:32 +0000] "GET /wp-content/themes/twentytwentyone/assets/js/responsive-embeds.js?ver=1.5 HTTP/1.1" 200 5434 "https://www.talmedos.com/" "Mozilla/5.0 (Macintosh; Intel Mac OS X 10_15_7) AppleWebKit/537.36 (KHTML, like Gecko) Chrome/101.0.4951.54 Safari/537.36"
93.162.98.150 - - [10/May/2022:20:39:32 +0000] "GET /wp-content/themes/twentytwentyone/style.css?ver=1.5 HTTP/1.1" 200 27804 "https://www.talmedos.com/" "Mozilla/5.0 (Macintosh; Intel Mac OS X 10_15_7) AppleWebKit/537.36 (KHTML, like Gecko) Chrome/101.0.4951.54 Safari/537.36"
93.162.98.150 - - [10/May/2022:20:39:32 +0000] "GET /wp-includes/js/wp-emoji-release.min.js?ver=5.9.3 HTTP/1.1" 200 5347 "https://www.talmedos.com/" "Mozilla/5.0 (Macintosh; Intel Mac OS X 10_15_7) AppleWebKit/537.36 (KHTML, like Gecko) Chrome/101.0.4951.54 Safari/537.36"
93.162.98.150 - - [10/May/2022:20:39:32 +0000] "GET /wp-content/themes/twentytwentyone/assets/css/print.css?ver=1.5 HTTP/1.1" 200 1442 "https://www.talmedos.com/" "Mozilla/5.0 (Macintosh; Intel Mac OS X 10_15_7) AppleWebKit/537.36 (KHTML, like Gecko) Chrome/101.0.4951.54 Safari/537.36"
46.101.144.32 - - [10/May/2022:20:39:52 +0000] "POST /wp-cron.php?doing_wp_cron=1652215192.8324649333953857421875 HTTP/1.1" 200 4753 "https://46.101.144.32/wp-cron.php?doing_wp_cron=1652215192.8324649333953857421875" "WordPress/5.9.3; https://www.talmedos.com"
93.162.98.150 - - [10/May/2022:20:39:52 +0000] "GET / HTTP/1.1" 200 6172 "-" "Mozilla/5.0 (Macintosh; Intel Mac OS X 10_15_7) AppleWebKit/537.36 (KHTML, like Gecko) Chrome/101.0.4951.54 Safari/537.36"
93.162.98.150 - - [10/May/2022:20:40:01 +0000] "GET /wp-admin HTTP/1.1" 301 1129 "-" "Mozilla/5.0 (Macintosh; Intel Mac OS X 10_15_7) AppleWebKit/537.36 (KHTML, like Gecko) Chrome/101.0.4951.54 Safari/537.36"
93.162.98.150 - - [10/May/2022:20:40:01 +0000] "GET /wp-admin/ HTTP/1.1" 302 458 "-" "Mozilla/5.0 (Macintosh; Intel Mac OS X 10_15_7) AppleWebKit/537.36 (KHTML, like Gecko) Chrome/101.0.4951.54 Safari/537.36"
93.162.98.150 - - [10/May/2022:20:40:01 +0000] "GET /wp-login.php?redirect_to=https%3A%2F%2Fwww.talmedos.com%2Fwp-admin%2F&reauth=1 HTTP/1.1" 200 5889 "-" "Mozilla/5.0 (Macintosh; Intel Mac OS X 10_15_7) AppleWebKit/537.36 (KHTML, like Gecko) Chrome/101.0.4951.54 Safari/537.36"
93.162.98.150 - - [10/May/2022:20:40:02 +0000] "GET /wp-includes/css/dashicons.min.css?ver=5.9.3 HTTP/1.1" 200 36222 "https://46.101.144.32/wp-login.php?redirect_to=https%3A%2F%2Fwww.talmedos.com%2Fwp-admin%2F&reauth=1" "Mozilla/5.0 (Macintosh; Intel Mac OS X 10_15_7) AppleWebKit/537.36 (KHTML, like Gecko) Chrome/101.0.4951.54 Safari/537.36"
93.162.98.150 - - [10/May/2022:20:40:02 +0000] "GET /wp-admin/css/login.min.css?ver=5.9.3 HTTP/1.1" 200 2560 "https://46.101.144.32/wp-login.php?redirect_to=https%3A%2F%2Fwww.talmedos.com%2Fwp-admin%2F&reauth=1" "Mozilla/5.0 (Macintosh; Intel Mac OS X 10_15_7) AppleWebKit/537.36 (KHTML, like Gecko) Chrome/101.0.4951.54 Safari/537.36"
93.162.98.150 - - [10/May/2022:20:40:02 +0000] "GET /wp-admin/css/l10n.min.css?ver=5.9.3 HTTP/1.1" 200 1043 "https://46.101.144.32/wp-login.php?redirect_to=https%3A%2F%2Fwww.talmedos.com%2Fwp-admin%2F&reauth=1" "Mozilla/5.0 (Macintosh; Intel Mac OS X 10_15_7) AppleWebKit/537.36 (KHTML, like Gecko) Chrome/101.0.4951.54 Safari/537.36"
93.162.98.150 - - [10/May/2022:20:40:02 +0000] "GET /wp-admin/css/forms.min.css?ver=5.9.3 HTTP/1.1" 200 11132 "https://46.101.144.32/wp-login.php?redirect_to=https%3A%2F%2Fwww.talmedos.com%2Fwp-admin%2F&reauth=1" "Mozilla/5.0 (Macintosh; Intel Mac OS X 10_15_7) AppleWebKit/537.36 (KHTML, like Gecko) Chrome/101.0.4951.54 Safari/537.36"
93.162.98.150 - - [10/May/2022:20:40:02 +0000] "GET /wp-includes/css/buttons.min.css?ver=5.9.3 HTTP/1.1" 200 6330 "https://46.101.144.32/wp-login.php?redirect_to=https%3A%2F%2Fwww.talmedos.com%2Fwp-admin%2F&reauth=1" "Mozilla/5.0 (Macintosh; Intel Mac OS X 10_15_7) AppleWebKit/537.36 (KHTML, like Gecko) Chrome/101.0.4951.54 Safari/537.36"
93.162.98.150 - - [10/May/2022:20:40:02 +0000] "GET /wp-includes/js/jquery/jquery-migrate.min.js?ver=3.3.2 HTTP/1.1" 200 4586 "https://46.101.144.32/wp-login.php?redirect_to=https%3A%2F%2Fwww.talmedos.com%2Fwp-admin%2F&reauth=1" "Mozilla/5.0 (Macintosh; Intel Mac OS X 10_15_7) AppleWebKit/537.36 (KHTML, like Gecko) Chrome/101.0.4951.54 Safari/537.36"
93.162.98.150 - - [10/May/2022:20:40:02 +0000] "GET /wp-includes/js/jquery/jquery.min.js?ver=3.6.0 HTTP/1.1" 200 31393 "https://46.101.144.32/wp-login.php?redirect_to=https%3A%2F%2Fwww.talmedos.com%2Fwp-admin%2F&reauth=1" "Mozilla/5.0 (Macintosh; Intel Mac OS X 10_15_7) AppleWebKit/537.36 (KHTML, like Gecko) Chrome/101.0.4951.54 Safari/537.36"
93.162.98.150 - - [10/May/2022:20:40:02 +0000] "GET /wp-includes/js/zxcvbn-async.min.js?ver=1.0 HTTP/1.1" 200 627 "https://46.101.144.32/wp-login.php?redirect_to=https%3A%2F%2Fwww.talmedos.com%2Fwp-admin%2F&reauth=1" "Mozilla/5.0 (Macintosh; Intel Mac OS X 10_15_7) AppleWebKit/537.36 (KHTML, like Gecko) Chrome/101.0.4951.54 Safari/537.36"
93.162.98.150 - - [10/May/2022:20:40:02 +0000] "GET /wp-includes/js/dist/hooks.min.js?ver=1e58c8c5a32b2e97491080c5b10dc71c HTTP/1.1" 200 6804 "https://46.101.144.32/wp-login.php?redirect_to=https%3A%2F%2Fwww.talmedos.com%2Fwp-admin%2F&reauth=1" "Mozilla/5.0 (Macintosh; Intel Mac OS X 10_15_7) AppleWebKit/537.36 (KHTML, like Gecko) Chrome/101.0.4951.54 Safari/537.36"
93.162.98.150 - - [10/May/2022:20:40:02 +0000] "GET /wp-includes/js/dist/vendor/regenerator-runtime.min.js?ver=0.13.9 HTTP/1.1" 200 7357 "https://46.101.144.32/wp-login.php?redirect_to=https%3A%2F%2Fwww.talmedos.com%2Fwp-admin%2F&reauth=1" "Mozilla/5.0 (Macintosh; Intel Mac OS X 10_15_7) AppleWebKit/537.36 (KHTML, like Gecko) Chrome/101.0.4951.54 Safari/537.36"
93.162.98.150 - - [10/May/2022:20:40:02 +0000] "GET /wp-includes/js/dist/vendor/wp-polyfill.min.js?ver=3.15.0 HTTP/1.1" 200 11948 "https://46.101.144.32/wp-login.php?redirect_to=https%3A%2F%2Fwww.talmedos.com%2Fwp-admin%2F&reauth=1" "Mozilla/5.0 (Macintosh; Intel Mac OS X 10_15_7) AppleWebKit/537.36 (KHTML, like Gecko) Chrome/101.0.4951.54 Safari/537.36"
93.162.98.150 - - [10/May/2022:20:40:02 +0000] "GET /wp-includes/js/dist/i18n.min.js?ver=30fcecb428a0e8383d3776bcdd3a7834 HTTP/1.1" 200 4385 "https://46.101.144.32/wp-login.php?redirect_to=https%3A%2F%2Fwww.talmedos.com%2Fwp-admin%2F&reauth=1" "Mozilla/5.0 (Macintosh; Intel Mac OS X 10_15_7) AppleWebKit/537.36 (KHTML, like Gecko) Chrome/101.0.4951.54 Safari/537.36"
93.162.98.150 - - [10/May/2022:20:40:02 +0000] "GET /wp-admin/js/password-strength-meter.min.js?ver=5.9.3 HTTP/1.1" 200 992 "https://46.101.144.32/wp-login.php?redirect_to=https%3A%2F%2Fwww.talmedos.com%2Fwp-admin%2F&reauth=1" "Mozilla/5.0 (Macintosh; Intel Mac OS X 10_15_7) AppleWebKit/537.36 (KHTML, like Gecko) Chrome/101.0.4951.54 Safari/537.36"
93.162.98.150 - - [10/May/2022:20:40:02 +0000] "GET /wp-includes/js/underscore.min.js?ver=1.13.1 HTTP/1.1" 200 7733 "https://46.101.144.32/wp-login.php?redirect_to=https%3A%2F%2Fwww.talmedos.com%2Fwp-admin%2F&reauth=1" "Mozilla/5.0 (Macintosh; Intel Mac OS X 10_15_7) AppleWebKit/537.36 (KHTML, like Gecko) Chrome/101.0.4951.54 Safari/537.36"
93.162.98.150 - - [10/May/2022:20:40:02 +0000] "GET /wp-includes/js/wp-util.min.js?ver=5.9.3 HTTP/1.1" 200 1076 "https://46.101.144.32/wp-login.php?redirect_to=https%3A%2F%2Fwww.talmedos.com%2Fwp-admin%2F&reauth=1" "Mozilla/5.0 (Macintosh; Intel Mac OS X 10_15_7) AppleWebKit/537.36 (KHTML, like Gecko) Chrome/101.0.4951.54 Safari/537.36"
93.162.98.150 - - [10/May/2022:20:40:02 +0000] "GET /wp-admin/js/user-profile.min.js?ver=5.9.3 HTTP/1.1" 200 2712 "https://46.101.144.32/wp-login.php?redirect_to=https%3A%2F%2Fwww.talmedos.com%2Fwp-admin%2F&reauth=1" "Mozilla/5.0 (Macintosh; Intel Mac OS X 10_15_7) AppleWebKit/537.36 (KHTML, like Gecko) Chrome/101.0.4951.54 Safari/537.36"
93.162.98.150 - - [10/May/2022:20:40:02 +0000] "GET /wp-admin/images/wordpress-logo.svg?ver=20131107 HTTP/1.1" 200 1832 "https://46.101.144.32/wp-admin/css/login.min.css?ver=5.9.3" "Mozilla/5.0 (Macintosh; Intel Mac OS X 10_15_7) AppleWebKit/537.36 (KHTML, like Gecko) Chrome/101.0.4951.54 Safari/537.36"
93.162.98.150 - - [10/May/2022:20:40:02 +0000] "GET /wp-includes/js/zxcvbn.min.js HTTP/1.1" 200 403612 "https://46.101.144.32/wp-login.php?redirect_to=https%3A%2F%2Fwww.talmedos.com%2Fwp-admin%2F&reauth=1" "Mozilla/5.0 (Macintosh; Intel Mac OS X 10_15_7) AppleWebKit/537.36 (KHTML, like Gecko) Chrome/101.0.4951.54 Safari/537.36"
93.162.98.150 - - [10/May/2022:20:40:09 +0000] "POST /wp-login.php HTTP/1.1" 200 3925 "https://46.101.144.32/wp-login.php?redirect_to=https%3A%2F%2Fwww.talmedos.com%2Fwp-admin%2F&reauth=1" "Mozilla/5.0 (Macintosh; Intel Mac OS X 10_15_7) AppleWebKit/537.36 (KHTML, like Gecko) Chrome/101.0.4951.54 Safari/537.36"
93.162.98.150 - - [10/May/2022:20:40:20 +0000] "POST /wp-login.php HTTP/1.1" 200 7931 "https://46.101.144.32/wp-login.php" "Mozilla/5.0 (Macintosh; Intel Mac OS X 10_15_7) AppleWebKit/537.36 (KHTML, like Gecko) Chrome/101.0.4951.54 Safari/537.36"
93.162.98.150 - - [10/May/2022:20:40:20 +0000] "GET /wp-includes/js/zxcvbn.min.js HTTP/1.1" 200 403612 "https://46.101.144.32/wp-login.php" "Mozilla/5.0 (Macintosh; Intel Mac OS X 10_15_7) AppleWebKit/537.36 (KHTML, like Gecko) Chrome/101.0.4951.54 Safari/537.36"
46.101.144.32 - - [10/May/2022:20:40:29 +0000] "POST /wp-cron.php?doing_wp_cron=1652215229.5686419010162353515625 HTTP/1.1" 200 4753 "https://46.101.144.32/wp-cron.php?doing_wp_cron=1652215229.5686419010162353515625" "WordPress/5.9.3; https://www.talmedos.com"
93.162.98.150 - - [10/May/2022:20:40:29 +0000] "POST /wp-login.php HTTP/1.1" 200 3925 "https://46.101.144.32/wp-login.php" "Mozilla/5.0 (Macintosh; Intel Mac OS X 10_15_7) AppleWebKit/537.36 (KHTML, like Gecko) Chrome/101.0.4951.54 Safari/537.36"
93.162.98.150 - - [10/May/2022:20:40:29 +0000] "GET /wp-includes/js/zxcvbn.min.js HTTP/1.1" 200 403612 "https://46.101.144.32/wp-login.php" "Mozilla/5.0 (Macintosh; Intel Mac OS X 10_15_7) AppleWebKit/537.36 (KHTML, like Gecko) Chrome/101.0.4951.54 Safari/537.36"
93.162.98.150 - - [10/May/2022:20:40:31 +0000] "GET /wp-login.php?action=lostpassword HTTP/1.1" 200 2023 "https://46.101.144.32/wp-login.php" "Mozilla/5.0 (Macintosh; Intel Mac OS X 10_15_7) AppleWebKit/537.36 (KHTML, like Gecko) Chrome/101.0.4951.54 Safari/537.36"
46.101.144.32 - - [10/May/2022:20:40:35 +0000] "POST /wp-cron.php?doing_wp_cron=1652215235.8778219223022460937500 HTTP/1.1" 200 4753 "https://46.101.144.32/wp-cron.php?doing_wp_cron=1652215235.8778219223022460937500" "WordPress/5.9.3; https://www.talmedos.com"
93.162.98.150 - - [10/May/2022:20:40:35 +0000] "POST /wp-login.php?action=lostpassword HTTP/1.1" 200 2249 "https://46.101.144.32/wp-login.php?action=lostpassword" "Mozilla/5.0 (Macintosh; Intel Mac OS X 10_15_7) AppleWebKit/537.36 (KHTML, like Gecko) Chrome/101.0.4951.54 Safari/537.36"
93.162.98.150 - - [10/May/2022:20:41:17 +0000] "GET / HTTP/1.1" 200 6172 "https://46.101.144.32/" "Mozilla/5.0 (Macintosh; Intel Mac OS X 10_15_7) AppleWebKit/537.36 (KHTML, like Gecko) Chrome/101.0.4951.54 Safari/537.36"
93.162.98.150 - - [10/May/2022:20:41:17 +0000] "GET /wp-includes/css/dist/block-library/style.min.css?ver=5.9.3 HTTP/1.1" 200 16151 "https://www.talmedos.com/" "Mozilla/5.0 (Macintosh; Intel Mac OS X 10_15_7) AppleWebKit/537.36 (KHTML, like Gecko) Chrome/101.0.4951.54 Safari/537.36"
93.162.98.150 - - [10/May/2022:20:41:17 +0000] "GET /wp-content/themes/twentytwentyone/style.css?ver=1.5 HTTP/1.1" 200 27804 "https://www.talmedos.com/" "Mozilla/5.0 (Macintosh; Intel Mac OS X 10_15_7) AppleWebKit/537.36 (KHTML, like Gecko) Chrome/101.0.4951.54 Safari/537.36"
93.162.98.150 - - [10/May/2022:20:41:17 +0000] "GET /wp-includes/js/wp-emoji-release.min.js?ver=5.9.3 HTTP/1.1" 200 5347 "https://www.talmedos.com/" "Mozilla/5.0 (Macintosh; Intel Mac OS X 10_15_7) AppleWebKit/537.36 (KHTML, like Gecko) Chrome/101.0.4951.54 Safari/537.36"
93.162.98.150 - - [10/May/2022:20:41:17 +0000] "GET /wp-content/themes/twentytwentyone/assets/css/print.css?ver=1.5 HTTP/1.1" 200 1442 "https://www.talmedos.com/" "Mozilla/5.0 (Macintosh; Intel Mac OS X 10_15_7) AppleWebKit/537.36 (KHTML, like Gecko) Chrome/101.0.4951.54 Safari/537.36"
192.53.170.243 - - [10/May/2022:20:41:20 +0000] "GET / HTTP/1.1" 301 4226 "-" "Mozilla/5.0 (Windows NT 10.0; Win64; x64) AppleWebKit/537.36 (KHTML, like Gecko) Chrome/60.0.3112.113 Safari/537.36"
192.53.170.243 - - [10/May/2022:20:41:21 +0000] "GET / HTTP/1.1" 200 9628 "https://46.101.144.32/" "Mozilla/5.0 (Windows NT 10.0; Win64; x64) AppleWebKit/537.36 (KHTML, like Gecko) Chrome/60.0.3112.113 Safari/537.36"
46.101.144.32 - - [10/May/2022:20:41:23 +0000] "POST /wp-cron.php?doing_wp_cron=1652215283.6279549598693847656250 HTTP/1.1" 200 4753 "https://46.101.144.32/wp-cron.php?doing_wp_cron=1652215283.6279549598693847656250" "WordPress/5.9.3; https://www.talmedos.com"
93.162.98.150 - - [10/May/2022:20:41:23 +0000] "GET /wp-admin/ HTTP/1.1" 302 970 "-" "Mozilla/5.0 (Macintosh; Intel Mac OS X 10_15_7) AppleWebKit/537.36 (KHTML, like Gecko) Chrome/101.0.4951.54 Safari/537.36"
93.162.98.150 - - [10/May/2022:20:41:24 +0000] "GET /wp-login.php?redirect_to=https%3A%2F%2Fwww.talmedos.com%2Fwp-admin%2F&reauth=1 HTTP/1.1" 200 9895 "-" "Mozilla/5.0 (Macintosh; Intel Mac OS X 10_15_7) AppleWebKit/537.36 (KHTML, like Gecko) Chrome/101.0.4951.54 Safari/537.36"
93.162.98.150 - - [10/May/2022:20:41:24 +0000] "GET /wp-includes/css/dashicons.min.css?ver=5.9.3 HTTP/1.1" 200 36222 "https://46.101.144.32/wp-login.php?redirect_to=https%3A%2F%2Fwww.talmedos.com%2Fwp-admin%2F&reauth=1" "Mozilla/5.0 (Macintosh; Intel Mac OS X 10_15_7) AppleWebKit/537.36 (KHTML, like Gecko) Chrome/101.0.4951.54 Safari/537.36"
93.162.98.150 - - [10/May/2022:20:41:24 +0000] "GET /wp-includes/css/buttons.min.css?ver=5.9.3 HTTP/1.1" 200 1812 "https://46.101.144.32/wp-login.php?redirect_to=https%3A%2F%2Fwww.talmedos.com%2Fwp-admin%2F&reauth=1" "Mozilla/5.0 (Macintosh; Intel Mac OS X 10_15_7) AppleWebKit/537.36 (KHTML, like Gecko) Chrome/101.0.4951.54 Safari/537.36"
93.162.98.150 - - [10/May/2022:20:41:24 +0000] "GET /wp-admin/css/login.min.css?ver=5.9.3 HTTP/1.1" 200 2560 "https://46.101.144.32/wp-login.php?redirect_to=https%3A%2F%2Fwww.talmedos.com%2Fwp-admin%2F&reauth=1" "Mozilla/5.0 (Macintosh; Intel Mac OS X 10_15_7) AppleWebKit/537.36 (KHTML, like Gecko) Chrome/101.0.4951.54 Safari/537.36"
93.162.98.150 - - [10/May/2022:20:41:24 +0000] "GET /wp-admin/css/forms.min.css?ver=5.9.3 HTTP/1.1" 200 11132 "https://46.101.144.32/wp-login.php?redirect_to=https%3A%2F%2Fwww.talmedos.com%2Fwp-admin%2F&reauth=1" "Mozilla/5.0 (Macintosh; Intel Mac OS X 10_15_7) AppleWebKit/537.36 (KHTML, like Gecko) Chrome/101.0.4951.54 Safari/537.36"
93.162.98.150 - - [10/May/2022:20:41:24 +0000] "GET /wp-admin/css/l10n.min.css?ver=5.9.3 HTTP/1.1" 200 5561 "https://46.101.144.32/wp-login.php?redirect_to=https%3A%2F%2Fwww.talmedos.com%2Fwp-admin%2F&reauth=1" "Mozilla/5.0 (Macintosh; Intel Mac OS X 10_15_7) AppleWebKit/537.36 (KHTML, like Gecko) Chrome/101.0.4951.54 Safari/537.36"
93.162.98.150 - - [10/May/2022:20:41:24 +0000] "GET /wp-includes/js/jquery/jquery-migrate.min.js?ver=3.3.2 HTTP/1.1" 200 4586 "https://46.101.144.32/wp-login.php?redirect_to=https%3A%2F%2Fwww.talmedos.com%2Fwp-admin%2F&reauth=1" "Mozilla/5.0 (Macintosh; Intel Mac OS X 10_15_7) AppleWebKit/537.36 (KHTML, like Gecko) Chrome/101.0.4951.54 Safari/537.36"
93.162.98.150 - - [10/May/2022:20:41:24 +0000] "GET /wp-includes/js/jquery/jquery.min.js?ver=3.6.0 HTTP/1.1" 200 35911 "https://46.101.144.32/wp-login.php?redirect_to=https%3A%2F%2Fwww.talmedos.com%2Fwp-admin%2F&reauth=1" "Mozilla/5.0 (Macintosh; Intel Mac OS X 10_15_7) AppleWebKit/537.36 (KHTML, like Gecko) Chrome/101.0.4951.54 Safari/537.36"
93.162.98.150 - - [10/May/2022:20:41:24 +0000] "GET /wp-includes/js/zxcvbn-async.min.js?ver=1.0 HTTP/1.1" 200 627 "https://46.101.144.32/wp-login.php?redirect_to=https%3A%2F%2Fwww.talmedos.com%2Fwp-admin%2F&reauth=1" "Mozilla/5.0 (Macintosh; Intel Mac OS X 10_15_7) AppleWebKit/537.36 (KHTML, like Gecko) Chrome/101.0.4951.54 Safari/537.36"
93.162.98.150 - - [10/May/2022:20:41:24 +0000] "GET /wp-includes/js/dist/vendor/regenerator-runtime.min.js?ver=0.13.9 HTTP/1.1" 200 2839 "https://46.101.144.32/wp-login.php?redirect_to=https%3A%2F%2Fwww.talmedos.com%2Fwp-admin%2F&reauth=1" "Mozilla/5.0 (Macintosh; Intel Mac OS X 10_15_7) AppleWebKit/537.36 (KHTML, like Gecko) Chrome/101.0.4951.54 Safari/537.36"
93.162.98.150 - - [10/May/2022:20:41:24 +0000] "GET /wp-includes/js/dist/vendor/wp-polyfill.min.js?ver=3.15.0 HTTP/1.1" 200 7430 "https://46.101.144.32/wp-login.php?redirect_to=https%3A%2F%2Fwww.talmedos.com%2Fwp-admin%2F&reauth=1" "Mozilla/5.0 (Macintosh; Intel Mac OS X 10_15_7) AppleWebKit/537.36 (KHTML, like Gecko) Chrome/101.0.4951.54 Safari/537.36"
93.162.98.150 - - [10/May/2022:20:41:24 +0000] "GET /wp-includes/js/dist/hooks.min.js?ver=1e58c8c5a32b2e97491080c5b10dc71c HTTP/1.1" 200 6804 "https://46.101.144.32/wp-login.php?redirect_to=https%3A%2F%2Fwww.talmedos.com%2Fwp-admin%2F&reauth=1" "Mozilla/5.0 (Macintosh; Intel Mac OS X 10_15_7) AppleWebKit/537.36 (KHTML, like Gecko) Chrome/101.0.4951.54 Safari/537.36"
93.162.98.150 - - [10/May/2022:20:41:24 +0000] "GET /wp-includes/js/dist/i18n.min.js?ver=30fcecb428a0e8383d3776bcdd3a7834 HTTP/1.1" 200 8903 "https://46.101.144.32/wp-login.php?redirect_to=https%3A%2F%2Fwww.talmedos.com%2Fwp-admin%2F&reauth=1" "Mozilla/5.0 (Macintosh; Intel Mac OS X 10_15_7) AppleWebKit/537.36 (KHTML, like Gecko) Chrome/101.0.4951.54 Safari/537.36"
93.162.98.150 - - [10/May/2022:20:41:24 +0000] "GET /wp-admin/js/password-strength-meter.min.js?ver=5.9.3 HTTP/1.1" 200 992 "https://46.101.144.32/wp-login.php?redirect_to=https%3A%2F%2Fwww.talmedos.com%2Fwp-admin%2F&reauth=1" "Mozilla/5.0 (Macintosh; Intel Mac OS X 10_15_7) AppleWebKit/537.36 (KHTML, like Gecko) Chrome/101.0.4951.54 Safari/537.36"
93.162.98.150 - - [10/May/2022:20:41:24 +0000] "GET /wp-admin/js/user-profile.min.js?ver=5.9.3 HTTP/1.1" 200 2712 "https://46.101.144.32/wp-login.php?redirect_to=https%3A%2F%2Fwww.talmedos.com%2Fwp-admin%2F&reauth=1" "Mozilla/5.0 (Macintosh; Intel Mac OS X 10_15_7) AppleWebKit/537.36 (KHTML, like Gecko) Chrome/101.0.4951.54 Safari/537.36"
93.162.98.150 - - [10/May/2022:20:41:24 +0000] "GET /wp-includes/js/wp-util.min.js?ver=5.9.3 HTTP/1.1" 200 1076 "https://46.101.144.32/wp-login.php?redirect_to=https%3A%2F%2Fwww.talmedos.com%2Fwp-admin%2F&reauth=1" "Mozilla/5.0 (Macintosh; Intel Mac OS X 10_15_7) AppleWebKit/537.36 (KHTML, like Gecko) Chrome/101.0.4951.54 Safari/537.36"
93.162.98.150 - - [10/May/2022:20:41:24 +0000] "GET /wp-admin/images/wordpress-logo.svg?ver=20131107 HTTP/1.1" 200 1832 "https://46.101.144.32/wp-admin/css/login.min.css?ver=5.9.3" "Mozilla/5.0 (Macintosh; Intel Mac OS X 10_15_7) AppleWebKit/537.36 (KHTML, like Gecko) Chrome/101.0.4951.54 Safari/537.36"
93.162.98.150 - - [10/May/2022:20:41:24 +0000] "GET /wp-includes/js/underscore.min.js?ver=1.13.1 HTTP/1.1" 200 7733 "https://46.101.144.32/wp-login.php?redirect_to=https%3A%2F%2Fwww.talmedos.com%2Fwp-admin%2F&reauth=1" "Mozilla/5.0 (Macintosh; Intel Mac OS X 10_15_7) AppleWebKit/537.36 (KHTML, like Gecko) Chrome/101.0.4951.54 Safari/537.36"
93.162.98.150 - - [10/May/2022:20:41:24 +0000] "GET /wp-includes/js/zxcvbn.min.js HTTP/1.1" 200 403612 "https://46.101.144.32/wp-login.php?redirect_to=https%3A%2F%2Fwww.talmedos.com%2Fwp-admin%2F&reauth=1" "Mozilla/5.0 (Macintosh; Intel Mac OS X 10_15_7) AppleWebKit/537.36 (KHTML, like Gecko) Chrome/101.0.4951.54 Safari/537.36"
93.162.98.150 - - [10/May/2022:20:41:29 +0000] "POST /wp-login.php HTTP/1.1" 200 3925 "https://46.101.144.32/wp-login.php?redirect_to=https%3A%2F%2Fwww.talmedos.com%2Fwp-admin%2F&reauth=1" "Mozilla/5.0 (Macintosh; Intel Mac OS X 10_15_7) AppleWebKit/537.36 (KHTML, like Gecko) Chrome/101.0.4951.54 Safari/537.36"
46.101.144.32 - - [10/May/2022:20:41:37 +0000] "POST /wp-cron.php?doing_wp_cron=1652215297.8663730621337890625000 HTTP/1.1" 200 4753 "https://46.101.144.32/wp-cron.php?doing_wp_cron=1652215297.8663730621337890625000" "WordPress/5.9.3; https://www.talmedos.com"
93.162.98.150 - - [10/May/2022:20:41:37 +0000] "POST /wp-login.php HTTP/1.1" 200 7931 "https://46.101.144.32/wp-login.php" "Mozilla/5.0 (Macintosh; Intel Mac OS X 10_15_7) AppleWebKit/537.36 (KHTML, like Gecko) Chrome/101.0.4951.54 Safari/537.36"
93.162.98.150 - - [10/May/2022:20:41:38 +0000] "GET /wp-includes/js/zxcvbn.min.js HTTP/1.1" 200 403612 "https://46.101.144.32/wp-login.php" "Mozilla/5.0 (Macintosh; Intel Mac OS X 10_15_7) AppleWebKit/537.36 (KHTML, like Gecko) Chrome/101.0.4951.54 Safari/537.36"
46.101.144.32 - - [10/May/2022:20:47:05 +0000] "POST /wp-cron.php?doing_wp_cron=1652215625.0119020938873291015625 HTTP/1.1" 200 4753 "https://46.101.144.32/wp-cron.php?doing_wp_cron=1652215625.0119020938873291015625" "WordPress/5.9.3; https://www.talmedos.com"
93.162.98.150 - - [10/May/2022:20:47:04 +0000] "POST /wp-login.php HTTP/1.1" 200 7931 "https://46.101.144.32/wp-login.php" "Mozilla/5.0 (Macintosh; Intel Mac OS X 10_15_7) AppleWebKit/537.36 (KHTML, like Gecko) Chrome/101.0.4951.54 Safari/537.36"
93.162.98.150 - - [10/May/2022:20:47:05 +0000] "GET /wp-includes/js/zxcvbn.min.js HTTP/1.1" 200 403612 "https://46.101.144.32/wp-login.php" "Mozilla/5.0 (Macintosh; Intel Mac OS X 10_15_7) AppleWebKit/537.36 (KHTML, like Gecko) Chrome/101.0.4951.54 Safari/537.36"
93.162.98.150 - - [10/May/2022:20:47:12 +0000] "POST /wp-login.php HTTP/1.1" 200 3925 "https://46.101.144.32/wp-login.php" "Mozilla/5.0 (Macintosh; Intel Mac OS X 10_15_7) AppleWebKit/537.36 (KHTML, like Gecko) Chrome/101.0.4951.54 Safari/537.36"
93.162.98.150 - - [10/May/2022:20:47:17 +0000] "POST /wp-login.php HTTP/1.1" 200 7931 "https://46.101.144.32/wp-login.php" "Mozilla/5.0 (Macintosh; Intel Mac OS X 10_15_7) AppleWebKit/537.36 (KHTML, like Gecko) Chrome/101.0.4951.54 Safari/537.36"
93.162.98.150 - - [10/May/2022:20:47:17 +0000] "GET /wp-includes/js/zxcvbn.min.js HTTP/1.1" 200 403612 "https://46.101.144.32/wp-login.php" "Mozilla/5.0 (Macintosh; Intel Mac OS X 10_15_7) AppleWebKit/537.36 (KHTML, like Gecko) Chrome/101.0.4951.54 Safari/537.36"
46.101.144.32 - - [10/May/2022:20:47:23 +0000] "POST /wp-cron.php?doing_wp_cron=1652215643.8697440624237060546875 HTTP/1.1" 200 4753 "https://46.101.144.32/wp-cron.php?doing_wp_cron=1652215643.8697440624237060546875" "WordPress/5.9.3; https://www.talmedos.com"
93.162.98.150 - - [10/May/2022:20:47:23 +0000] "POST /wp-login.php HTTP/1.1" 200 3925 "https://46.101.144.32/wp-login.php" "Mozilla/5.0 (Macintosh; Intel Mac OS X 10_15_7) AppleWebKit/537.36 (KHTML, like Gecko) Chrome/101.0.4951.54 Safari/537.36"
93.162.98.150 - - [10/May/2022:20:47:30 +0000] "POST /wp-login.php HTTP/1.1" 302 5702 "https://46.101.144.32/wp-login.php" "Mozilla/5.0 (Macintosh; Intel Mac OS X 10_15_7) AppleWebKit/537.36 (KHTML, like Gecko) Chrome/101.0.4951.54 Safari/537.36"
93.162.98.150 - - [10/May/2022:20:47:31 +0000] "GET /wp-admin/ HTTP/1.1" 302 4976 "https://46.101.144.32/" "Mozilla/5.0 (Macintosh; Intel Mac OS X 10_15_7) AppleWebKit/537.36 (KHTML, like Gecko) Chrome/101.0.4951.54 Safari/537.36"
93.162.98.150 - - [10/May/2022:20:47:31 +0000] "GET /wp-login.php?redirect_to=https%3A%2F%2Fwww.talmedos.com%2Fwp-admin%2F&reauth=1 HTTP/1.1" 200 5390 "https://46.101.144.32/" "Mozilla/5.0 (Macintosh; Intel Mac OS X 10_15_7) AppleWebKit/537.36 (KHTML, like Gecko) Chrome/101.0.4951.54 Safari/537.36"
93.162.98.150 - - [10/May/2022:20:47:31 +0000] "GET /wp-includes/js/zxcvbn.min.js HTTP/1.1" 200 403612 "https://46.101.144.32/wp-login.php?redirect_to=https%3A%2F%2Fwww.talmedos.com%2Fwp-admin%2F&reauth=1" "Mozilla/5.0 (Macintosh; Intel Mac OS X 10_15_7) AppleWebKit/537.36 (KHTML, like Gecko) Chrome/101.0.4951.54 Safari/537.36"
46.101.144.32 - - [10/May/2022:20:47:45 +0000] "POST /wp-cron.php?doing_wp_cron=1652215665.4769299030303955078125 HTTP/1.1" 200 4753 "https://46.101.144.32/wp-cron.php?doing_wp_cron=1652215665.4769299030303955078125" "WordPress/5.9.3; https://www.talmedos.com"
93.162.98.150 - - [10/May/2022:20:47:45 +0000] "POST /wp-login.php HTTP/1.1" 200 3925 "https://46.101.144.32/wp-login.php?redirect_to=https%3A%2F%2Fwww.talmedos.com%2Fwp-admin%2F&reauth=1" "Mozilla/5.0 (Macintosh; Intel Mac OS X 10_15_7) AppleWebKit/537.36 (KHTML, like Gecko) Chrome/101.0.4951.54 Safari/537.36"
93.162.98.150 - - [10/May/2022:20:47:45 +0000] "GET /wp-includes/js/zxcvbn.min.js HTTP/1.1" 200 403612 "https://46.101.144.32/wp-login.php" "Mozilla/5.0 (Macintosh; Intel Mac OS X 10_15_7) AppleWebKit/537.36 (KHTML, like Gecko) Chrome/101.0.4951.54 Safari/537.36"
93.162.98.150 - - [10/May/2022:20:47:55 +0000] "POST /wp-login.php HTTP/1.1" 302 5702 "https://46.101.144.32/wp-login.php" "Mozilla/5.0 (Macintosh; Intel Mac OS X 10_15_7) AppleWebKit/537.36 (KHTML, like Gecko) Chrome/101.0.4951.54 Safari/537.36"
93.162.98.150 - - [10/May/2022:20:47:55 +0000] "GET /wp-admin/ HTTP/1.1" 302 970 "https://46.101.144.32/" "Mozilla/5.0 (Macintosh; Intel Mac OS X 10_15_7) AppleWebKit/537.36 (KHTML, like Gecko) Chrome/101.0.4951.54 Safari/537.36"
93.162.98.150 - - [10/May/2022:20:47:55 +0000] "GET /wp-login.php?redirect_to=https%3A%2F%2Fwww.talmedos.com%2Fwp-admin%2F&reauth=1 HTTP/1.1" 200 5390 "https://46.101.144.32/" "Mozilla/5.0 (Macintosh; Intel Mac OS X 10_15_7) AppleWebKit/537.36 (KHTML, like Gecko) Chrome/101.0.4951.54 Safari/537.36"
93.162.98.150 - - [10/May/2022:20:47:55 +0000] "GET /wp-includes/js/zxcvbn.min.js HTTP/1.1" 200 403612 "https://46.101.144.32/wp-login.php?redirect_to=https%3A%2F%2Fwww.talmedos.com%2Fwp-admin%2F&reauth=1" "Mozilla/5.0 (Macintosh; Intel Mac OS X 10_15_7) AppleWebKit/537.36 (KHTML, like Gecko) Chrome/101.0.4951.54 Safari/537.36"
93.162.98.150 - - [10/May/2022:20:48:01 +0000] "GET /wp-login.php?action=lostpassword HTTP/1.1" 200 2535 "https://46.101.144.32/wp-login.php?redirect_to=https%3A%2F%2Fwww.talmedos.com%2Fwp-admin%2F&reauth=1" "Mozilla/5.0 (Macintosh; Intel Mac OS X 10_15_7) AppleWebKit/537.36 (KHTML, like Gecko) Chrome/101.0.4951.54 Safari/537.36"
46.101.144.32 - - [10/May/2022:20:48:16 +0000] "POST /wp-cron.php?doing_wp_cron=1652215696.6025640964508056640625 HTTP/1.1" 200 4753 "https://46.101.144.32/wp-cron.php?doing_wp_cron=1652215696.6025640964508056640625" "WordPress/5.9.3; https://www.talmedos.com"
93.162.98.150 - - [10/May/2022:20:48:16 +0000] "GET /start-med-at-tale/ HTTP/1.1" 301 4825 "-" "Mozilla/5.0 (Macintosh; Intel Mac OS X 10.15; rv:100.0) Gecko/20100101 Firefox/100.0"
93.162.98.150 - - [10/May/2022:20:48:16 +0000] "GET / HTTP/1.1" 200 5660 "-" "Mozilla/5.0 (Macintosh; Intel Mac OS X 10.15; rv:100.0) Gecko/20100101 Firefox/100.0"
93.162.98.150 - - [10/May/2022:20:48:23 +0000] "GET /wp-admin HTTP/1.1" 301 1129 "-" "Mozilla/5.0 (Macintosh; Intel Mac OS X 10.15; rv:100.0) Gecko/20100101 Firefox/100.0"
46.101.144.32 - - [10/May/2022:20:48:23 +0000] "POST /wp-cron.php?doing_wp_cron=1652215703.5252330303192138671875 HTTP/1.1" 200 4753 "https://46.101.144.32/wp-cron.php?doing_wp_cron=1652215703.5252330303192138671875" "WordPress/5.9.3; https://www.talmedos.com"
93.162.98.150 - - [10/May/2022:20:48:23 +0000] "GET /wp-admin/ HTTP/1.1" 302 458 "-" "Mozilla/5.0 (Macintosh; Intel Mac OS X 10.15; rv:100.0) Gecko/20100101 Firefox/100.0"
93.162.98.150 - - [10/May/2022:20:48:23 +0000] "GET /wp-login.php?redirect_to=https%3A%2F%2Fwww.talmedos.com%2Fwp-admin%2F&reauth=1 HTTP/1.1" 200 9895 "-" "Mozilla/5.0 (Macintosh; Intel Mac OS X 10.15; rv:100.0) Gecko/20100101 Firefox/100.0"
93.162.98.150 - - [10/May/2022:20:48:23 +0000] "GET /wp-admin/js/password-strength-meter.min.js?ver=5.9.3 HTTP/1.1" 200 992 "https://46.101.144.32/wp-login.php?redirect_to=https%3A%2F%2Fwww.talmedos.com%2Fwp-admin%2F&reauth=1" "Mozilla/5.0 (Macintosh; Intel Mac OS X 10.15; rv:100.0) Gecko/20100101 Firefox/100.0"
93.162.98.150 - - [10/May/2022:20:48:28 +0000] "POST /wp-login.php HTTP/1.1" 302 1696 "https://46.101.144.32/wp-login.php?redirect_to=https%3A%2F%2Fwww.talmedos.com%2Fwp-admin%2F&reauth=1" "Mozilla/5.0 (Macintosh; Intel Mac OS X 10.15; rv:100.0) Gecko/20100101 Firefox/100.0"
93.162.98.150 - - [10/May/2022:20:48:29 +0000] "GET /wp-admin/ HTTP/1.1" 302 970 "https://46.101.144.32/" "Mozilla/5.0 (Macintosh; Intel Mac OS X 10.15; rv:100.0) Gecko/20100101 Firefox/100.0"
93.162.98.150 - - [10/May/2022:20:48:29 +0000] "GET /wp-login.php?redirect_to=https%3A%2F%2Fwww.talmedos.com%2Fwp-admin%2F&reauth=1 HTTP/1.1" 200 5390 "https://46.101.144.32/" "Mozilla/5.0 (Macintosh; Intel Mac OS X 10.15; rv:100.0) Gecko/20100101 Firefox/100.0"
46.101.144.32 - - [10/May/2022:20:48:35 +0000] "POST /wp-cron.php?doing_wp_cron=1652215715.1826488971710205078125 HTTP/1.1" 200 4753 "https://46.101.144.32/wp-cron.php?doing_wp_cron=1652215715.1826488971710205078125" "WordPress/5.9.3; https://www.talmedos.com"
93.162.98.150 - - [10/May/2022:20:48:35 +0000] "POST /wp-login.php HTTP/1.1" 302 1696 "https://46.101.144.32/wp-login.php?redirect_to=https%3A%2F%2Fwww.talmedos.com%2Fwp-admin%2F&reauth=1" "Mozilla/5.0 (Macintosh; Intel Mac OS X 10.15; rv:100.0) Gecko/20100101 Firefox/100.0"
93.162.98.150 - - [10/May/2022:20:48:35 +0000] "GET /wp-admin/ HTTP/1.1" 302 970 "https://46.101.144.32/" "Mozilla/5.0 (Macintosh; Intel Mac OS X 10.15; rv:100.0) Gecko/20100101 Firefox/100.0"
93.162.98.150 - - [10/May/2022:20:48:35 +0000] "GET /wp-login.php?redirect_to=https%3A%2F%2Fwww.talmedos.com%2Fwp-admin%2F&reauth=1 HTTP/1.1" 200 5391 "https://46.101.144.32/" "Mozilla/5.0 (Macintosh; Intel Mac OS X 10.15; rv:100.0) Gecko/20100101 Firefox/100.0"
46.101.144.32 - - [10/May/2022:20:49:44 +0000] "POST /wp-cron.php?doing_wp_cron=1652215784.7890079021453857421875 HTTP/1.1" 200 4753 "https://46.101.144.32/wp-cron.php?doing_wp_cron=1652215784.7890079021453857421875" "WordPress/5.9.3; https://www.talmedos.com"
93.162.98.150 - - [10/May/2022:20:49:44 +0000] "GET / HTTP/1.1" 200 10178 "-" "Mozilla/5.0 (Macintosh; Intel Mac OS X 10_15_7) AppleWebKit/605.1.15 (KHTML, like Gecko) Version/14.1.1 Safari/605.1.15"
46.101.144.32 - - [10/May/2022:20:51:05 +0000] "POST /wp-cron.php?doing_wp_cron=1652215865.4719779491424560546875 HTTP/1.1" 200 4753 "https://46.101.144.32/wp-cron.php?doing_wp_cron=1652215865.4719779491424560546875" "WordPress/5.9.3; https://www.talmedos.com"
93.162.98.150 - - [10/May/2022:20:51:05 +0000] "GET /wp-login.php HTTP/1.1" 200 7803 "https://46.101.144.32/wp-login.php?action=lostpassword" "Mozilla/5.0 (Macintosh; Intel Mac OS X 10_15_7) AppleWebKit/537.36 (KHTML, like Gecko) Chrome/101.0.4951.54 Safari/537.36"
93.162.98.150 - - [10/May/2022:20:51:05 +0000] "GET /wp-includes/js/jquery/jquery.min.js?ver=3.6.0 HTTP/1.1" 200 31393 "https://46.101.144.32/wp-login.php" "Mozilla/5.0 (Macintosh; Intel Mac OS X 10_15_7) AppleWebKit/537.36 (KHTML, like Gecko) Chrome/101.0.4951.54 Safari/537.36"
93.162.98.150 - - [10/May/2022:20:51:05 +0000] "GET /wp-includes/js/dist/hooks.min.js?ver=1e58c8c5a32b2e97491080c5b10dc71c HTTP/1.1" 200 2286 "https://46.101.144.32/wp-login.php" "Mozilla/5.0 (Macintosh; Intel Mac OS X 10_15_7) AppleWebKit/537.36 (KHTML, like Gecko) Chrome/101.0.4951.54 Safari/537.36"
93.162.98.150 - - [10/May/2022:20:51:05 +0000] "GET /wp-admin/js/password-strength-meter.min.js?ver=5.9.3 HTTP/1.1" 200 992 "https://46.101.144.32/wp-login.php" "Mozilla/5.0 (Macintosh; Intel Mac OS X 10_15_7) AppleWebKit/537.36 (KHTML, like Gecko) Chrome/101.0.4951.54 Safari/537.36"
93.162.98.150 - - [10/May/2022:20:51:05 +0000] "GET /wp-includes/js/dist/vendor/regenerator-runtime.min.js?ver=0.13.9 HTTP/1.1" 200 7357 "https://46.101.144.32/wp-login.php" "Mozilla/5.0 (Macintosh; Intel Mac OS X 10_15_7) AppleWebKit/537.36 (KHTML, like Gecko) Chrome/101.0.4951.54 Safari/537.36"
93.162.98.150 - - [10/May/2022:20:51:05 +0000] "GET /wp-includes/js/dist/vendor/wp-polyfill.min.js?ver=3.15.0 HTTP/1.1" 200 7430 "https://46.101.144.32/wp-login.php" "Mozilla/5.0 (Macintosh; Intel Mac OS X 10_15_7) AppleWebKit/537.36 (KHTML, like Gecko) Chrome/101.0.4951.54 Safari/537.36"
93.162.98.150 - - [10/May/2022:20:51:05 +0000] "GET /wp-includes/js/dist/i18n.min.js?ver=30fcecb428a0e8383d3776bcdd3a7834 HTTP/1.1" 200 8903 "https://46.101.144.32/wp-login.php" "Mozilla/5.0 (Macintosh; Intel Mac OS X 10_15_7) AppleWebKit/537.36 (KHTML, like Gecko) Chrome/101.0.4951.54 Safari/537.36"
93.162.98.150 - - [10/May/2022:20:51:06 +0000] "GET /wp-includes/js/underscore.min.js?ver=1.13.1 HTTP/1.1" 200 12251 "https://46.101.144.32/wp-login.php" "Mozilla/5.0 (Macintosh; Intel Mac OS X 10_15_7) AppleWebKit/537.36 (KHTML, like Gecko) Chrome/101.0.4951.54 Safari/537.36"
93.162.98.150 - - [10/May/2022:20:51:06 +0000] "GET /wp-includes/js/wp-util.min.js?ver=5.9.3 HTTP/1.1" 200 1076 "https://46.101.144.32/wp-login.php" "Mozilla/5.0 (Macintosh; Intel Mac OS X 10_15_7) AppleWebKit/537.36 (KHTML, like Gecko) Chrome/101.0.4951.54 Safari/537.36"
93.162.98.150 - - [10/May/2022:20:51:06 +0000] "GET /wp-includes/js/jquery/jquery-migrate.min.js?ver=3.3.2 HTTP/1.1" 200 4586 "https://46.101.144.32/wp-login.php" "Mozilla/5.0 (Macintosh; Intel Mac OS X 10_15_7) AppleWebKit/537.36 (KHTML, like Gecko) Chrome/101.0.4951.54 Safari/537.36"
93.162.98.150 - - [10/May/2022:20:51:06 +0000] "GET /wp-admin/js/user-profile.min.js?ver=5.9.3 HTTP/1.1" 200 2712 "https://46.101.144.32/wp-login.php" "Mozilla/5.0 (Macintosh; Intel Mac OS X 10_15_7) AppleWebKit/537.36 (KHTML, like Gecko) Chrome/101.0.4951.54 Safari/537.36"
93.162.98.150 - - [10/May/2022:20:51:06 +0000] "GET /wp-includes/js/zxcvbn-async.min.js?ver=1.0 HTTP/1.1" 200 627 "https://46.101.144.32/wp-login.php" "Mozilla/5.0 (Macintosh; Intel Mac OS X 10_15_7) AppleWebKit/537.36 (KHTML, like Gecko) Chrome/101.0.4951.54 Safari/537.36"
93.162.98.150 - - [10/May/2022:20:51:06 +0000] "GET /wp-includes/js/zxcvbn.min.js HTTP/1.1" 200 403612 "https://46.101.144.32/wp-login.php" "Mozilla/5.0 (Macintosh; Intel Mac OS X 10_15_7) AppleWebKit/537.36 (KHTML, like Gecko) Chrome/101.0.4951.54 Safari/537.36"
93.162.98.150 - - [10/May/2022:20:51:10 +0000] "POST /wp-login.php HTTP/1.1" 200 3409 "https://46.101.144.32/wp-login.php" "Mozilla/5.0 (Macintosh; Intel Mac OS X 10_15_7) AppleWebKit/537.36 (KHTML, like Gecko) Chrome/101.0.4951.54 Safari/537.36"
93.162.98.150 - - [10/May/2022:20:51:19 +0000] "POST /wp-login.php HTTP/1.1" 302 5699 "https://46.101.144.32/wp-login.php" "Mozilla/5.0 (Macintosh; Intel Mac OS X 10_15_7) AppleWebKit/537.36 (KHTML, like Gecko) Chrome/101.0.4951.54 Safari/537.36"
46.101.144.32 - - [10/May/2022:20:51:20 +0000] "GET / HTTP/1.1" 200 10189 "https://www.talmedos.com/" "WordPress/5.9.3; https://www.talmedos.com"
93.162.98.150 - - [10/May/2022:20:51:19 +0000] "GET /wp-admin/ HTTP/1.1" 200 25136 "https://46.101.144.32/wp-login.php" "Mozilla/5.0 (Macintosh; Intel Mac OS X 10_15_7) AppleWebKit/537.36 (KHTML, like Gecko) Chrome/101.0.4951.54 Safari/537.36"
93.162.98.150 - - [10/May/2022:20:51:21 +0000] "GET /wp-includes/js/thickbox/thickbox.css?ver=5.9.3 HTTP/1.1" 200 5814 "https://46.101.144.32/wp-admin/" "Mozilla/5.0 (Macintosh; Intel Mac OS X 10_15_7) AppleWebKit/537.36 (KHTML, like Gecko) Chrome/101.0.4951.54 Safari/537.36"
93.162.98.150 - - [10/May/2022:20:51:21 +0000] "GET /wp-content/plugins/wpforms-lite/assets/css/jquery-confirm.min.css?ver=3.3.2 HTTP/1.1" 200 3798 "https://46.101.144.32/wp-admin/" "Mozilla/5.0 (Macintosh; Intel Mac OS X 10_15_7) AppleWebKit/537.36 (KHTML, like Gecko) Chrome/101.0.4951.54 Safari/537.36"
93.162.98.150 - - [10/May/2022:20:51:21 +0000] "GET /wp-admin/load-styles.php?c=0&dir=ltr&load%5Bchunk_0%5D=dashicons,admin-bar,site-health,common,forms,admin-menu,dashboard,list-tables,edit,revisions,media,themes,about,nav-menus,wp-poi&load%5Bchunk_1%5D=nter,widgets,site-icon,l10n,buttons,wp-auth-check&ver=5.9.3 HTTP/1.1" 200 100964 "https://46.101.144.32/wp-admin/" "Mozilla/5.0 (Macintosh; Intel Mac OS X 10_15_7) AppleWebKit/537.36 (KHTML, like Gecko) Chrome/101.0.4951.54 Safari/537.36"
93.162.98.150 - - [10/May/2022:20:51:21 +0000] "GET /wp-content/plugins/wpforms-lite/assets/css/dashboard-widget.min.css?ver=1.7.4.1 HTTP/1.1" 200 2813 "https://46.101.144.32/wp-admin/" "Mozilla/5.0 (Macintosh; Intel Mac OS X 10_15_7) AppleWebKit/537.36 (KHTML, like Gecko) Chrome/101.0.4951.54 Safari/537.36"
93.162.98.150 - - [10/May/2022:20:51:21 +0000] "GET /wp-content/plugins/wpforms-lite/lite/assets/css/dashboard-education.min.css?ver=1.7.4.1 HTTP/1.1" 200 3805 "https://46.101.144.32/wp-admin/" "Mozilla/5.0 (Macintosh; Intel Mac OS X 10_15_7) AppleWebKit/537.36 (KHTML, like Gecko) Chrome/101.0.4951.54 Safari/537.36"
93.162.98.150 - - [10/May/2022:20:51:21 +0000] "GET /wp-content/plugins/wpforms-lite/assets/css/admin-bar.min.css?ver=1.7.4.1 HTTP/1.1" 200 827 "https://46.101.144.32/wp-admin/" "Mozilla/5.0 (Macintosh; Intel Mac OS X 10_15_7) AppleWebKit/537.36 (KHTML, like Gecko) Chrome/101.0.4951.54 Safari/537.36"
93.162.98.150 - - [10/May/2022:20:51:21 +0000] "GET /wp-content/plugins/wpforms-lite/assets/css/font-awesome.min.css?ver=4.7.0 HTTP/1.1" 200 7456 "https://46.101.144.32/wp-admin/" "Mozilla/5.0 (Macintosh; Intel Mac OS X 10_15_7) AppleWebKit/537.36 (KHTML, like Gecko) Chrome/101.0.4951.54 Safari/537.36"
93.162.98.150 - - [10/May/2022:20:51:21 +0000] "GET /wp-includes/css/editor.min.css?ver=5.9.3 HTTP/1.1" 200 6294 "https://46.101.144.32/wp-admin/" "Mozilla/5.0 (Macintosh; Intel Mac OS X 10_15_7) AppleWebKit/537.36 (KHTML, like Gecko) Chrome/101.0.4951.54 Safari/537.36"
93.162.98.150 - - [10/May/2022:20:51:21 +0000] "GET /wp-admin/load-scripts.php?c=0&load%5Bchunk_0%5D=jquery-core,jquery-migrate,utils&ver=5.9.3 HTTP/1.1" 200 39953 "https://46.101.144.32/wp-admin/" "Mozilla/5.0 (Macintosh; Intel Mac OS X 10_15_7) AppleWebKit/537.36 (KHTML, like Gecko) Chrome/101.0.4951.54 Safari/537.36"
93.162.98.150 - - [10/May/2022:20:51:21 +0000] "GET /wp-admin/load-scripts.php?c=0&load%5Bchunk_0%5D=hoverIntent,regenerator-runtime,wp-polyfill,wp-hooks&ver=5.9.3 HTTP/1.1" 200 11781 "https://46.101.144.32/wp-admin/" "Mozilla/5.0 (Macintosh; Intel Mac OS X 10_15_7) AppleWebKit/537.36 (KHTML, like Gecko) Chrome/101.0.4951.54 Safari/537.36"
93.162.98.150 - - [10/May/2022:20:51:21 +0000] "GET /wp-admin/js/common.min.js?ver=5.9.3 HTTP/1.1" 200 6937 "https://46.101.144.32/wp-admin/" "Mozilla/5.0 (Macintosh; Intel Mac OS X 10_15_7) AppleWebKit/537.36 (KHTML, like Gecko) Chrome/101.0.4951.54 Safari/537.36"
93.162.98.150 - - [10/May/2022:20:51:21 +0000] "GET /wp-includes/js/hoverintent-js.min.js?ver=2.2.1 HTTP/1.1" 200 1089 "https://46.101.144.32/wp-admin/" "Mozilla/5.0 (Macintosh; Intel Mac OS X 10_15_7) AppleWebKit/537.36 (KHTML, like Gecko) Chrome/101.0.4951.54 Safari/537.36"
93.162.98.150 - - [10/May/2022:20:51:21 +0000] "GET /wp-includes/js/dist/a11y.min.js?ver=68e470cf840f69530e9db3be229ad4b6 HTTP/1.1" 200 6076 "https://46.101.144.32/wp-admin/" "Mozilla/5.0 (Macintosh; Intel Mac OS X 10_15_7) AppleWebKit/537.36 (KHTML, like Gecko) Chrome/101.0.4951.54 Safari/537.36"
93.162.98.150 - - [10/May/2022:20:51:21 +0000] "GET /wp-includes/js/clipboard.min.js?ver=5.9.3 HTTP/1.1" 200 3766 "https://46.101.144.32/wp-admin/" "Mozilla/5.0 (Macintosh; Intel Mac OS X 10_15_7) AppleWebKit/537.36 (KHTML, like Gecko) Chrome/101.0.4951.54 Safari/537.36"
93.162.98.150 - - [10/May/2022:20:51:21 +0000] "GET /wp-includes/js/api-request.min.js?ver=5.9.3 HTTP/1.1" 200 5478 "https://46.101.144.32/wp-admin/" "Mozilla/5.0 (Macintosh; Intel Mac OS X 10_15_7) AppleWebKit/537.36 (KHTML, like Gecko) Chrome/101.0.4951.54 Safari/537.36"
93.162.98.150 - - [10/May/2022:20:51:21 +0000] "GET /wp-includes/js/dist/dom-ready.min.js?ver=ecda74de0221e1c2ce5c57cbb5af09d5 HTTP/1.1" 200 5493 "https://46.101.144.32/wp-admin/" "Mozilla/5.0 (Macintosh; Intel Mac OS X 10_15_7) AppleWebKit/537.36 (KHTML, like Gecko) Chrome/101.0.4951.54 Safari/537.36"
93.162.98.150 - - [10/May/2022:20:51:21 +0000] "GET /wp-includes/js/admin-bar.min.js?ver=5.9.3 HTTP/1.1" 200 1763 "https://46.101.144.32/wp-admin/" "Mozilla/5.0 (Macintosh; Intel Mac OS X 10_15_7) AppleWebKit/537.36 (KHTML, like Gecko) Chrome/101.0.4951.54 Safari/537.36"
93.162.98.150 - - [10/May/2022:20:51:21 +0000] "GET /wp-admin/images/about-header-about.svg HTTP/1.1" 200 5358 "https://46.101.144.32/wp-admin/load-styles.php?c=0&dir=ltr&load%5Bchunk_0%5D=dashicons,admin-bar,site-health,common,forms,admin-menu,dashboard,list-tables,edit,revisions,media,themes,about,nav-menus,wp-poi&load%5Bchunk_1%5D=nter,widgets,site-icon,l10n,buttons,wp-auth-check&ver=5.9.3" "Mozilla/5.0 (Macintosh; Intel Mac OS X 10_15_7) AppleWebKit/537.36 (KHTML, like Gecko) Chrome/101.0.4951.54 Safari/537.36"
93.162.98.150 - - [10/May/2022:20:51:21 +0000] "GET /wp-content/plugins/wpforms-lite/assets/images/sullie.png HTTP/1.1" 200 25360 "https://46.101.144.32/wp-admin/" "Mozilla/5.0 (Macintosh; Intel Mac OS X 10_15_7) AppleWebKit/537.36 (KHTML, like Gecko) Chrome/101.0.4951.54 Safari/537.36"
93.162.98.150 - - [10/May/2022:20:51:21 +0000] "GET /wp-admin/images/about-texture.png HTTP/1.1" 200 147264 "https://46.101.144.32/wp-admin/load-styles.php?c=0&dir=ltr&load%5Bchunk_0%5D=dashicons,admin-bar,site-health,common,forms,admin-menu,dashboard,list-tables,edit,revisions,media,themes,about,nav-menus,wp-poi&load%5Bchunk_1%5D=nter,widgets,site-icon,l10n,buttons,wp-auth-check&ver=5.9.3" "Mozilla/5.0 (Macintosh; Intel Mac OS X 10_15_7) AppleWebKit/537.36 (KHTML, like Gecko) Chrome/101.0.4951.54 Safari/537.36"
93.162.98.150 - - [10/May/2022:20:51:21 +0000] "GET /wp-includes/js/dist/url.min.js?ver=5d9169e30a8883667fee1a7b5dd0fb51 HTTP/1.1" 200 2631 "https://46.101.144.32/wp-admin/" "Mozilla/5.0 (Macintosh; Intel Mac OS X 10_15_7) AppleWebKit/537.36 (KHTML, like Gecko) Chrome/101.0.4951.54 Safari/537.36"
93.162.98.150 - - [10/May/2022:20:51:21 +0000] "GET /wp-admin/js/site-health.min.js?ver=5.9.3 HTTP/1.1" 200 2553 "https://46.101.144.32/wp-admin/" "Mozilla/5.0 (Macintosh; Intel Mac OS X 10_15_7) AppleWebKit/537.36 (KHTML, like Gecko) Chrome/101.0.4951.54 Safari/537.36"
93.162.98.150 - - [10/May/2022:20:51:21 +0000] "GET /wp-includes/js/dist/vendor/lodash.min.js?ver=4.17.19 HTTP/1.1" 200 26385 "https://46.101.144.32/wp-admin/" "Mozilla/5.0 (Macintosh; Intel Mac OS X 10_15_7) AppleWebKit/537.36 (KHTML, like Gecko) Chrome/101.0.4951.54 Safari/537.36"
93.162.98.150 - - [10/May/2022:20:51:21 +0000] "GET /wp-includes/js/wp-ajax-response.min.js?ver=5.9.3 HTTP/1.1" 200 1454 "https://46.101.144.32/wp-admin/" "Mozilla/5.0 (Macintosh; Intel Mac OS X 10_15_7) AppleWebKit/537.36 (KHTML, like Gecko) Chrome/101.0.4951.54 Safari/537.36"
93.162.98.150 - - [10/May/2022:20:51:21 +0000] "GET /wp-includes/js/jquery/jquery.color.min.js?ver=2.1.2 HTTP/1.1" 200 4340 "https://46.101.144.32/wp-admin/" "Mozilla/5.0 (Macintosh; Intel Mac OS X 10_15_7) AppleWebKit/537.36 (KHTML, like Gecko) Chrome/101.0.4951.54 Safari/537.36"
93.162.98.150 - - [10/May/2022:20:51:21 +0000] "GET /wp-includes/js/wp-lists.min.js?ver=5.9.3 HTTP/1.1" 200 2945 "https://46.101.144.32/wp-admin/" "Mozilla/5.0 (Macintosh; Intel Mac OS X 10_15_7) AppleWebKit/537.36 (KHTML, like Gecko) Chrome/101.0.4951.54 Safari/537.36"
93.162.98.150 - - [10/May/2022:20:51:21 +0000] "GET /wp-includes/js/quicktags.min.js?ver=5.9.3 HTTP/1.1" 200 3934 "https://46.101.144.32/wp-admin/" "Mozilla/5.0 (Macintosh; Intel Mac OS X 10_15_7) AppleWebKit/537.36 (KHTML, like Gecko) Chrome/101.0.4951.54 Safari/537.36"
93.162.98.150 - - [10/May/2022:20:51:21 +0000] "GET /wp-includes/js/jquery/jquery.query.js?ver=2.2.3 HTTP/1.1" 200 1999 "https://46.101.144.32/wp-admin/" "Mozilla/5.0 (Macintosh; Intel Mac OS X 10_15_7) AppleWebKit/537.36 (KHTML, like Gecko) Chrome/101.0.4951.54 Safari/537.36"
93.162.98.150 - - [10/May/2022:20:51:21 +0000] "GET /wp-admin/js/edit-comments.min.js?ver=5.9.3 HTTP/1.1" 200 5504 "https://46.101.144.32/wp-admin/" "Mozilla/5.0 (Macintosh; Intel Mac OS X 10_15_7) AppleWebKit/537.36 (KHTML, like Gecko) Chrome/101.0.4951.54 Safari/537.36"
93.162.98.150 - - [10/May/2022:20:51:21 +0000] "GET /wp-includes/js/jquery/ui/core.min.js?ver=1.13.1 HTTP/1.1" 200 7292 "https://46.101.144.32/wp-admin/" "Mozilla/5.0 (Macintosh; Intel Mac OS X 10_15_7) AppleWebKit/537.36 (KHTML, like Gecko) Chrome/101.0.4951.54 Safari/537.36"
93.162.98.150 - - [10/May/2022:20:51:21 +0000] "GET /wp-includes/js/jquery/ui/mouse.min.js?ver=1.13.1 HTTP/1.1" 200 1449 "https://46.101.144.32/wp-admin/" "Mozilla/5.0 (Macintosh; Intel Mac OS X 10_15_7) AppleWebKit/537.36 (KHTML, like Gecko) Chrome/101.0.4951.54 Safari/537.36"
93.162.98.150 - - [10/May/2022:20:51:21 +0000] "GET /wp-admin/js/postbox.min.js?ver=5.9.3 HTTP/1.1" 200 2642 "https://46.101.144.32/wp-admin/" "Mozilla/5.0 (Macintosh; Intel Mac OS X 10_15_7) AppleWebKit/537.36 (KHTML, like Gecko) Chrome/101.0.4951.54 Safari/537.36"
93.162.98.150 - - [10/May/2022:20:51:21 +0000] "GET /wp-includes/js/jquery/ui/sortable.min.js?ver=1.13.1 HTTP/1.1" 200 6981 "https://46.101.144.32/wp-admin/" "Mozilla/5.0 (Macintosh; Intel Mac OS X 10_15_7) AppleWebKit/537.36 (KHTML, like Gecko) Chrome/101.0.4951.54 Safari/537.36"
93.162.98.150 - - [10/May/2022:20:51:21 +0000] "GET /wp-includes/js/dist/vendor/moment.min.js?ver=2.29.1 HTTP/1.1" 200 18957 "https://46.101.144.32/wp-admin/" "Mozilla/5.0 (Macintosh; Intel Mac OS X 10_15_7) AppleWebKit/537.36 (KHTML, like Gecko) Chrome/101.0.4951.54 Safari/537.36"
93.162.98.150 - - [10/May/2022:20:51:22 +0000] "GET /wp-includes/js/thickbox/thickbox.js?ver=3.1-20121105 HTTP/1.1" 200 4418 "https://46.101.144.32/wp-admin/" "Mozilla/5.0 (Macintosh; Intel Mac OS X 10_15_7) AppleWebKit/537.36 (KHTML, like Gecko) Chrome/101.0.4951.54 Safari/537.36"
93.162.98.150 - - [10/May/2022:20:51:22 +0000] "GET /wp-admin/js/plugin-install.min.js?ver=5.9.3 HTTP/1.1" 200 1393 "https://46.101.144.32/wp-admin/" "Mozilla/5.0 (Macintosh; Intel Mac OS X 10_15_7) AppleWebKit/537.36 (KHTML, like Gecko) Chrome/101.0.4951.54 Safari/537.36"
93.162.98.150 - - [10/May/2022:20:51:22 +0000] "GET /wp-admin/js/dashboard.min.js?ver=5.9.3 HTTP/1.1" 200 3479 "https://46.101.144.32/wp-admin/" "Mozilla/5.0 (Macintosh; Intel Mac OS X 10_15_7) AppleWebKit/537.36 (KHTML, like Gecko) Chrome/101.0.4951.54 Safari/537.36"
93.162.98.150 - - [10/May/2022:20:51:22 +0000] "GET /wp-includes/js/wp-sanitize.min.js?ver=5.9.3 HTTP/1.1" 200 653 "https://46.101.144.32/wp-admin/" "Mozilla/5.0 (Macintosh; Intel Mac OS X 10_15_7) AppleWebKit/537.36 (KHTML, like Gecko) Chrome/101.0.4951.54 Safari/537.36"
93.162.98.150 - - [10/May/2022:20:51:22 +0000] "GET /wp-admin/js/updates.min.js?ver=5.9.3 HTTP/1.1" 200 9415 "https://46.101.144.32/wp-admin/" "Mozilla/5.0 (Macintosh; Intel Mac OS X 10_15_7) AppleWebKit/537.36 (KHTML, like Gecko) Chrome/101.0.4951.54 Safari/537.36"
93.162.98.150 - - [10/May/2022:20:51:22 +0000] "GET /wp-includes/js/dist/date.min.js?ver=a9a5af167fc60fa1bfda62582a7beb3c HTTP/1.1" 200 33322 "https://46.101.144.32/wp-admin/" "Mozilla/5.0 (Macintosh; Intel Mac OS X 10_15_7) AppleWebKit/537.36 (KHTML, like Gecko) Chrome/101.0.4951.54 Safari/537.36"
93.162.98.150 - - [10/May/2022:20:51:22 +0000] "GET /wp-includes/js/shortcode.min.js?ver=5.9.3 HTTP/1.1" 200 1513 "https://46.101.144.32/wp-admin/" "Mozilla/5.0 (Macintosh; Intel Mac OS X 10_15_7) AppleWebKit/537.36 (KHTML, like Gecko) Chrome/101.0.4951.54 Safari/537.36"
93.162.98.150 - - [10/May/2022:20:51:22 +0000] "GET /wp-admin/js/media-upload.min.js?ver=5.9.3 HTTP/1.1" 200 983 "https://46.101.144.32/wp-admin/" "Mozilla/5.0 (Macintosh; Intel Mac OS X 10_15_7) AppleWebKit/537.36 (KHTML, like Gecko) Chrome/101.0.4951.54 Safari/537.36"
93.162.98.150 - - [10/May/2022:20:51:22 +0000] "GET /wp-admin/js/svg-painter.js?ver=5.9.3 HTTP/1.1" 200 2542 "https://46.101.144.32/wp-admin/" "Mozilla/5.0 (Macintosh; Intel Mac OS X 10_15_7) AppleWebKit/537.36 (KHTML, like Gecko) Chrome/101.0.4951.54 Safari/537.36"
