45.9.20.101 - - [10/May/2022:00:07:37 +0000] "POST /cgi-bin/.%2e/.%2e/.%2e/.%2e/bin/sh HTTP/1.1" 400 4980 "-" "Mozilla/5.0 (Windows NT 10.0; Win64; x64) AppleWebKit/537.36 (KHTML, like Gecko) Chrome/78.0.3904.108 Safari/537.36"
46.101.144.32 - - [10/May/2022:00:24:27 +0000] "POST /wp-cron.php?doing_wp_cron=1652142267.2804899215698242187500 HTTP/1.1" 200 4753 "https://46.101.144.32/wp-cron.php?doing_wp_cron=1652142267.2804899215698242187500" "WordPress/5.9.3; https://www.talmedos.com"
183.136.225.35 - - [10/May/2022:00:24:26 +0000] "GET / HTTP/1.1" 200 29971 "-" "Mozilla/5.0 (Macintosh; Intel Mac OS X 10.11; rv:47.0) Gecko/20100101 Firefox/47.0"
46.101.144.32 - - [10/May/2022:00:24:55 +0000] "POST /wp-cron.php?doing_wp_cron=1652142295.9745299816131591796875 HTTP/1.1" 200 4753 "https://46.101.144.32/wp-cron.php?doing_wp_cron=1652142295.9745299816131591796875" "WordPress/5.9.3; https://www.talmedos.com"
183.136.225.35 - - [10/May/2022:00:24:55 +0000] "GET /favicon.ico HTTP/1.1" 302 4302 "-" "Mozilla/5.0 (Windows NT 6.1; WOW64) AppleWebKit/537.36 (KHTML, like Gecko) Chrome/63.0.3239.132 Safari/537.36 QIHU 360SE"
46.101.144.32 - - [10/May/2022:01:14:36 +0000] "POST /wp-cron.php?doing_wp_cron=1652145276.8481440544128417968750 HTTP/1.1" 200 4753 "https://46.101.144.32/wp-cron.php?doing_wp_cron=1652145276.8481440544128417968750" "WordPress/5.9.3; https://www.talmedos.com"
128.14.134.134 - - [10/May/2022:01:14:36 +0000] "GET / HTTP/1.1" 301 4226 "-" "Mozilla/5.0 (Windows NT 10.0; Win64; x64) AppleWebKit/537.36 (KHTML, like Gecko) Chrome/60.0.3112.113 Safari/537.36"
46.101.144.32 - - [10/May/2022:01:25:02 +0000] "POST /wp-cron.php?doing_wp_cron=1652145902.9113740921020507812500 HTTP/1.1" 200 4753 "https://46.101.144.32/wp-cron.php?doing_wp_cron=1652145902.9113740921020507812500" "WordPress/5.9.3; https://www.talmedos.com"
192.241.213.113 - - [10/May/2022:01:25:02 +0000] "GET /owa/auth/logon.aspx?url=https%3a%2f%2f1%2fecp%2f HTTP/1.1" 404 33515 "-" "Mozilla/5.0 zgrab/0.x"
46.101.144.32 - - [10/May/2022:01:36:27 +0000] "POST /wp-cron.php?doing_wp_cron=1652146586.9889450073242187500000 HTTP/1.1" 200 4753 "https://46.101.144.32/wp-cron.php?doing_wp_cron=1652146586.9889450073242187500000" "WordPress/5.9.3; https://www.talmedos.com"
176.57.150.28 - - [10/May/2022:01:36:26 +0000] "GET / HTTP/1.1" 200 9282 "-" "Mozilla/5.0 (X11; Linux x86_64) AppleWebKit/537.36 (KHTML, like Gecko) Chrome/93.0.4577.63 Safari/537.36"
46.101.144.32 - - [10/May/2022:04:05:42 +0000] "POST /wp-cron.php?doing_wp_cron=1652155542.2194960117340087890625 HTTP/1.1" 200 4753 "https://46.101.144.32/wp-cron.php?doing_wp_cron=1652155542.2194960117340087890625" "WordPress/5.9.3; https://www.talmedos.com"
106.75.143.103 - - [10/May/2022:04:05:42 +0000] "GET / HTTP/1.1" 301 4184 "http://46.101.144.32:80/" "Mozilla/5.0"
106.75.143.103 - - [10/May/2022:04:05:44 +0000] "GET / HTTP/1.1" 200 9551 "https://46.101.144.32/" "Mozilla/5.0"
46.101.144.32 - - [10/May/2022:04:14:24 +0000] "POST /wp-cron.php?doing_wp_cron=1652156064.8565011024475097656250 HTTP/1.1" 200 4753 "https://46.101.144.32/wp-cron.php?doing_wp_cron=1652156064.8565011024475097656250" "WordPress/5.9.3; https://www.talmedos.com"
45.9.20.101 - - [10/May/2022:04:14:24 +0000] "GET /vendor/phpunit/phpunit/src/Util/PHP/eval-stdin.php HTTP/1.1" 404 34044 "http://46.101.144.32:80/vendor/phpunit/phpunit/src/Util/PHP/eval-stdin.php" "Mozilla/5.0 (Windows NT 10.0; Win64; x64) AppleWebKit/537.36 (KHTML, like Gecko) Chrome/78.0.3904.108 Safari/537.36"
46.101.144.32 - - [10/May/2022:04:24:17 +0000] "POST /wp-cron.php?doing_wp_cron=1652156657.3246428966522216796875 HTTP/1.1" 200 4753 "https://46.101.144.32/wp-cron.php?doing_wp_cron=1652156657.3246428966522216796875" "WordPress/5.9.3; https://www.talmedos.com"
98.167.144.182 - - [10/May/2022:04:24:17 +0000] "CONNECT checkip.amazonaws.com:443 HTTP/1.0" 404 34105 "-" "-"
46.101.144.32 - - [10/May/2022:04:25:56 +0000] "POST /wp-cron.php?doing_wp_cron=1652156756.6452250480651855468750 HTTP/1.1" 200 4753 "https://46.101.144.32/wp-cron.php?doing_wp_cron=1652156756.6452250480651855468750" "WordPress/5.9.3; https://www.talmedos.com"
195.208.92.8 - - [10/May/2022:04:25:56 +0000] "GET /.env HTTP/1.1" 301 4923 "-" "Mozilla/5.0 (X11; Linux x86_64) AppleWebKit/537.36 (KHTML, like Gecko) Chrome/81.0.4044.129 Safari/537.36"
195.208.92.8 - - [10/May/2022:04:25:57 +0000] "GET /vendor/.env HTTP/1.1" 301 4930 "-" "Mozilla/5.0 (X11; Linux x86_64) AppleWebKit/537.36 (KHTML, like Gecko) Chrome/81.0.4044.129 Safari/537.36"
195.208.92.8 - - [10/May/2022:04:25:58 +0000] "GET /storage/.env HTTP/1.1" 301 4931 "-" "Mozilla/5.0 (X11; Linux x86_64) AppleWebKit/537.36 (KHTML, like Gecko) Chrome/81.0.4044.129 Safari/537.36"
195.208.92.8 - - [10/May/2022:04:25:59 +0000] "GET /public/.env HTTP/1.1" 301 4930 "-" "Mozilla/5.0 (X11; Linux x86_64) AppleWebKit/537.36 (KHTML, like Gecko) Chrome/81.0.4044.129 Safari/537.36"
195.208.92.8 - - [10/May/2022:04:26:00 +0000] "GET /info.php HTTP/1.1" 301 4927 "-" "Mozilla/5.0 (X11; Linux x86_64) AppleWebKit/537.36 (KHTML, like Gecko) Chrome/81.0.4044.129 Safari/537.36"
195.208.92.8 - - [10/May/2022:04:26:01 +0000] "GET /phpinfo.php HTTP/1.1" 301 4930 "-" "Mozilla/5.0 (X11; Linux x86_64) AppleWebKit/537.36 (KHTML, like Gecko) Chrome/81.0.4044.129 Safari/537.36"
195.208.92.8 - - [10/May/2022:04:26:02 +0000] "GET /info HTTP/1.1" 301 4923 "-" "Mozilla/5.0 (X11; Linux x86_64) AppleWebKit/537.36 (KHTML, like Gecko) Chrome/81.0.4044.129 Safari/537.36"
195.208.92.8 - - [10/May/2022:04:26:03 +0000] "POST / HTTP/1.1" 200 10179 "-" "Mozilla/5.0 (X11; Linux x86_64) AppleWebKit/537.36 (KHTML, like Gecko) Chrome/81.0.4044.129 Safari/537.36"
46.101.144.32 - - [10/May/2022:04:36:40 +0000] "POST /wp-cron.php?doing_wp_cron=1652157400.6407020092010498046875 HTTP/1.1" 200 4753 "https://46.101.144.32/wp-cron.php?doing_wp_cron=1652157400.6407020092010498046875" "WordPress/5.9.3; https://www.talmedos.com"
45.9.20.101 - - [10/May/2022:04:36:40 +0000] "GET /vendor/phpunit/phpunit/src/Util/PHP/eval-stdin.php HTTP/1.1" 404 34044 "http://46.101.144.32:80/vendor/phpunit/phpunit/src/Util/PHP/eval-stdin.php" "Mozilla/5.0 (Windows NT 10.0; Win64; x64) AppleWebKit/537.36 (KHTML, like Gecko) Chrome/78.0.3904.108 Safari/537.36"
46.101.144.32 - - [10/May/2022:04:46:09 +0000] "POST /wp-cron.php?doing_wp_cron=1652157968.9936189651489257812500 HTTP/1.1" 200 4753 "https://46.101.144.32/wp-cron.php?doing_wp_cron=1652157968.9936189651489257812500" "WordPress/5.9.3; https://www.talmedos.com"
185.174.29.200 - - [10/May/2022:04:46:08 +0000] "GET /asdf.php HTTP/1.1" 301 4927 "-" "Mozilla/5.0 (X11; Linux x86_64) AppleWebKit/537.36 (KHTML, like Gecko) Chrome/81.0.4044.129 Safari/537.36"
185.174.29.200 - - [10/May/2022:04:46:14 +0000] "POST /asdf.php HTTP/1.1" 404 34180 "-" "Mozilla/5.0 (X11; Linux x86_64) AppleWebKit/537.36 (KHTML, like Gecko) Chrome/81.0.4044.129 Safari/537.36"
46.101.144.32 - - [10/May/2022:05:13:24 +0000] "POST /wp-cron.php?doing_wp_cron=1652159604.1783421039581298828125 HTTP/1.1" 200 4753 "https://46.101.144.32/wp-cron.php?doing_wp_cron=1652159604.1783421039581298828125" "WordPress/5.9.3; https://www.talmedos.com"
45.9.20.101 - - [10/May/2022:05:13:24 +0000] "GET /solr/admin/info/system?wt=json HTTP/1.1" 404 34044 "http://46.101.144.32:80/solr/admin/info/system?wt=json" "Mozilla/5.0 (Windows NT 10.0; Win64; x64) AppleWebKit/537.36 (KHTML, like Gecko) Chrome/78.0.3904.108 Safari/537.36"
46.101.144.32 - - [10/May/2022:05:21:59 +0000] "POST /wp-cron.php?doing_wp_cron=1652160119.6514599323272705078125 HTTP/1.1" 200 4753 "https://46.101.144.32/wp-cron.php?doing_wp_cron=1652160119.6514599323272705078125" "WordPress/5.9.3; https://www.talmedos.com"
45.9.20.101 - - [10/May/2022:05:21:59 +0000] "GET /index.php?s=/Index/\\think\\app/invokefunction&function=call_user_func_array&vars[0]=md5&vars[1][]=HelloThinkPHP21 HTTP/1.1" 302 4728 "http://46.101.144.32:80/index.php?s=/Index/\\think\\app/invokefunction&function=call_user_func_array&vars[0]=md5&vars[1][]=HelloThinkPHP21" "Mozilla/5.0 (Windows NT 10.0; Win64; x64) AppleWebKit/537.36 (KHTML, like Gecko) Chrome/78.0.3904.108 Safari/537.36"
45.9.20.101 - - [10/May/2022:05:22:00 +0000] "GET / HTTP/1.1" 200 10094 "https://46.101.144.32/index.php?s=/Index/\\think\\app/invokefunction&function=call_user_func_array&vars[0]=md5&vars[1][]=HelloThinkPHP21" "Mozilla/5.0 (Windows NT 10.0; Win64; x64) AppleWebKit/537.36 (KHTML, like Gecko) Chrome/78.0.3904.108 Safari/537.36"
46.101.144.32 - - [10/May/2022:05:46:49 +0000] "POST /wp-cron.php?doing_wp_cron=1652161608.9233629703521728515625 HTTP/1.1" 200 4753 "https://46.101.144.32/wp-cron.php?doing_wp_cron=1652161608.9233629703521728515625" "WordPress/5.9.3; https://www.talmedos.com"
128.14.134.170 - - [10/May/2022:05:46:48 +0000] "GET / HTTP/1.1" 301 4226 "-" "Mozilla/5.0 (Windows NT 10.0; Win64; x64) AppleWebKit/537.36 (KHTML, like Gecko) Chrome/60.0.3112.113 Safari/537.36"
128.14.134.170 - - [10/May/2022:05:46:50 +0000] "GET / HTTP/1.1" 200 9628 "https://46.101.144.32/" "Mozilla/5.0 (Windows NT 10.0; Win64; x64) AppleWebKit/537.36 (KHTML, like Gecko) Chrome/60.0.3112.113 Safari/537.36"
46.101.144.32 - - [10/May/2022:06:13:10 +0000] "POST /wp-cron.php?doing_wp_cron=1652163190.3045089244842529296875 HTTP/1.1" 200 4753 "https://46.101.144.32/wp-cron.php?doing_wp_cron=1652163190.3045089244842529296875" "WordPress/5.9.3; https://www.talmedos.com"
45.9.20.101 - - [10/May/2022:06:13:10 +0000] "GET / HTTP/1.1" 200 10088 "-" "Mozilla/5.0 (Windows NT 10.0; Win64; x64) AppleWebKit/537.36 (KHTML, like Gecko) Chrome/78.0.3904.108 Safari/537.36"
185.189.182.234 - - [10/May/2022:06:16:01 +0000] "GET /tqC4 HTTP/1.1" 400 4446 "-" "-"
46.101.144.32 - - [10/May/2022:06:18:05 +0000] "POST /wp-cron.php?doing_wp_cron=1652163485.7691481113433837890625 HTTP/1.1" 200 4753 "https://46.101.144.32/wp-cron.php?doing_wp_cron=1652163485.7691481113433837890625" "WordPress/5.9.3; https://www.talmedos.com"
192.241.222.24 - - [10/May/2022:06:18:05 +0000] "GET /ecp/Current/exporttool/microsoft.exchange.ediscovery.exporttool.application HTTP/1.1" 404 33515 "-" "Mozilla/5.0 zgrab/0.x"
192.241.220.215 - - [10/May/2022:06:18:09 +0000] "GET /owa/auth/x.js HTTP/1.1" 404 33515 "-" "Mozilla/5.0 zgrab/0.x"
46.101.144.32 - - [10/May/2022:06:20:32 +0000] "POST /wp-cron.php?doing_wp_cron=1652163632.6043989658355712890625 HTTP/1.1" 200 4753 "https://46.101.144.32/wp-cron.php?doing_wp_cron=1652163632.6043989658355712890625" "WordPress/5.9.3; https://www.talmedos.com"
192.241.223.11 - - [10/May/2022:06:20:32 +0000] "GET /owa/auth/logon.aspx HTTP/1.1" 404 33515 "-" "Mozilla/5.0 zgrab/0.x"
46.101.144.32 - - [10/May/2022:06:57:41 +0000] "POST /wp-cron.php?doing_wp_cron=1652165861.0187690258026123046875 HTTP/1.1" 200 4753 "https://46.101.144.32/wp-cron.php?doing_wp_cron=1652165861.0187690258026123046875" "WordPress/5.9.3; https://www.talmedos.com"
93.162.98.150 - - [10/May/2022:06:57:40 +0000] "GET / HTTP/1.1" 200 10178 "-" "Mozilla/5.0 (Macintosh; Intel Mac OS X 10_15_7) AppleWebKit/537.36 (KHTML, like Gecko) Chrome/101.0.4951.54 Safari/537.36"
93.162.98.150 - - [10/May/2022:06:57:41 +0000] "GET /wp-includes/css/dist/block-library/style.min.css?ver=5.9.3 HTTP/1.1" 200 16151 "https://www.talmedos.com/" "Mozilla/5.0 (Macintosh; Intel Mac OS X 10_15_7) AppleWebKit/537.36 (KHTML, like Gecko) Chrome/101.0.4951.54 Safari/537.36"
93.162.98.150 - - [10/May/2022:06:57:41 +0000] "GET /wp-content/themes/twentytwentyone/style.css?ver=1.5 HTTP/1.1" 200 27804 "https://www.talmedos.com/" "Mozilla/5.0 (Macintosh; Intel Mac OS X 10_15_7) AppleWebKit/537.36 (KHTML, like Gecko) Chrome/101.0.4951.54 Safari/537.36"
93.162.98.150 - - [10/May/2022:06:57:41 +0000] "GET /wp-content/themes/twentytwentyone/assets/css/print.css?ver=1.5 HTTP/1.1" 200 1442 "https://www.talmedos.com/" "Mozilla/5.0 (Macintosh; Intel Mac OS X 10_15_7) AppleWebKit/537.36 (KHTML, like Gecko) Chrome/101.0.4951.54 Safari/537.36"
93.162.98.150 - - [10/May/2022:06:57:41 +0000] "GET /wp-includes/js/wp-emoji-release.min.js?ver=5.9.3 HTTP/1.1" 200 5347 "https://www.talmedos.com/" "Mozilla/5.0 (Macintosh; Intel Mac OS X 10_15_7) AppleWebKit/537.36 (KHTML, like Gecko) Chrome/101.0.4951.54 Safari/537.36"
93.162.98.150 - - [10/May/2022:06:58:14 +0000] "GET /?s=Dansk+guldalder+1800+tallet HTTP/1.1" 302 806 "https://www.talmedos.com/" "Mozilla/5.0 (Macintosh; Intel Mac OS X 10_15_7) AppleWebKit/537.36 (KHTML, like Gecko) Chrome/101.0.4951.54 Safari/537.36"
93.162.98.150 - - [10/May/2022:06:58:14 +0000] "GET / HTTP/1.1" 200 5660 "https://www.talmedos.com/" "Mozilla/5.0 (Macintosh; Intel Mac OS X 10_15_7) AppleWebKit/537.36 (KHTML, like Gecko) Chrome/101.0.4951.54 Safari/537.36"
93.162.98.150 - - [10/May/2022:06:58:14 +0000] "GET /wp-includes/css/dist/block-library/style.min.css?ver=5.9.3 HTTP/1.1" 200 16151 "https://www.talmedos.com/" "Mozilla/5.0 (Macintosh; Intel Mac OS X 10_15_7) AppleWebKit/537.36 (KHTML, like Gecko) Chrome/101.0.4951.54 Safari/537.36"
93.162.98.150 - - [10/May/2022:06:58:14 +0000] "GET /wp-content/themes/twentytwentyone/style.css?ver=1.5 HTTP/1.1" 200 27804 "https://www.talmedos.com/" "Mozilla/5.0 (Macintosh; Intel Mac OS X 10_15_7) AppleWebKit/537.36 (KHTML, like Gecko) Chrome/101.0.4951.54 Safari/537.36"
93.162.98.150 - - [10/May/2022:06:58:14 +0000] "GET /wp-includes/js/wp-emoji-release.min.js?ver=5.9.3 HTTP/1.1" 200 9865 "https://www.talmedos.com/" "Mozilla/5.0 (Macintosh; Intel Mac OS X 10_15_7) AppleWebKit/537.36 (KHTML, like Gecko) Chrome/101.0.4951.54 Safari/537.36"
93.162.98.150 - - [10/May/2022:06:58:14 +0000] "GET /wp-content/themes/twentytwentyone/assets/css/print.css?ver=1.5 HTTP/1.1" 200 5960 "https://www.talmedos.com/" "Mozilla/5.0 (Macintosh; Intel Mac OS X 10_15_7) AppleWebKit/537.36 (KHTML, like Gecko) Chrome/101.0.4951.54 Safari/537.36"
46.101.144.32 - - [10/May/2022:06:58:38 +0000] "POST /wp-cron.php?doing_wp_cron=1652165918.5902230739593505859375 HTTP/1.1" 200 4753 "https://46.101.144.32/wp-cron.php?doing_wp_cron=1652165918.5902230739593505859375" "WordPress/5.9.3; https://www.talmedos.com"
93.162.98.150 - - [10/May/2022:06:58:38 +0000] "GET /?s=Go+to+my+porn-site+http%3A%2F%2Fwww.lookatme.com HTTP/1.1" 302 806 "https://www.talmedos.com/" "Mozilla/5.0 (Macintosh; Intel Mac OS X 10_15_7) AppleWebKit/537.36 (KHTML, like Gecko) Chrome/101.0.4951.54 Safari/537.36"
93.162.98.150 - - [10/May/2022:06:58:38 +0000] "GET / HTTP/1.1" 200 5660 "https://www.talmedos.com/" "Mozilla/5.0 (Macintosh; Intel Mac OS X 10_15_7) AppleWebKit/537.36 (KHTML, like Gecko) Chrome/101.0.4951.54 Safari/537.36"
93.162.98.150 - - [10/May/2022:06:58:39 +0000] "GET /wp-includes/css/dist/block-library/style.min.css?ver=5.9.3 HTTP/1.1" 200 16151 "https://www.talmedos.com/" "Mozilla/5.0 (Macintosh; Intel Mac OS X 10_15_7) AppleWebKit/537.36 (KHTML, like Gecko) Chrome/101.0.4951.54 Safari/537.36"
93.162.98.150 - - [10/May/2022:06:58:39 +0000] "GET /wp-content/themes/twentytwentyone/style.css?ver=1.5 HTTP/1.1" 200 27804 "https://www.talmedos.com/" "Mozilla/5.0 (Macintosh; Intel Mac OS X 10_15_7) AppleWebKit/537.36 (KHTML, like Gecko) Chrome/101.0.4951.54 Safari/537.36"
93.162.98.150 - - [10/May/2022:06:58:39 +0000] "GET /wp-includes/js/wp-emoji-release.min.js?ver=5.9.3 HTTP/1.1" 200 9865 "https://www.talmedos.com/" "Mozilla/5.0 (Macintosh; Intel Mac OS X 10_15_7) AppleWebKit/537.36 (KHTML, like Gecko) Chrome/101.0.4951.54 Safari/537.36"
93.162.98.150 - - [10/May/2022:06:58:39 +0000] "GET /wp-content/themes/twentytwentyone/assets/css/print.css?ver=1.5 HTTP/1.1" 200 5960 "https://www.talmedos.com/" "Mozilla/5.0 (Macintosh; Intel Mac OS X 10_15_7) AppleWebKit/537.36 (KHTML, like Gecko) Chrome/101.0.4951.54 Safari/537.36"
93.162.98.150 - - [10/May/2022:06:58:48 +0000] "GET /?s=delete+*+from+customers HTTP/1.1" 302 806 "https://www.talmedos.com/" "Mozilla/5.0 (Macintosh; Intel Mac OS X 10_15_7) AppleWebKit/537.36 (KHTML, like Gecko) Chrome/101.0.4951.54 Safari/537.36"
93.162.98.150 - - [10/May/2022:06:58:48 +0000] "GET / HTTP/1.1" 200 5660 "https://www.talmedos.com/" "Mozilla/5.0 (Macintosh; Intel Mac OS X 10_15_7) AppleWebKit/537.36 (KHTML, like Gecko) Chrome/101.0.4951.54 Safari/537.36"
93.162.98.150 - - [10/May/2022:06:58:48 +0000] "GET /wp-includes/css/dist/block-library/style.min.css?ver=5.9.3 HTTP/1.1" 200 16151 "https://www.talmedos.com/" "Mozilla/5.0 (Macintosh; Intel Mac OS X 10_15_7) AppleWebKit/537.36 (KHTML, like Gecko) Chrome/101.0.4951.54 Safari/537.36"
93.162.98.150 - - [10/May/2022:06:58:48 +0000] "GET /wp-content/themes/twentytwentyone/style.css?ver=1.5 HTTP/1.1" 200 27804 "https://www.talmedos.com/" "Mozilla/5.0 (Macintosh; Intel Mac OS X 10_15_7) AppleWebKit/537.36 (KHTML, like Gecko) Chrome/101.0.4951.54 Safari/537.36"
93.162.98.150 - - [10/May/2022:06:58:48 +0000] "GET /wp-includes/js/wp-emoji-release.min.js?ver=5.9.3 HTTP/1.1" 200 9865 "https://www.talmedos.com/" "Mozilla/5.0 (Macintosh; Intel Mac OS X 10_15_7) AppleWebKit/537.36 (KHTML, like Gecko) Chrome/101.0.4951.54 Safari/537.36"
93.162.98.150 - - [10/May/2022:06:58:48 +0000] "GET /wp-content/themes/twentytwentyone/assets/css/print.css?ver=1.5 HTTP/1.1" 200 5960 "https://www.talmedos.com/" "Mozilla/5.0 (Macintosh; Intel Mac OS X 10_15_7) AppleWebKit/537.36 (KHTML, like Gecko) Chrome/101.0.4951.54 Safari/537.36"
46.101.144.32 - - [10/May/2022:07:14:38 +0000] "POST /wp-cron.php?doing_wp_cron=1652166878.6637070178985595703125 HTTP/1.1" 200 4753 "https://46.101.144.32/wp-cron.php?doing_wp_cron=1652166878.6637070178985595703125" "WordPress/5.9.3; https://www.talmedos.com"
45.9.20.101 - - [10/May/2022:07:14:38 +0000] "GET /?a=fetch&content=<php>die(@md5(HelloThinkCMF))</php> HTTP/1.1" 200 10088 "http://46.101.144.32:80/?a=fetch&content=<php>die(@md5(HelloThinkCMF))</php>" "Mozilla/5.0 (Windows NT 10.0; Win64; x64) AppleWebKit/537.36 (KHTML, like Gecko) Chrome/78.0.3904.108 Safari/537.36"
46.101.144.32 - - [10/May/2022:07:36:43 +0000] "POST /wp-cron.php?doing_wp_cron=1652168202.9848830699920654296875 HTTP/1.1" 200 4753 "https://46.101.144.32/wp-cron.php?doing_wp_cron=1652168202.9848830699920654296875" "WordPress/5.9.3; https://www.talmedos.com"
185.180.143.141 - - [10/May/2022:07:36:42 +0000] "GET / HTTP/1.1" 301 4184 "http://46.101.144.32/" "Mozilla/5.0 (Windows NT 10.0; Win64; x64) AppleWebKit/537.36 (KHTML, like Gecko) Chrome/60.0.3112.113 Safari/537.36"
185.180.143.141 - - [10/May/2022:07:36:43 +0000] "GET / HTTP/1.1" 200 9551 "https://46.101.144.32/" "Mozilla/5.0 (Windows NT 10.0; Win64; x64) AppleWebKit/537.36 (KHTML, like Gecko) Chrome/60.0.3112.113 Safari/537.36"
46.101.144.32 - - [10/May/2022:07:47:27 +0000] "POST /wp-cron.php?doing_wp_cron=1652168847.8740799427032470703125 HTTP/1.1" 200 4753 "https://46.101.144.32/wp-cron.php?doing_wp_cron=1652168847.8740799427032470703125" "WordPress/5.9.3; https://www.talmedos.com"
162.142.125.9 - - [10/May/2022:07:47:27 +0000] "GET / HTTP/1.1" 301 4722 "-" "Mozilla/5.0 (compatible; CensysInspect/1.1; +https://about.censys.io/)"
162.142.125.9 - - [10/May/2022:07:47:28 +0000] "GET / HTTP/1.1" 200 10075 "-" "Mozilla/5.0 (compatible; CensysInspect/1.1; +https://about.censys.io/)"
46.101.144.32 - - [10/May/2022:07:49:09 +0000] "POST /wp-cron.php?doing_wp_cron=1652168949.1423718929290771484375 HTTP/1.1" 200 4753 "https://46.101.144.32/wp-cron.php?doing_wp_cron=1652168949.1423718929290771484375" "WordPress/5.9.3; https://www.talmedos.com"
45.9.20.101 - - [10/May/2022:07:49:09 +0000] "GET /?XDEBUG_SESSION_START=phpstorm HTTP/1.1" 301 4771 "http://46.101.144.32:80/?XDEBUG_SESSION_START=phpstorm" "Mozilla/5.0 (Windows NT 10.0; Win64; x64) AppleWebKit/537.36 (KHTML, like Gecko) Chrome/78.0.3904.108 Safari/537.36"
45.9.20.101 - - [10/May/2022:07:49:10 +0000] "GET /?XDEBUG_SESSION_START=phpstorm HTTP/1.1" 200 10094 "https://46.101.144.32/?XDEBUG_SESSION_START=phpstorm" "Mozilla/5.0 (Windows NT 10.0; Win64; x64) AppleWebKit/537.36 (KHTML, like Gecko) Chrome/78.0.3904.108 Safari/537.36"
46.101.144.32 - - [10/May/2022:08:05:48 +0000] "POST /wp-cron.php?doing_wp_cron=1652169948.7297151088714599609375 HTTP/1.1" 200 4753 "https://46.101.144.32/wp-cron.php?doing_wp_cron=1652169948.7297151088714599609375" "WordPress/5.9.3; https://www.talmedos.com"
45.9.20.101 - - [10/May/2022:08:05:48 +0000] "GET /console/ HTTP/1.1" 404 34044 "http://46.101.144.32:80/console/" "Mozilla/5.0 (Windows NT 10.0; Win64; x64) AppleWebKit/537.36 (KHTML, like Gecko) Chrome/78.0.3904.108 Safari/537.36"
46.101.144.32 - - [10/May/2022:08:07:32 +0000] "POST /wp-cron.php?doing_wp_cron=1652170052.3386499881744384765625 HTTP/1.1" 200 4753 "https://46.101.144.32/wp-cron.php?doing_wp_cron=1652170052.3386499881744384765625" "WordPress/5.9.3; https://www.talmedos.com"
5.62.62.25 - - [10/May/2022:08:07:32 +0000] "GET /.env HTTP/1.1" 404 34129 "-" "Mozilla/5.0 (X11; Linux x86_64) AppleWebKit/537.36 (KHTML, like Gecko) Chrome/81.0.4044.129 Safari/537.36"
5.62.62.25 - - [10/May/2022:08:07:33 +0000] "POST / HTTP/1.1" 200 10173 "-" "Mozilla/5.0 (X11; Linux x86_64) AppleWebKit/537.36 (KHTML, like Gecko) Chrome/81.0.4044.129 Safari/537.36"
46.101.144.32 - - [10/May/2022:08:50:34 +0000] "POST /wp-cron.php?doing_wp_cron=1652172634.4143240451812744140625 HTTP/1.1" 200 4753 "https://46.101.144.32/wp-cron.php?doing_wp_cron=1652172634.4143240451812744140625" "WordPress/5.9.3; https://www.talmedos.com"
45.9.20.101 - - [10/May/2022:08:50:34 +0000] "GET /Autodiscover/Autodiscover.xml HTTP/1.1" 404 34044 "http://46.101.144.32:80/Autodiscover/Autodiscover.xml" "Mozilla/5.0 (Windows NT 10.0; Win64; x64) AppleWebKit/537.36 (KHTML, like Gecko) Chrome/78.0.3904.108 Safari/537.36"
46.101.144.32 - - [10/May/2022:09:06:29 +0000] "POST /wp-cron.php?doing_wp_cron=1652173589.7557039260864257812500 HTTP/1.1" 200 4753 "https://46.101.144.32/wp-cron.php?doing_wp_cron=1652173589.7557039260864257812500" "WordPress/5.9.3; https://www.talmedos.com"
193.118.53.210 - - [10/May/2022:09:06:29 +0000] "GET / HTTP/1.1" 301 4226 "-" "Mozilla/5.0 (Windows NT 10.0; Win64; x64) AppleWebKit/537.36 (KHTML, like Gecko) Chrome/60.0.3112.113 Safari/537.36"
193.118.53.210 - - [10/May/2022:09:06:29 +0000] "GET / HTTP/1.1" 200 9628 "https://46.101.144.32/" "Mozilla/5.0 (Windows NT 10.0; Win64; x64) AppleWebKit/537.36 (KHTML, like Gecko) Chrome/60.0.3112.113 Safari/537.36"
46.101.144.32 - - [10/May/2022:09:08:44 +0000] "POST /wp-cron.php?doing_wp_cron=1652173723.9928100109100341796875 HTTP/1.1" 200 4753 "https://46.101.144.32/wp-cron.php?doing_wp_cron=1652173723.9928100109100341796875" "WordPress/5.9.3; https://www.talmedos.com"
213.140.195.68 - - [10/May/2022:09:08:43 +0000] "GET / HTTP/1.0" 301 4438 "-" "-"
46.101.144.32 - - [10/May/2022:09:18:50 +0000] "POST /wp-cron.php?doing_wp_cron=1652174330.6251239776611328125000 HTTP/1.1" 200 4753 "https://46.101.144.32/wp-cron.php?doing_wp_cron=1652174330.6251239776611328125000" "WordPress/5.9.3; https://www.talmedos.com"
103.153.254.110 - - [10/May/2022:09:18:50 +0000] "GET / HTTP/1.1" 200 9499 "-" "Mozilla/5.0 (X11; Ubuntu; Linux x86_64; rv:76.0) Gecko/20100101 Firefox/76.0"
46.101.144.32 - - [10/May/2022:09:24:57 +0000] "POST /wp-cron.php?doing_wp_cron=1652174697.9367189407348632812500 HTTP/1.1" 200 4753 "https://46.101.144.32/wp-cron.php?doing_wp_cron=1652174697.9367189407348632812500" "WordPress/5.9.3; https://www.talmedos.com"
45.9.20.101 - - [10/May/2022:09:24:57 +0000] "GET /_ignition/execute-solution HTTP/1.1" 404 34044 "http://46.101.144.32:80/_ignition/execute-solution" "Mozilla/5.0 (Windows NT 10.0; Win64; x64) AppleWebKit/537.36 (KHTML, like Gecko) Chrome/78.0.3904.108 Safari/537.36"
46.101.144.32 - - [10/May/2022:09:27:17 +0000] "POST /wp-cron.php?doing_wp_cron=1652174837.4219629764556884765625 HTTP/1.1" 200 4753 "https://46.101.144.32/wp-cron.php?doing_wp_cron=1652174837.4219629764556884765625" "WordPress/5.9.3; https://www.talmedos.com"
93.162.98.150 - - [10/May/2022:09:27:17 +0000] "GET / HTTP/1.1" 200 10178 "-" "Mozilla/5.0 (Macintosh; Intel Mac OS X 10_15_7) AppleWebKit/537.36 (KHTML, like Gecko) Chrome/101.0.4951.54 Safari/537.36"
93.162.98.150 - - [10/May/2022:09:27:18 +0000] "GET /wp-includes/css/dist/block-library/style.min.css?ver=5.9.3 HTTP/1.1" 200 16151 "https://www.talmedos.com/" "Mozilla/5.0 (Macintosh; Intel Mac OS X 10_15_7) AppleWebKit/537.36 (KHTML, like Gecko) Chrome/101.0.4951.54 Safari/537.36"
93.162.98.150 - - [10/May/2022:09:27:18 +0000] "GET /wp-includes/js/wp-emoji-release.min.js?ver=5.9.3 HTTP/1.1" 200 9865 "https://www.talmedos.com/" "Mozilla/5.0 (Macintosh; Intel Mac OS X 10_15_7) AppleWebKit/537.36 (KHTML, like Gecko) Chrome/101.0.4951.54 Safari/537.36"
93.162.98.150 - - [10/May/2022:09:27:18 +0000] "GET /wp-content/themes/twentytwentyone/style.css?ver=1.5 HTTP/1.1" 200 27804 "https://www.talmedos.com/" "Mozilla/5.0 (Macintosh; Intel Mac OS X 10_15_7) AppleWebKit/537.36 (KHTML, like Gecko) Chrome/101.0.4951.54 Safari/537.36"
93.162.98.150 - - [10/May/2022:09:27:18 +0000] "GET /wp-content/themes/twentytwentyone/assets/css/print.css?ver=1.5 HTTP/1.1" 200 5960 "https://www.talmedos.com/" "Mozilla/5.0 (Macintosh; Intel Mac OS X 10_15_7) AppleWebKit/537.36 (KHTML, like Gecko) Chrome/101.0.4951.54 Safari/537.36"
46.101.144.32 - - [10/May/2022:09:44:15 +0000] "POST /wp-cron.php?doing_wp_cron=1652175855.4799559116363525390625 HTTP/1.1" 200 4753 "https://46.101.144.32/wp-cron.php?doing_wp_cron=1652175855.4799559116363525390625" "WordPress/5.9.3; https://www.talmedos.com"
45.9.20.101 - - [10/May/2022:09:44:15 +0000] "GET / HTTP/1.1" 301 4741 "http://46.101.144.32:80" "Mozilla/5.0 (Windows NT 10.0; Win64; x64) AppleWebKit/537.36 (KHTML, like Gecko) Chrome/78.0.3904.108 Safari/537.36"
46.101.144.32 - - [10/May/2022:09:48:24 +0000] "GET / HTTP/1.1" 200 10189 "https://www.talmedos.com/" "WordPress/5.9.3; https://www.talmedos.com"
162.142.125.220 - - [10/May/2022:09:48:24 +0000] "GET / HTTP/1.1" 200 29687 "-" "-"
162.142.125.220 - - [10/May/2022:09:48:25 +0000] "GET / HTTP/1.1" 301 4722 "-" "Mozilla/5.0 (compatible; CensysInspect/1.1; +https://about.censys.io/)"
162.142.125.220 - - [10/May/2022:09:48:26 +0000] "GET / HTTP/1.1" 200 10075 "-" "Mozilla/5.0 (compatible; CensysInspect/1.1; +https://about.censys.io/)"
46.101.144.32 - - [10/May/2022:09:48:24 +0000] "POST /wp-cron.php?doing_wp_cron=1652176104.3022689819335937500000 HTTP/1.1" 200 4753 "https://46.101.144.32/wp-cron.php?doing_wp_cron=1652176104.3022689819335937500000" "WordPress/5.9.3; https://www.talmedos.com"
46.101.144.32 - - [10/May/2022:10:34:59 +0000] "POST /wp-cron.php?doing_wp_cron=1652178899.1201059818267822265625 HTTP/1.1" 200 4753 "https://46.101.144.32/wp-cron.php?doing_wp_cron=1652178899.1201059818267822265625" "WordPress/5.9.3; https://www.talmedos.com"
5.62.62.25 - - [10/May/2022:10:34:59 +0000] "GET /.env HTTP/1.1" 404 34129 "-" "Mozilla/5.0 (X11; Linux x86_64) AppleWebKit/537.36 (KHTML, like Gecko) Chrome/81.0.4044.129 Safari/537.36"
5.62.62.25 - - [10/May/2022:10:35:01 +0000] "POST / HTTP/1.1" 200 10173 "-" "Mozilla/5.0 (X11; Linux x86_64) AppleWebKit/537.36 (KHTML, like Gecko) Chrome/81.0.4044.129 Safari/537.36"
46.101.144.32 - - [10/May/2022:10:38:00 +0000] "POST /wp-cron.php?doing_wp_cron=1652179080.8956320285797119140625 HTTP/1.1" 200 4753 "https://46.101.144.32/wp-cron.php?doing_wp_cron=1652179080.8956320285797119140625" "WordPress/5.9.3; https://www.talmedos.com"
23.251.102.74 - - [10/May/2022:10:38:00 +0000] "GET / HTTP/1.1" 301 4184 "http://46.101.144.32/" "Mozilla/5.0 (Windows NT 10.0; Win64; x64) AppleWebKit/537.36 (KHTML, like Gecko) Chrome/60.0.3112.113 Safari/537.36"
23.251.102.74 - - [10/May/2022:10:38:01 +0000] "GET / HTTP/1.1" 200 9551 "https://46.101.144.32/" "Mozilla/5.0 (Windows NT 10.0; Win64; x64) AppleWebKit/537.36 (KHTML, like Gecko) Chrome/60.0.3112.113 Safari/537.36"
46.101.144.32 - - [10/May/2022:11:05:40 +0000] "POST /wp-cron.php?doing_wp_cron=1652180740.4534170627593994140625 HTTP/1.1" 200 4753 "https://46.101.144.32/wp-cron.php?doing_wp_cron=1652180740.4534170627593994140625" "WordPress/5.9.3; https://www.talmedos.com"
20.55.53.144 - - [10/May/2022:11:05:40 +0000] "GET /c3gAoJFikNuqeHwtxdT05WUfMEF HTTP/1.1" 404 34073 "-" "Mozilla/5.0 (Windows NT 10.0; Win64; x64) AppleWebKit/537.36 (KHTML, like Gecko) Chrome/79.0.3945.117 Safari/537.36"
46.101.144.32 - - [10/May/2022:11:31:53 +0000] "POST /wp-cron.php?doing_wp_cron=1652182313.2347390651702880859375 HTTP/1.1" 200 4753 "https://46.101.144.32/wp-cron.php?doing_wp_cron=1652182313.2347390651702880859375" "WordPress/5.9.3; https://www.talmedos.com"
45.9.20.101 - - [10/May/2022:11:31:53 +0000] "GET / HTTP/1.1" 301 4741 "http://46.101.144.32:80/" "Mozilla/5.0 (Windows NT 10.0; Win64; x64) AppleWebKit/537.36 (KHTML, like Gecko) Chrome/78.0.3904.108 Safari/537.36"
45.9.20.101 - - [10/May/2022:11:31:58 +0000] "GET / HTTP/1.1" 200 10094 "https://46.101.144.32/" "Mozilla/5.0 (Windows NT 10.0; Win64; x64) AppleWebKit/537.36 (KHTML, like Gecko) Chrome/78.0.3904.108 Safari/537.36"
46.101.144.32 - - [10/May/2022:11:53:19 +0000] "POST /wp-cron.php?doing_wp_cron=1652183599.6429500579833984375000 HTTP/1.1" 200 4753 "https://46.101.144.32/wp-cron.php?doing_wp_cron=1652183599.6429500579833984375000" "WordPress/5.9.3; https://www.talmedos.com"
45.9.20.101 - - [10/May/2022:11:53:19 +0000] "GET /actuator/gateway/routes HTTP/1.1" 404 34044 "http://46.101.144.32:80/actuator/gateway/routes" "Mozilla/5.0 (Windows NT 10.0; Win64; x64) AppleWebKit/537.36 (KHTML, like Gecko) Chrome/78.0.3904.108 Safari/537.36"
46.101.144.32 - - [10/May/2022:12:15:31 +0000] "POST /wp-cron.php?doing_wp_cron=1652184931.6738529205322265625000 HTTP/1.1" 200 4753 "https://46.101.144.32/wp-cron.php?doing_wp_cron=1652184931.6738529205322265625000" "WordPress/5.9.3; https://www.talmedos.com"
170.130.187.18 - - [10/May/2022:12:15:31 +0000] "GET / HTTP/1.1" 301 4184 "http://46.101.144.32:80/" "https://gdnplus.com:Gather Analyze Provide."
170.130.187.18 - - [10/May/2022:12:15:32 +0000] "GET / HTTP/1.1" 200 29228 "-" "https://gdnplus.com:Gather Analyze Provide."
46.101.144.32 - - [10/May/2022:12:34:29 +0000] "POST /wp-cron.php?doing_wp_cron=1652186069.0124769210815429687500 HTTP/1.1" 200 4753 "https://46.101.144.32/wp-cron.php?doing_wp_cron=1652186069.0124769210815429687500" "WordPress/5.9.3; https://www.talmedos.com"
192.241.219.199 - - [10/May/2022:12:34:28 +0000] "GET /actuator/health HTTP/1.1" 404 33515 "-" "Mozilla/5.0 zgrab/0.x"
46.101.144.32 - - [10/May/2022:12:37:36 +0000] "POST /wp-cron.php?doing_wp_cron=1652186256.9749228954315185546875 HTTP/1.1" 200 4753 "https://46.101.144.32/wp-cron.php?doing_wp_cron=1652186256.9749228954315185546875" "WordPress/5.9.3; https://www.talmedos.com"
45.9.20.101 - - [10/May/2022:12:37:36 +0000] "GET / HTTP/1.1" 200 10088 "-" "Mozilla/5.0 (Windows NT 10.0; Win64; x64) AppleWebKit/537.36 (KHTML, like Gecko) Chrome/78.0.3904.108 Safari/537.36"
46.101.144.32 - - [10/May/2022:13:03:09 +0000] "POST /wp-cron.php?doing_wp_cron=1652187789.4925689697265625000000 HTTP/1.1" 200 4753 "https://46.101.144.32/wp-cron.php?doing_wp_cron=1652187789.4925689697265625000000" "WordPress/5.9.3; https://www.talmedos.com"
88.214.43.164 - - [10/May/2022:13:03:09 +0000] "GET /old_phpinfo.php HTTP/1.1" 301 4934 "-" "Mozilla/5.0 (X11; Linux x86_64) AppleWebKit/537.36 (KHTML, like Gecko) Chrome/81.0.4044.129 Safari/537.36"
46.101.144.32 - - [10/May/2022:13:03:25 +0000] "POST /wp-cron.php?doing_wp_cron=1652187805.0487909317016601562500 HTTP/1.1" 200 4753 "https://46.101.144.32/wp-cron.php?doing_wp_cron=1652187805.0487909317016601562500" "WordPress/5.9.3; https://www.talmedos.com"
88.214.43.164 - - [10/May/2022:13:03:25 +0000] "POST /old_phpinfo.php HTTP/1.1" 404 34180 "-" "Mozilla/5.0 (X11; Linux x86_64) AppleWebKit/537.36 (KHTML, like Gecko) Chrome/81.0.4044.129 Safari/537.36"
46.101.144.32 - - [10/May/2022:13:18:50 +0000] "POST /wp-cron.php?doing_wp_cron=1652188730.5023849010467529296875 HTTP/1.1" 200 4753 "https://46.101.144.32/wp-cron.php?doing_wp_cron=1652188730.5023849010467529296875" "WordPress/5.9.3; https://www.talmedos.com"
184.105.139.70 - - [10/May/2022:13:18:50 +0000] "GET / HTTP/1.1" 301 4184 "-" "-"
46.101.144.32 - - [10/May/2022:13:21:43 +0000] "POST /wp-cron.php?doing_wp_cron=1652188903.5202240943908691406250 HTTP/1.1" 200 4753 "https://46.101.144.32/wp-cron.php?doing_wp_cron=1652188903.5202240943908691406250" "WordPress/5.9.3; https://www.talmedos.com"
45.95.147.28 - - [10/May/2022:13:21:43 +0000] "GET //login_sid.lua HTTP/1.1" 301 4522 "-" "python-requests/2.6.0 CPython/2.7.5 Linux/3.10.0-1160.62.1.el7.x86_64"
45.95.147.28 - - [10/May/2022:13:21:43 +0000] "GET /login_sid.lua HTTP/1.1" 404 29645 "-" "python-requests/2.6.0 CPython/2.7.5 Linux/3.10.0-1160.62.1.el7.x86_64"
46.101.144.32 - - [10/May/2022:13:24:44 +0000] "POST /wp-cron.php?doing_wp_cron=1652189084.3294069766998291015625 HTTP/1.1" 200 4753 "https://46.101.144.32/wp-cron.php?doing_wp_cron=1652189084.3294069766998291015625" "WordPress/5.9.3; https://www.talmedos.com"
34.219.195.80 - - [10/May/2022:13:24:44 +0000] "GET / HTTP/1.1" 301 4722 "-" "Mozilla/5.0 (X11; Linux x86_64) AppleWebKit/537.36 (KHTML, like Gecko) Chrome/83.0.4103.97 Safari/537.36"
18.236.143.117 - - [10/May/2022:13:24:47 +0000] "GET / HTTP/1.1" 301 4722 "-" "Mozilla/5.0 (X11; Linux x86_64) AppleWebKit/537.36 (KHTML, like Gecko) Chrome/83.0.4103.97 Safari/537.36"
46.101.144.32 - - [10/May/2022:13:26:17 +0000] "POST /wp-cron.php?doing_wp_cron=1652189177.9776360988616943359375 HTTP/1.1" 200 4753 "https://46.101.144.32/wp-cron.php?doing_wp_cron=1652189177.9776360988616943359375" "WordPress/5.9.3; https://www.talmedos.com"
77.247.79.34 - - [10/May/2022:13:26:17 +0000] "GET / HTTP/1.1" 200 10226 "-" "Mozilla/5.0 (Macintosh; Intel Mac OS X 10_15_7) AppleWebKit/605.1.15 (KHTML, like Gecko) Version/15.4 Safari/605.1.15"
46.101.144.32 - - [10/May/2022:13:52:06 +0000] "POST /wp-cron.php?doing_wp_cron=1652190726.6452369689941406250000 HTTP/1.1" 200 4753 "https://46.101.144.32/wp-cron.php?doing_wp_cron=1652190726.6452369689941406250000" "WordPress/5.9.3; https://www.talmedos.com"
45.9.20.101 - - [10/May/2022:13:52:06 +0000] "POST /vendor/phpunit/phpunit/src/Util/PHP/eval-stdin.php HTTP/1.1" 404 34044 "-" "Mozilla/5.0 (Windows NT 10.0; Win64; x64) AppleWebKit/537.36 (KHTML, like Gecko) Chrome/78.0.3904.108 Safari/537.36"
46.101.144.32 - - [10/May/2022:13:58:31 +0000] "POST /wp-cron.php?doing_wp_cron=1652191111.5052170753479003906250 HTTP/1.1" 200 4753 "https://46.101.144.32/wp-cron.php?doing_wp_cron=1652191111.5052170753479003906250" "WordPress/5.9.3; https://www.talmedos.com"
128.14.133.58 - - [10/May/2022:13:58:31 +0000] "GET / HTTP/1.1" 301 4226 "-" "Mozilla/5.0 (Windows NT 10.0; Win64; x64) AppleWebKit/537.36 (KHTML, like Gecko) Chrome/60.0.3112.113 Safari/537.36"
128.14.133.58 - - [10/May/2022:13:58:33 +0000] "GET / HTTP/1.1" 200 9628 "https://46.101.144.32/" "Mozilla/5.0 (Windows NT 10.0; Win64; x64) AppleWebKit/537.36 (KHTML, like Gecko) Chrome/60.0.3112.113 Safari/537.36"
46.101.144.32 - - [10/May/2022:14:06:12 +0000] "POST /wp-cron.php?doing_wp_cron=1652191572.0926609039306640625000 HTTP/1.1" 200 4753 "https://46.101.144.32/wp-cron.php?doing_wp_cron=1652191572.0926609039306640625000" "WordPress/5.9.3; https://www.talmedos.com"
35.199.69.2 - - [10/May/2022:14:06:12 +0000] "OPTIONS / HTTP/1.0" 200 29276 "-" "-"
45.61.188.169 - - [10/May/2022:14:10:28 +0000] "GET / HTTP/1.0" 400 627 "-" "-"
46.101.144.32 - - [10/May/2022:14:29:23 +0000] "POST /wp-cron.php?doing_wp_cron=1652192963.1683130264282226562500 HTTP/1.1" 200 4753 "https://46.101.144.32/wp-cron.php?doing_wp_cron=1652192963.1683130264282226562500" "WordPress/5.9.3; https://www.talmedos.com"
87.50.149.61 - - [10/May/2022:14:29:23 +0000] "GET / HTTP/1.1" 200 10178 "-" "Mozilla/5.0 (Windows NT 10.0; Win64; x64) AppleWebKit/537.36 (KHTML, like Gecko) Chrome/101.0.4951.54 Safari/537.36"
46.101.144.32 - - [10/May/2022:14:31:09 +0000] "POST /wp-cron.php?doing_wp_cron=1652193069.7527849674224853515625 HTTP/1.1" 200 4753 "https://46.101.144.32/wp-cron.php?doing_wp_cron=1652193069.7527849674224853515625" "WordPress/5.9.3; https://www.talmedos.com"
46.246.106.45 - - [10/May/2022:14:31:09 +0000] "GET / HTTP/1.1" 200 10178 "-" "Mozilla/5.0 (Macintosh; Intel Mac OS X 10_15_7) AppleWebKit/605.1.15 (KHTML, like Gecko) Version/15.4 Safari/605.1.15"
46.101.144.32 - - [10/May/2022:14:35:39 +0000] "POST /wp-cron.php?doing_wp_cron=1652193339.9773230552673339843750 HTTP/1.1" 200 4753 "https://46.101.144.32/wp-cron.php?doing_wp_cron=1652193339.9773230552673339843750" "WordPress/5.9.3; https://www.talmedos.com"
104.206.128.22 - - [10/May/2022:14:35:39 +0000] "GET / HTTP/1.1" 200 29177 "-" "https://gdnplus.com:Gather Analyze Provide."
46.101.144.32 - - [10/May/2022:14:42:46 +0000] "POST /wp-cron.php?doing_wp_cron=1652193766.0487151145935058593750 HTTP/1.1" 200 4753 "https://46.101.144.32/wp-cron.php?doing_wp_cron=1652193766.0487151145935058593750" "WordPress/5.9.3; https://www.talmedos.com"
45.9.20.101 - - [10/May/2022:14:42:46 +0000] "GET /vendor/phpunit/phpunit/src/Util/PHP/eval-stdin.php HTTP/1.1" 301 4881 "-" "Mozilla/5.0 (Windows NT 10.0; Win64; x64) AppleWebKit/537.36 (KHTML, like Gecko) Chrome/78.0.3904.108 Safari/537.36"
45.9.20.101 - - [10/May/2022:14:42:46 +0000] "GET /vendor/phpunit/phpunit/src/Util/PHP/eval-stdin.php HTTP/1.1" 404 34044 "https://46.101.144.32:443/vendor/phpunit/phpunit/src/Util/PHP/eval-stdin.php" "Mozilla/5.0 (Windows NT 10.0; Win64; x64) AppleWebKit/537.36 (KHTML, like Gecko) Chrome/78.0.3904.108 Safari/537.36"
34.254.156.165 - - [10/May/2022:14:42:52 +0000] "GET / HTTP/1.1" 301 4770 "-" "Mozilla/5.0 (Macintosh; Intel Mac OS X 10_15_6) AppleWebKit/537.36 (KHTML, like Gecko) Chrome/84.0.4147.105 Safari/537.36"
34.254.156.165 - - [10/May/2022:14:42:53 +0000] "GET / HTTP/1.1" 200 29786 "-" "Mozilla/5.0 (Macintosh; Intel Mac OS X 10_15_6) AppleWebKit/537.36 (KHTML, like Gecko) Chrome/84.0.4147.105 Safari/537.36"
34.254.156.165 - - [10/May/2022:14:42:53 +0000] "GET /wp-json HTTP/1.1" 200 167300 "https://www.talmedos.com/" "Mozilla/5.0 (Macintosh; Intel Mac OS X 10_15_6) AppleWebKit/537.36 (KHTML, like Gecko) Chrome/84.0.4147.105 Safari/537.36"
46.101.144.32 - - [10/May/2022:15:17:15 +0000] "POST /wp-cron.php?doing_wp_cron=1652195835.7995760440826416015625 HTTP/1.1" 200 4753 "https://46.101.144.32/wp-cron.php?doing_wp_cron=1652195835.7995760440826416015625" "WordPress/5.9.3; https://www.talmedos.com"
178.62.106.156 - - [10/May/2022:15:17:15 +0000] "GET / HTTP/1.1" 301 4255 "-" "python-requests/2.27.1"
178.62.106.156 - - [10/May/2022:15:17:16 +0000] "GET / HTTP/1.1" 200 9622 "-" "python-requests/2.27.1"
46.101.144.32 - - [10/May/2022:15:38:53 +0000] "POST /wp-cron.php?doing_wp_cron=1652197133.2753920555114746093750 HTTP/1.1" 200 4753 "https://46.101.144.32/wp-cron.php?doing_wp_cron=1652197133.2753920555114746093750" "WordPress/5.9.3; https://www.talmedos.com"
45.9.20.101 - - [10/May/2022:15:38:53 +0000] "GET /index.php?s=/Index/\\think\\app/invokefunction&function=call_user_func_array&vars[0]=md5&vars[1][]=HelloThinkPHP21 HTTP/1.1" 302 4728 "-" "Mozilla/5.0 (Windows NT 10.0; Win64; x64) AppleWebKit/537.36 (KHTML, like Gecko) Chrome/78.0.3904.108 Safari/537.36"
45.9.20.101 - - [10/May/2022:15:38:54 +0000] "GET / HTTP/1.1" 200 10094 "https://46.101.144.32:443/index.php?s=/Index/\\think\\app/invokefunction&function=call_user_func_array&vars[0]=md5&vars[1][]=HelloThinkPHP21" "Mozilla/5.0 (Windows NT 10.0; Win64; x64) AppleWebKit/537.36 (KHTML, like Gecko) Chrome/78.0.3904.108 Safari/537.36"
46.101.144.32 - - [10/May/2022:15:58:18 +0000] "POST /wp-cron.php?doing_wp_cron=1652198298.2602319717407226562500 HTTP/1.1" 200 4753 "https://46.101.144.32/wp-cron.php?doing_wp_cron=1652198298.2602319717407226562500" "WordPress/5.9.3; https://www.talmedos.com"
45.9.20.101 - - [10/May/2022:15:58:18 +0000] "GET /?XDEBUG_SESSION_START=phpstorm HTTP/1.1" 200 10088 "-" "Mozilla/5.0 (Windows NT 10.0; Win64; x64) AppleWebKit/537.36 (KHTML, like Gecko) Chrome/78.0.3904.108 Safari/537.36"
46.101.144.32 - - [10/May/2022:16:15:54 +0000] "POST /wp-cron.php?doing_wp_cron=1652199354.0939469337463378906250 HTTP/1.1" 200 4753 "https://46.101.144.32/wp-cron.php?doing_wp_cron=1652199354.0939469337463378906250" "WordPress/5.9.3; https://www.talmedos.com"
192.241.214.64 - - [10/May/2022:16:15:54 +0000] "GET / HTTP/1.1" 301 4184 "-" "Mozilla/5.0 zgrab/0.x"
46.101.144.32 - - [10/May/2022:16:22:40 +0000] "POST /wp-cron.php?doing_wp_cron=1652199760.4499549865722656250000 HTTP/1.1" 200 4753 "https://46.101.144.32/wp-cron.php?doing_wp_cron=1652199760.4499549865722656250000" "WordPress/5.9.3; https://www.talmedos.com"
192.241.223.56 - - [10/May/2022:16:22:40 +0000] "GET /tmui/login.jsp HTTP/1.1" 404 33515 "-" "Mozilla/5.0 zgrab/0.x"
46.101.144.32 - - [10/May/2022:16:31:26 +0000] "POST /wp-cron.php?doing_wp_cron=1652200286.7392489910125732421875 HTTP/1.1" 200 4753 "https://46.101.144.32/wp-cron.php?doing_wp_cron=1652200286.7392489910125732421875" "WordPress/5.9.3; https://www.talmedos.com"
192.241.212.94 - - [10/May/2022:16:31:26 +0000] "GET /tmui/login.jsp HTTP/1.1" 404 33515 "-" "Mozilla/5.0 zgrab/0.x"
46.101.144.32 - - [10/May/2022:17:04:16 +0000] "POST /wp-cron.php?doing_wp_cron=1652202256.2330029010772705078125 HTTP/1.1" 200 4753 "https://46.101.144.32/wp-cron.php?doing_wp_cron=1652202256.2330029010772705078125" "WordPress/5.9.3; https://www.talmedos.com"
45.9.20.101 - - [10/May/2022:17:04:16 +0000] "POST /mifs/.;/services/LogService HTTP/1.1" 404 34044 "https://46.101.144.32:443" "Mozilla/5.0 (Windows NT 10.0; Win64; x64) AppleWebKit/537.36 (KHTML, like Gecko) Chrome/78.0.3904.108 Safari/537.36"
151.106.120.184 - - [10/May/2022:17:26:26 +0000] "GET / HTTP/1.1" 301 4199 "http://talmedos.com/" "Mozilla/5.0 (iPhone; CPU iPhone OS 10_3_1 like Mac OS X) AppleWebKit/603.1.30 (KHTML, like Gecko) Version/10.0 Mobile/14E304 Safari/602.1"
46.101.144.32 - - [10/May/2022:17:26:26 +0000] "POST /wp-cron.php?doing_wp_cron=1652203586.5917170047760009765625 HTTP/1.1" 200 4753 "https://46.101.144.32/wp-cron.php?doing_wp_cron=1652203586.5917170047760009765625" "WordPress/5.9.3; https://www.talmedos.com"
46.101.144.32 - - [10/May/2022:17:26:26 +0000] "POST /wp-cron.php?doing_wp_cron=1652203586.5933909416198730468750 HTTP/1.1" 200 4753 "https://46.101.144.32/wp-cron.php?doing_wp_cron=1652203586.5933909416198730468750" "WordPress/5.9.3; https://www.talmedos.com"
151.106.120.184 - - [10/May/2022:17:26:26 +0000] "GET / HTTP/1.1" 301 4199 "http://talmedos.com/" "Mozilla/5.0 (Macintosh; Intel Mac OS X 10_15_7) AppleWebKit/537.36 (KHTML, like Gecko) Chrome/100.0.4896.88 Safari/537.36"
151.106.120.184 - - [10/May/2022:17:26:26 +0000] "GET / HTTP/1.1" 200 29243 "http://www.talmedos.com/" "Mozilla/5.0 (Macintosh; Intel Mac OS X 10_15_7) AppleWebKit/537.36 (KHTML, like Gecko) Chrome/100.0.4896.88 Safari/537.36"
151.106.120.184 - - [10/May/2022:17:26:26 +0000] "GET / HTTP/1.1" 200 29243 "http://www.talmedos.com/" "Mozilla/5.0 (iPhone; CPU iPhone OS 10_3_1 like Mac OS X) AppleWebKit/603.1.30 (KHTML, like Gecko) Version/10.0 Mobile/14E304 Safari/602.1"
46.101.144.32 - - [10/May/2022:17:29:36 +0000] "POST /wp-cron.php?doing_wp_cron=1652203776.1346049308776855468750 HTTP/1.1" 200 4753 "https://46.101.144.32/wp-cron.php?doing_wp_cron=1652203776.1346049308776855468750" "WordPress/5.9.3; https://www.talmedos.com"
167.248.133.62 - - [10/May/2022:17:29:36 +0000] "GET / HTTP/1.1" 301 4722 "-" "Mozilla/5.0 (compatible; CensysInspect/1.1; +https://about.censys.io/)"
167.248.133.62 - - [10/May/2022:17:29:36 +0000] "GET / HTTP/1.1" 200 10075 "-" "Mozilla/5.0 (compatible; CensysInspect/1.1; +https://about.censys.io/)"
46.101.144.32 - - [10/May/2022:18:12:06 +0000] "POST /wp-cron.php?doing_wp_cron=1652206326.1595170497894287109375 HTTP/1.1" 200 4753 "https://46.101.144.32/wp-cron.php?doing_wp_cron=1652206326.1595170497894287109375" "WordPress/5.9.3; https://www.talmedos.com"
89.150.136.201 - - [10/May/2022:18:12:06 +0000] "GET / HTTP/1.1" 200 10178 "-" "Mozilla/5.0 (Macintosh; Intel Mac OS X 10_15_7) AppleWebKit/537.36 (KHTML, like Gecko) Chrome/100.0.4896.127 Safari/537.36"
46.101.144.32 - - [10/May/2022:18:19:15 +0000] "POST /wp-cron.php?doing_wp_cron=1652206755.1992468833923339843750 HTTP/1.1" 200 4753 "https://46.101.144.32/wp-cron.php?doing_wp_cron=1652206755.1992468833923339843750" "WordPress/5.9.3; https://www.talmedos.com"
147.78.29.6 - - [10/May/2022:18:19:15 +0000] "GET / HTTP/1.1" 200 10178 "-" "Mozilla/5.0 (Windows NT 10.0; Win64; x64) AppleWebKit/537.36 (KHTML, like Gecko) Chrome/101.0.4951.54 Safari/537.36"
147.78.29.6 - - [10/May/2022:18:19:18 +0000] "GET /?s=jhj HTTP/1.1" 302 294 "https://www.talmedos.com/" "Mozilla/5.0 (Windows NT 10.0; Win64; x64) AppleWebKit/537.36 (KHTML, like Gecko) Chrome/101.0.4951.54 Safari/537.36"
147.78.29.6 - - [10/May/2022:18:19:18 +0000] "GET / HTTP/1.1" 200 5660 "https://www.talmedos.com/" "Mozilla/5.0 (Windows NT 10.0; Win64; x64) AppleWebKit/537.36 (KHTML, like Gecko) Chrome/101.0.4951.54 Safari/537.36"
147.78.29.6 - - [10/May/2022:18:19:38 +0000] "-" 408 511 "-" "-"
46.101.144.32 - - [10/May/2022:18:24:39 +0000] "POST /wp-cron.php?doing_wp_cron=1652207079.1426630020141601562500 HTTP/1.1" 200 4753 "https://46.101.144.32/wp-cron.php?doing_wp_cron=1652207079.1426630020141601562500" "WordPress/5.9.3; https://www.talmedos.com"
45.9.20.101 - - [10/May/2022:18:24:39 +0000] "GET /console/ HTTP/1.1" 301 4839 "-" "Mozilla/5.0 (Windows NT 10.0; Win64; x64) AppleWebKit/537.36 (KHTML, like Gecko) Chrome/78.0.3904.108 Safari/537.36"
45.9.20.101 - - [10/May/2022:18:24:39 +0000] "GET /console/ HTTP/1.1" 404 34044 "https://46.101.144.32:443/console/" "Mozilla/5.0 (Windows NT 10.0; Win64; x64) AppleWebKit/537.36 (KHTML, like Gecko) Chrome/78.0.3904.108 Safari/537.36"
46.101.144.32 - - [10/May/2022:18:29:40 +0000] "POST /wp-cron.php?doing_wp_cron=1652207380.7838308811187744140625 HTTP/1.1" 200 4753 "https://46.101.144.32/wp-cron.php?doing_wp_cron=1652207380.7838308811187744140625" "WordPress/5.9.3; https://www.talmedos.com"
185.83.144.103 - - [10/May/2022:18:29:40 +0000] "GET /php_info.php HTTP/1.1" 301 4931 "-" "Mozilla/5.0 (X11; Linux x86_64) AppleWebKit/537.36 (KHTML, like Gecko) Chrome/81.0.4044.129 Safari/537.36"
185.83.144.103 - - [10/May/2022:18:29:42 +0000] "POST /php_info.php HTTP/1.1" 404 34180 "-" "Mozilla/5.0 (X11; Linux x86_64) AppleWebKit/537.36 (KHTML, like Gecko) Chrome/81.0.4044.129 Safari/537.36"
46.101.144.32 - - [10/May/2022:18:45:36 +0000] "POST /wp-cron.php?doing_wp_cron=1652208336.8583579063415527343750 HTTP/1.1" 200 4753 "https://46.101.144.32/wp-cron.php?doing_wp_cron=1652208336.8583579063415527343750" "WordPress/5.9.3; https://www.talmedos.com"
20.55.53.144 - - [10/May/2022:18:45:36 +0000] "GET /tXJD9KArSv3ImslyViGCq7dYghD HTTP/1.1" 404 34073 "-" "Mozilla/5.0 (Windows NT 10.0; Win64; x64) AppleWebKit/537.36 (KHTML, like Gecko) Chrome/79.0.3945.117 Safari/537.36"
46.101.144.32 - - [10/May/2022:18:53:26 +0000] "POST /wp-cron.php?doing_wp_cron=1652208806.2520871162414550781250 HTTP/1.1" 200 4753 "https://46.101.144.32/wp-cron.php?doing_wp_cron=1652208806.2520871162414550781250" "WordPress/5.9.3; https://www.talmedos.com"
159.89.194.175 - - [10/May/2022:18:53:26 +0000] "GET / HTTP/1.0" 200 29621 "-" "-"
46.101.144.32 - - [10/May/2022:19:09:30 +0000] "POST /wp-cron.php?doing_wp_cron=1652209770.4769089221954345703125 HTTP/1.1" 200 4753 "https://46.101.144.32/wp-cron.php?doing_wp_cron=1652209770.4769089221954345703125" "WordPress/5.9.3; https://www.talmedos.com"
167.94.146.58 - - [10/May/2022:19:09:30 +0000] "GET / HTTP/1.1" 301 4722 "-" "Mozilla/5.0 (compatible; CensysInspect/1.1; +https://about.censys.io/)"
167.94.146.58 - - [10/May/2022:19:09:30 +0000] "GET / HTTP/1.1" 200 10075 "-" "Mozilla/5.0 (compatible; CensysInspect/1.1; +https://about.censys.io/)"
46.101.144.32 - - [10/May/2022:19:21:56 +0000] "POST /wp-cron.php?doing_wp_cron=1652210516.3070731163024902343750 HTTP/1.1" 200 4753 "https://46.101.144.32/wp-cron.php?doing_wp_cron=1652210516.3070731163024902343750" "WordPress/5.9.3; https://www.talmedos.com"
23.251.102.74 - - [10/May/2022:19:21:56 +0000] "GET / HTTP/1.1" 301 4184 "http://46.101.144.32/" "Mozilla/5.0 (Windows NT 10.0; Win64; x64) AppleWebKit/537.36 (KHTML, like Gecko) Chrome/60.0.3112.113 Safari/537.36"
23.251.102.74 - - [10/May/2022:19:21:57 +0000] "GET / HTTP/1.1" 200 9551 "https://46.101.144.32/" "Mozilla/5.0 (Windows NT 10.0; Win64; x64) AppleWebKit/537.36 (KHTML, like Gecko) Chrome/60.0.3112.113 Safari/537.36"
46.101.144.32 - - [10/May/2022:19:22:59 +0000] "POST /wp-cron.php?doing_wp_cron=1652210579.5923340320587158203125 HTTP/1.1" 200 4753 "https://46.101.144.32/wp-cron.php?doing_wp_cron=1652210579.5923340320587158203125" "WordPress/5.9.3; https://www.talmedos.com"
5.186.114.91 - - [10/May/2022:19:22:59 +0000] "GET / HTTP/1.1" 200 10178 "-" "Mozilla/5.0 (Windows NT 10.0; Win64; x64) AppleWebKit/537.36 (KHTML, like Gecko) Chrome/100.0.4896.127 Safari/537.36"
46.101.144.32 - - [10/May/2022:19:27:23 +0000] "POST /wp-cron.php?doing_wp_cron=1652210843.7808198928833007812500 HTTP/1.1" 200 4753 "https://46.101.144.32/wp-cron.php?doing_wp_cron=1652210843.7808198928833007812500" "WordPress/5.9.3; https://www.talmedos.com"
54.194.94.134 - - [10/May/2022:19:27:23 +0000] "GET / HTTP/1.1" 301 4741 "http://46.101.144.32" "Mozilla/5.0 (Macintosh; Intel Mac OS X 10_15_7) AppleWebKit/537.36 (KHTML, like Gecko) Chrome/92.0.4515.159 Safari/537.36 Edg/92.0.902.84"
54.194.94.134 - - [10/May/2022:19:27:24 +0000] "GET / HTTP/1.1" 200 10094 "https://46.101.144.32/" "Mozilla/5.0 (Macintosh; Intel Mac OS X 10_15_7) AppleWebKit/537.36 (KHTML, like Gecko) Chrome/92.0.4515.159 Safari/537.36 Edg/92.0.902.84"
46.101.144.32 - - [10/May/2022:20:08:58 +0000] "POST /wp-cron.php?doing_wp_cron=1652213338.8579599857330322265625 HTTP/1.1" 200 4753 "https://46.101.144.32/wp-cron.php?doing_wp_cron=1652213338.8579599857330322265625" "WordPress/5.9.3; https://www.talmedos.com"
