93.162.98.150 - - [10/May/2022:20:51:22 +0000] "GET /wp-includes/js/heartbeat.min.js?ver=5.9.3 HTTP/1.1" 200 2435 "https://46.101.144.32/wp-admin/" "Mozilla/5.0 (Macintosh; Intel Mac OS X 10_15_7) AppleWebKit/537.36 (KHTML, like Gecko) Chrome/101.0.4951.54 Safari/537.36"
93.162.98.150 - - [10/May/2022:20:51:22 +0000] "GET /wp-includes/js/wp-auth-check.min.js?ver=5.9.3 HTTP/1.1" 200 1144 "https://46.101.144.32/wp-admin/" "Mozilla/5.0 (Macintosh; Intel Mac OS X 10_15_7) AppleWebKit/537.36 (KHTML, like Gecko) Chrome/101.0.4951.54 Safari/537.36"
93.162.98.150 - - [10/May/2022:20:51:22 +0000] "GET /wp-content/plugins/wpforms-lite/assets/js/jquery.jquery-confirm.min.js?ver=3.3.2 HTTP/1.1" 200 8382 "https://46.101.144.32/wp-admin/" "Mozilla/5.0 (Macintosh; Intel Mac OS X 10_15_7) AppleWebKit/537.36 (KHTML, like Gecko) Chrome/101.0.4951.54 Safari/537.36"
93.162.98.150 - - [10/May/2022:20:51:22 +0000] "GET /wp-content/plugins/wpforms-lite/lite/assets/js/admin/education/lite-connect.min.js?ver=1.7.4.1 HTTP/1.1" 200 1943 "https://46.101.144.32/wp-admin/" "Mozilla/5.0 (Macintosh; Intel Mac OS X 10_15_7) AppleWebKit/537.36 (KHTML, like Gecko) Chrome/101.0.4951.54 Safari/537.36"
93.162.98.150 - - [10/May/2022:20:51:22 +0000] "GET /wp-content/plugins/wpforms-lite/lite/assets/js/admin/dashboard-widget.min.js?ver=1.7.4.1 HTTP/1.1" 200 1683 "https://46.101.144.32/wp-admin/" "Mozilla/5.0 (Macintosh; Intel Mac OS X 10_15_7) AppleWebKit/537.36 (KHTML, like Gecko) Chrome/101.0.4951.54 Safari/537.36"
93.162.98.150 - - [10/May/2022:20:51:22 +0000] "GET /wp-content/plugins/wpforms-lite/assets/js/moment.min.js?ver=2.22.2 HTTP/1.1" 200 17266 "https://46.101.144.32/wp-admin/" "Mozilla/5.0 (Macintosh; Intel Mac OS X 10_15_7) AppleWebKit/537.36 (KHTML, like Gecko) Chrome/101.0.4951.54 Safari/537.36"
93.162.98.150 - - [10/May/2022:20:51:22 +0000] "GET /wp-includes/js/wplink.min.js?ver=5.9.3 HTTP/1.1" 200 4302 "https://46.101.144.32/wp-admin/" "Mozilla/5.0 (Macintosh; Intel Mac OS X 10_15_7) AppleWebKit/537.36 (KHTML, like Gecko) Chrome/101.0.4951.54 Safari/537.36"
93.162.98.150 - - [10/May/2022:20:51:22 +0000] "GET /wp-content/plugins/wpforms-lite/assets/js/chart.min.js?ver=2.7.2 HTTP/1.1" 200 47747 "https://46.101.144.32/wp-admin/" "Mozilla/5.0 (Macintosh; Intel Mac OS X 10_15_7) AppleWebKit/537.36 (KHTML, like Gecko) Chrome/101.0.4951.54 Safari/537.36"
93.162.98.150 - - [10/May/2022:20:51:22 +0000] "GET /wp-includes/js/jquery/ui/menu.min.js?ver=1.13.1 HTTP/1.1" 200 3433 "https://46.101.144.32/wp-admin/" "Mozilla/5.0 (Macintosh; Intel Mac OS X 10_15_7) AppleWebKit/537.36 (KHTML, like Gecko) Chrome/101.0.4951.54 Safari/537.36"
93.162.98.150 - - [10/May/2022:20:51:22 +0000] "GET /wp-includes/js/jquery/ui/autocomplete.min.js?ver=1.13.1 HTTP/1.1" 200 3313 "https://46.101.144.32/wp-admin/" "Mozilla/5.0 (Macintosh; Intel Mac OS X 10_15_7) AppleWebKit/537.36 (KHTML, like Gecko) Chrome/101.0.4951.54 Safari/537.36"
93.162.98.150 - - [10/May/2022:20:51:22 +0000] "GET /wp-includes/js/wp-emoji-release.min.js?ver=5.9.3 HTTP/1.1" 200 5347 "https://46.101.144.32/wp-admin/" "Mozilla/5.0 (Macintosh; Intel Mac OS X 10_15_7) AppleWebKit/537.36 (KHTML, like Gecko) Chrome/101.0.4951.54 Safari/537.36"
93.162.98.150 - - [10/May/2022:20:51:22 +0000] "GET /wp-includes/js/thickbox/loadingAnimation.gif HTTP/1.1" 200 15569 "https://46.101.144.32/wp-admin/" "Mozilla/5.0 (Macintosh; Intel Mac OS X 10_15_7) AppleWebKit/537.36 (KHTML, like Gecko) Chrome/101.0.4951.54 Safari/537.36"
46.101.144.32 - - [10/May/2022:20:51:22 +0000] "POST /wp-cron.php?doing_wp_cron=1652215882.4046070575714111328125 HTTP/1.1" 200 4753 "https://46.101.144.32/wp-cron.php?doing_wp_cron=1652215882.4046070575714111328125" "WordPress/5.9.3; https://www.talmedos.com"
93.162.98.150 - - [10/May/2022:20:51:22 +0000] "POST /wp-admin/admin-ajax.php HTTP/1.1" 200 653 "https://46.101.144.32/wp-admin/" "Mozilla/5.0 (Macintosh; Intel Mac OS X 10_15_7) AppleWebKit/537.36 (KHTML, like Gecko) Chrome/101.0.4951.54 Safari/537.36"
93.162.98.150 - - [10/May/2022:20:51:22 +0000] "GET /wp-admin/admin-ajax.php?action=dashboard-widgets&widget=dashboard_primary&pagenow=dashboard HTTP/1.1" 200 884 "https://46.101.144.32/wp-admin/" "Mozilla/5.0 (Macintosh; Intel Mac OS X 10_15_7) AppleWebKit/537.36 (KHTML, like Gecko) Chrome/101.0.4951.54 Safari/537.36"
46.101.144.32 - - [10/May/2022:20:51:20 +0000] "POST /wp-admin/admin-ajax.php?action=as_async_request_queue_runner&nonce=dfd1a9297b HTTP/1.1" 200 4981 "https://46.101.144.32/wp-admin/admin-ajax.php?action=as_async_request_queue_runner&nonce=dfd1a9297b" "WordPress/5.9.3; https://www.talmedos.com"
176.23.46.156 - - [10/May/2022:20:51:30 +0000] "GET / HTTP/1.1" 200 10178 "-" "Mozilla/5.0 (Windows NT 10.0; Win64; x64) AppleWebKit/537.36 (KHTML, like Gecko) Chrome/101.0.4951.54 Safari/537.36"
46.101.144.32 - - [10/May/2022:20:52:22 +0000] "POST /wp-cron.php?doing_wp_cron=1652215942.6375830173492431640625 HTTP/1.1" 200 4753 "https://46.101.144.32/wp-cron.php?doing_wp_cron=1652215942.6375830173492431640625" "WordPress/5.9.3; https://www.talmedos.com"
93.162.98.150 - - [10/May/2022:20:52:22 +0000] "POST /wp-admin/admin-ajax.php HTTP/1.1" 200 1111 "https://46.101.144.32/wp-admin/" "Mozilla/5.0 (Macintosh; Intel Mac OS X 10_15_7) AppleWebKit/537.36 (KHTML, like Gecko) Chrome/101.0.4951.54 Safari/537.36"
46.101.144.32 - - [10/May/2022:20:53:22 +0000] "POST /wp-cron.php?doing_wp_cron=1652216002.4264769554138183593750 HTTP/1.1" 200 4753 "https://46.101.144.32/wp-cron.php?doing_wp_cron=1652216002.4264769554138183593750" "WordPress/5.9.3; https://www.talmedos.com"
93.162.98.150 - - [10/May/2022:20:53:22 +0000] "POST /wp-admin/admin-ajax.php HTTP/1.1" 200 5117 "https://46.101.144.32/wp-admin/" "Mozilla/5.0 (Macintosh; Intel Mac OS X 10_15_7) AppleWebKit/537.36 (KHTML, like Gecko) Chrome/101.0.4951.54 Safari/537.36"
46.101.144.32 - - [10/May/2022:20:54:22 +0000] "POST /wp-cron.php?doing_wp_cron=1652216062.4893360137939453125000 HTTP/1.1" 200 4753 "https://46.101.144.32/wp-cron.php?doing_wp_cron=1652216062.4893360137939453125000" "WordPress/5.9.3; https://www.talmedos.com"
93.162.98.150 - - [10/May/2022:20:54:22 +0000] "POST /wp-admin/admin-ajax.php HTTP/1.1" 200 1111 "https://46.101.144.32/wp-admin/" "Mozilla/5.0 (Macintosh; Intel Mac OS X 10_15_7) AppleWebKit/537.36 (KHTML, like Gecko) Chrome/101.0.4951.54 Safari/537.36"
46.101.144.32 - - [10/May/2022:20:56:22 +0000] "POST /wp-cron.php?doing_wp_cron=1652216182.4322230815887451171875 HTTP/1.1" 200 4753 "https://46.101.144.32/wp-cron.php?doing_wp_cron=1652216182.4322230815887451171875" "WordPress/5.9.3; https://www.talmedos.com"
93.162.98.150 - - [10/May/2022:20:56:22 +0000] "POST /wp-admin/admin-ajax.php HTTP/1.1" 200 5117 "https://46.101.144.32/wp-admin/" "Mozilla/5.0 (Macintosh; Intel Mac OS X 10_15_7) AppleWebKit/537.36 (KHTML, like Gecko) Chrome/101.0.4951.54 Safari/537.36"
46.101.144.32 - - [10/May/2022:20:57:22 +0000] "POST /wp-cron.php?doing_wp_cron=1652216242.5106630325317382812500 HTTP/1.1" 200 4753 "https://46.101.144.32/wp-cron.php?doing_wp_cron=1652216242.5106630325317382812500" "WordPress/5.9.3; https://www.talmedos.com"
93.162.98.150 - - [10/May/2022:20:57:22 +0000] "POST /wp-admin/admin-ajax.php HTTP/1.1" 200 1111 "https://46.101.144.32/wp-admin/" "Mozilla/5.0 (Macintosh; Intel Mac OS X 10_15_7) AppleWebKit/537.36 (KHTML, like Gecko) Chrome/101.0.4951.54 Safari/537.36"
46.101.144.32 - - [10/May/2022:20:58:22 +0000] "POST /wp-cron.php?doing_wp_cron=1652216302.4490029811859130859375 HTTP/1.1" 200 4753 "https://46.101.144.32/wp-cron.php?doing_wp_cron=1652216302.4490029811859130859375" "WordPress/5.9.3; https://www.talmedos.com"
93.162.98.150 - - [10/May/2022:20:58:22 +0000] "POST /wp-admin/admin-ajax.php HTTP/1.1" 200 5117 "https://46.101.144.32/wp-admin/" "Mozilla/5.0 (Macintosh; Intel Mac OS X 10_15_7) AppleWebKit/537.36 (KHTML, like Gecko) Chrome/101.0.4951.54 Safari/537.36"
46.101.144.32 - - [10/May/2022:21:00:23 +0000] "POST /wp-cron.php?doing_wp_cron=1652216423.1055340766906738281250 HTTP/1.1" 200 4753 "https://46.101.144.32/wp-cron.php?doing_wp_cron=1652216423.1055340766906738281250" "WordPress/5.9.3; https://www.talmedos.com"
93.162.98.150 - - [10/May/2022:21:00:23 +0000] "POST /wp-admin/admin-ajax.php HTTP/1.1" 200 1111 "https://46.101.144.32/wp-admin/" "Mozilla/5.0 (Macintosh; Intel Mac OS X 10_15_7) AppleWebKit/537.36 (KHTML, like Gecko) Chrome/101.0.4951.54 Safari/537.36"
46.101.144.32 - - [10/May/2022:21:01:23 +0000] "POST /wp-cron.php?doing_wp_cron=1652216483.1307818889617919921875 HTTP/1.1" 200 4753 "https://46.101.144.32/wp-cron.php?doing_wp_cron=1652216483.1307818889617919921875" "WordPress/5.9.3; https://www.talmedos.com"
93.162.98.150 - - [10/May/2022:21:01:23 +0000] "POST /wp-admin/admin-ajax.php HTTP/1.1" 200 5117 "https://46.101.144.32/wp-admin/" "Mozilla/5.0 (Macintosh; Intel Mac OS X 10_15_7) AppleWebKit/537.36 (KHTML, like Gecko) Chrome/101.0.4951.54 Safari/537.36"
46.101.144.32 - - [10/May/2022:21:03:23 +0000] "POST /wp-cron.php?doing_wp_cron=1652216603.2561209201812744140625 HTTP/1.1" 200 4753 "https://46.101.144.32/wp-cron.php?doing_wp_cron=1652216603.2561209201812744140625" "WordPress/5.9.3; https://www.talmedos.com"
93.162.98.150 - - [10/May/2022:21:03:23 +0000] "POST /wp-admin/admin-ajax.php HTTP/1.1" 200 1111 "https://46.101.144.32/wp-admin/" "Mozilla/5.0 (Macintosh; Intel Mac OS X 10_15_7) AppleWebKit/537.36 (KHTML, like Gecko) Chrome/101.0.4951.54 Safari/537.36"
46.101.144.32 - - [10/May/2022:21:05:23 +0000] "POST /wp-cron.php?doing_wp_cron=1652216723.1724340915679931640625 HTTP/1.1" 200 4753 "https://46.101.144.32/wp-cron.php?doing_wp_cron=1652216723.1724340915679931640625" "WordPress/5.9.3; https://www.talmedos.com"
93.162.98.150 - - [10/May/2022:21:05:23 +0000] "POST /wp-admin/admin-ajax.php HTTP/1.1" 200 5117 "https://46.101.144.32/wp-admin/" "Mozilla/5.0 (Macintosh; Intel Mac OS X 10_15_7) AppleWebKit/537.36 (KHTML, like Gecko) Chrome/101.0.4951.54 Safari/537.36"
46.101.144.32 - - [10/May/2022:21:07:23 +0000] "POST /wp-cron.php?doing_wp_cron=1652216843.6060030460357666015625 HTTP/1.1" 200 4753 "https://46.101.144.32/wp-cron.php?doing_wp_cron=1652216843.6060030460357666015625" "WordPress/5.9.3; https://www.talmedos.com"
93.162.98.150 - - [10/May/2022:21:07:23 +0000] "POST /wp-admin/admin-ajax.php HTTP/1.1" 200 1111 "https://46.101.144.32/wp-admin/" "Mozilla/5.0 (Macintosh; Intel Mac OS X 10_15_7) AppleWebKit/537.36 (KHTML, like Gecko) Chrome/101.0.4951.54 Safari/537.36"
93.162.98.150 - - [10/May/2022:21:07:43 +0000] "-" 408 4517 "-" "-"
46.101.144.32 - - [10/May/2022:21:08:23 +0000] "POST /wp-cron.php?doing_wp_cron=1652216903.1495370864868164062500 HTTP/1.1" 200 4753 "https://46.101.144.32/wp-cron.php?doing_wp_cron=1652216903.1495370864868164062500" "WordPress/5.9.3; https://www.talmedos.com"
93.162.98.150 - - [10/May/2022:21:08:23 +0000] "POST /wp-admin/admin-ajax.php HTTP/1.1" 200 1111 "https://46.101.144.32/wp-admin/" "Mozilla/5.0 (Macintosh; Intel Mac OS X 10_15_7) AppleWebKit/537.36 (KHTML, like Gecko) Chrome/101.0.4951.54 Safari/537.36"
46.101.144.32 - - [10/May/2022:21:10:23 +0000] "POST /wp-cron.php?doing_wp_cron=1652217023.1480400562286376953125 HTTP/1.1" 200 4753 "https://46.101.144.32/wp-cron.php?doing_wp_cron=1652217023.1480400562286376953125" "WordPress/5.9.3; https://www.talmedos.com"
93.162.98.150 - - [10/May/2022:21:10:23 +0000] "POST /wp-admin/admin-ajax.php HTTP/1.1" 200 5117 "https://46.101.144.32/wp-admin/" "Mozilla/5.0 (Macintosh; Intel Mac OS X 10_15_7) AppleWebKit/537.36 (KHTML, like Gecko) Chrome/101.0.4951.54 Safari/537.36"
46.101.144.32 - - [10/May/2022:21:10:59 +0000] "POST /wp-cron.php?doing_wp_cron=1652217059.7355170249938964843750 HTTP/1.1" 200 4753 "https://46.101.144.32/wp-cron.php?doing_wp_cron=1652217059.7355170249938964843750" "WordPress/5.9.3; https://www.talmedos.com"
20.55.53.144 - - [10/May/2022:21:10:59 +0000] "GET / HTTP/1.1" 301 4770 "-" "Mozilla/5.0 (Windows NT 10.0; Win64; x64) AppleWebKit/537.36 (KHTML, like Gecko) Chrome/79.0.3945.117 Safari/537.36"
46.101.144.32 - - [10/May/2022:21:12:23 +0000] "POST /wp-cron.php?doing_wp_cron=1652217143.2735960483551025390625 HTTP/1.1" 200 4753 "https://46.101.144.32/wp-cron.php?doing_wp_cron=1652217143.2735960483551025390625" "WordPress/5.9.3; https://www.talmedos.com"
93.162.98.150 - - [10/May/2022:21:12:23 +0000] "POST /wp-admin/admin-ajax.php HTTP/1.1" 200 1111 "https://46.101.144.32/wp-admin/" "Mozilla/5.0 (Macintosh; Intel Mac OS X 10_15_7) AppleWebKit/537.36 (KHTML, like Gecko) Chrome/101.0.4951.54 Safari/537.36"
46.101.144.32 - - [10/May/2022:21:14:23 +0000] "POST /wp-cron.php?doing_wp_cron=1652217263.2310628890991210937500 HTTP/1.1" 200 4753 "https://46.101.144.32/wp-cron.php?doing_wp_cron=1652217263.2310628890991210937500" "WordPress/5.9.3; https://www.talmedos.com"
93.162.98.150 - - [10/May/2022:21:14:23 +0000] "POST /wp-admin/admin-ajax.php HTTP/1.1" 200 5117 "https://46.101.144.32/wp-admin/" "Mozilla/5.0 (Macintosh; Intel Mac OS X 10_15_7) AppleWebKit/537.36 (KHTML, like Gecko) Chrome/101.0.4951.54 Safari/537.36"
46.101.144.32 - - [10/May/2022:21:16:23 +0000] "POST /wp-cron.php?doing_wp_cron=1652217383.3741049766540527343750 HTTP/1.1" 200 4753 "https://46.101.144.32/wp-cron.php?doing_wp_cron=1652217383.3741049766540527343750" "WordPress/5.9.3; https://www.talmedos.com"
93.162.98.150 - - [10/May/2022:21:16:23 +0000] "POST /wp-admin/admin-ajax.php HTTP/1.1" 200 1111 "https://46.101.144.32/wp-admin/" "Mozilla/5.0 (Macintosh; Intel Mac OS X 10_15_7) AppleWebKit/537.36 (KHTML, like Gecko) Chrome/101.0.4951.54 Safari/537.36"
46.101.144.32 - - [10/May/2022:21:29:00 +0000] "POST /wp-cron.php?doing_wp_cron=1652218140.8589370250701904296875 HTTP/1.1" 200 4753 "https://46.101.144.32/wp-cron.php?doing_wp_cron=1652218140.8589370250701904296875" "WordPress/5.9.3; https://www.talmedos.com"
93.162.98.150 - - [10/May/2022:21:29:00 +0000] "POST /wp-admin/admin-ajax.php HTTP/1.1" 200 5117 "https://46.101.144.32/wp-admin/" "Mozilla/5.0 (Macintosh; Intel Mac OS X 10_15_7) AppleWebKit/537.36 (KHTML, like Gecko) Chrome/101.0.4951.54 Safari/537.36"
46.101.144.32 - - [10/May/2022:21:30:00 +0000] "POST /wp-cron.php?doing_wp_cron=1652218200.7785730361938476562500 HTTP/1.1" 200 4753 "https://46.101.144.32/wp-cron.php?doing_wp_cron=1652218200.7785730361938476562500" "WordPress/5.9.3; https://www.talmedos.com"
93.162.98.150 - - [10/May/2022:21:30:00 +0000] "POST /wp-admin/admin-ajax.php HTTP/1.1" 200 1111 "https://46.101.144.32/wp-admin/" "Mozilla/5.0 (Macintosh; Intel Mac OS X 10_15_7) AppleWebKit/537.36 (KHTML, like Gecko) Chrome/101.0.4951.54 Safari/537.36"
46.101.144.32 - - [10/May/2022:21:30:39 +0000] "POST /wp-cron.php?doing_wp_cron=1652218239.2588140964508056640625 HTTP/1.1" 200 4753 "https://46.101.144.32/wp-cron.php?doing_wp_cron=1652218239.2588140964508056640625" "WordPress/5.9.3; https://www.talmedos.com"
176.58.106.205 - - [10/May/2022:21:30:39 +0000] "POST /GponForm/diag_Form?style/ HTTP/1.1" 404 34180 "-" "curl/7.3.2"
93.162.98.150 - - [10/May/2022:21:31:00 +0000] "POST /wp-admin/admin-ajax.php HTTP/1.1" 200 5117 "https://46.101.144.32/wp-admin/" "Mozilla/5.0 (Macintosh; Intel Mac OS X 10_15_7) AppleWebKit/537.36 (KHTML, like Gecko) Chrome/101.0.4951.54 Safari/537.36"
46.101.144.32 - - [10/May/2022:21:32:00 +0000] "POST /wp-cron.php?doing_wp_cron=1652218320.8401350975036621093750 HTTP/1.1" 200 4753 "https://46.101.144.32/wp-cron.php?doing_wp_cron=1652218320.8401350975036621093750" "WordPress/5.9.3; https://www.talmedos.com"
93.162.98.150 - - [10/May/2022:21:32:00 +0000] "POST /wp-admin/admin-ajax.php HTTP/1.1" 200 1111 "https://46.101.144.32/wp-admin/" "Mozilla/5.0 (Macintosh; Intel Mac OS X 10_15_7) AppleWebKit/537.36 (KHTML, like Gecko) Chrome/101.0.4951.54 Safari/537.36"
46.101.144.32 - - [10/May/2022:21:33:00 +0000] "POST /wp-cron.php?doing_wp_cron=1652218380.7640140056610107421875 HTTP/1.1" 200 4753 "https://46.101.144.32/wp-cron.php?doing_wp_cron=1652218380.7640140056610107421875" "WordPress/5.9.3; https://www.talmedos.com"
93.162.98.150 - - [10/May/2022:21:33:00 +0000] "POST /wp-admin/admin-ajax.php HTTP/1.1" 200 5117 "https://46.101.144.32/wp-admin/" "Mozilla/5.0 (Macintosh; Intel Mac OS X 10_15_7) AppleWebKit/537.36 (KHTML, like Gecko) Chrome/101.0.4951.54 Safari/537.36"
46.101.144.32 - - [10/May/2022:21:34:00 +0000] "POST /wp-cron.php?doing_wp_cron=1652218440.7487800121307373046875 HTTP/1.1" 200 4753 "https://46.101.144.32/wp-cron.php?doing_wp_cron=1652218440.7487800121307373046875" "WordPress/5.9.3; https://www.talmedos.com"
93.162.98.150 - - [10/May/2022:21:34:00 +0000] "POST /wp-admin/admin-ajax.php HTTP/1.1" 200 1111 "https://46.101.144.32/wp-admin/" "Mozilla/5.0 (Macintosh; Intel Mac OS X 10_15_7) AppleWebKit/537.36 (KHTML, like Gecko) Chrome/101.0.4951.54 Safari/537.36"
46.101.144.32 - - [10/May/2022:21:36:01 +0000] "POST /wp-cron.php?doing_wp_cron=1652218561.1216850280761718750000 HTTP/1.1" 200 4753 "https://46.101.144.32/wp-cron.php?doing_wp_cron=1652218561.1216850280761718750000" "WordPress/5.9.3; https://www.talmedos.com"
93.162.98.150 - - [10/May/2022:21:36:01 +0000] "POST /wp-admin/admin-ajax.php HTTP/1.1" 200 5117 "https://46.101.144.32/wp-admin/" "Mozilla/5.0 (Macintosh; Intel Mac OS X 10_15_7) AppleWebKit/537.36 (KHTML, like Gecko) Chrome/101.0.4951.54 Safari/537.36"
46.101.144.32 - - [10/May/2022:21:37:02 +0000] "POST /wp-cron.php?doing_wp_cron=1652218622.2035989761352539062500 HTTP/1.1" 200 4753 "https://46.101.144.32/wp-cron.php?doing_wp_cron=1652218622.2035989761352539062500" "WordPress/5.9.3; https://www.talmedos.com"
93.162.98.150 - - [10/May/2022:21:37:02 +0000] "POST /wp-admin/admin-ajax.php HTTP/1.1" 200 1111 "https://46.101.144.32/wp-admin/" "Mozilla/5.0 (Macintosh; Intel Mac OS X 10_15_7) AppleWebKit/537.36 (KHTML, like Gecko) Chrome/101.0.4951.54 Safari/537.36"
46.101.144.32 - - [10/May/2022:21:38:02 +0000] "POST /wp-cron.php?doing_wp_cron=1652218682.1209928989410400390625 HTTP/1.1" 200 4753 "https://46.101.144.32/wp-cron.php?doing_wp_cron=1652218682.1209928989410400390625" "WordPress/5.9.3; https://www.talmedos.com"
93.162.98.150 - - [10/May/2022:21:38:02 +0000] "POST /wp-admin/admin-ajax.php HTTP/1.1" 200 5117 "https://46.101.144.32/wp-admin/" "Mozilla/5.0 (Macintosh; Intel Mac OS X 10_15_7) AppleWebKit/537.36 (KHTML, like Gecko) Chrome/101.0.4951.54 Safari/537.36"
46.101.144.32 - - [10/May/2022:21:39:14 +0000] "POST /wp-cron.php?doing_wp_cron=1652218754.3992741107940673828125 HTTP/1.1" 200 4753 "https://46.101.144.32/wp-cron.php?doing_wp_cron=1652218754.3992741107940673828125" "WordPress/5.9.3; https://www.talmedos.com"
93.162.98.150 - - [10/May/2022:21:39:14 +0000] "POST /wp-admin/admin-ajax.php HTTP/1.1" 200 1111 "https://46.101.144.32/wp-admin/" "Mozilla/5.0 (Macintosh; Intel Mac OS X 10_15_7) AppleWebKit/537.36 (KHTML, like Gecko) Chrome/101.0.4951.54 Safari/537.36"
46.101.144.32 - - [10/May/2022:21:40:15 +0000] "POST /wp-cron.php?doing_wp_cron=1652218815.1786301136016845703125 HTTP/1.1" 200 4753 "https://46.101.144.32/wp-cron.php?doing_wp_cron=1652218815.1786301136016845703125" "WordPress/5.9.3; https://www.talmedos.com"
93.162.98.150 - - [10/May/2022:21:40:15 +0000] "POST /wp-admin/admin-ajax.php HTTP/1.1" 200 5117 "https://46.101.144.32/wp-admin/" "Mozilla/5.0 (Macintosh; Intel Mac OS X 10_15_7) AppleWebKit/537.36 (KHTML, like Gecko) Chrome/101.0.4951.54 Safari/537.36"
46.101.144.32 - - [10/May/2022:21:42:16 +0000] "POST /wp-cron.php?doing_wp_cron=1652218936.3541450500488281250000 HTTP/1.1" 200 4753 "https://46.101.144.32/wp-cron.php?doing_wp_cron=1652218936.3541450500488281250000" "WordPress/5.9.3; https://www.talmedos.com"
93.162.98.150 - - [10/May/2022:21:42:16 +0000] "POST /wp-admin/admin-ajax.php HTTP/1.1" 200 1111 "https://46.101.144.32/wp-admin/" "Mozilla/5.0 (Macintosh; Intel Mac OS X 10_15_7) AppleWebKit/537.36 (KHTML, like Gecko) Chrome/101.0.4951.54 Safari/537.36"
46.101.144.32 - - [10/May/2022:21:44:17 +0000] "POST /wp-cron.php?doing_wp_cron=1652219057.4229600429534912109375 HTTP/1.1" 200 4753 "https://46.101.144.32/wp-cron.php?doing_wp_cron=1652219057.4229600429534912109375" "WordPress/5.9.3; https://www.talmedos.com"
93.162.98.150 - - [10/May/2022:21:44:17 +0000] "POST /wp-admin/admin-ajax.php HTTP/1.1" 200 5117 "https://46.101.144.32/wp-admin/" "Mozilla/5.0 (Macintosh; Intel Mac OS X 10_15_7) AppleWebKit/537.36 (KHTML, like Gecko) Chrome/101.0.4951.54 Safari/537.36"
46.101.144.32 - - [10/May/2022:21:46:18 +0000] "POST /wp-cron.php?doing_wp_cron=1652219178.1872420310974121093750 HTTP/1.1" 200 4753 "https://46.101.144.32/wp-cron.php?doing_wp_cron=1652219178.1872420310974121093750" "WordPress/5.9.3; https://www.talmedos.com"
93.162.98.150 - - [10/May/2022:21:46:18 +0000] "POST /wp-admin/admin-ajax.php HTTP/1.1" 200 1111 "https://46.101.144.32/wp-admin/" "Mozilla/5.0 (Macintosh; Intel Mac OS X 10_15_7) AppleWebKit/537.36 (KHTML, like Gecko) Chrome/101.0.4951.54 Safari/537.36"
46.101.144.32 - - [10/May/2022:21:48:19 +0000] "GET / HTTP/1.1" 200 10189 "https://www.talmedos.com/" "WordPress/5.9.3; https://www.talmedos.com"
93.162.98.150 - - [10/May/2022:21:48:19 +0000] "POST /wp-admin/admin-ajax.php HTTP/1.1" 200 5117 "https://46.101.144.32/wp-admin/" "Mozilla/5.0 (Macintosh; Intel Mac OS X 10_15_7) AppleWebKit/537.36 (KHTML, like Gecko) Chrome/101.0.4951.54 Safari/537.36"
46.101.144.32 - - [10/May/2022:21:48:19 +0000] "POST /wp-cron.php?doing_wp_cron=1652219299.2131049633026123046875 HTTP/1.1" 200 4753 "https://46.101.144.32/wp-cron.php?doing_wp_cron=1652219299.2131049633026123046875" "WordPress/5.9.3; https://www.talmedos.com"
46.101.144.32 - - [10/May/2022:21:48:27 +0000] "POST /wp-cron.php?doing_wp_cron=1652219307.2116489410400390625000 HTTP/1.1" 200 4753 "https://46.101.144.32/wp-cron.php?doing_wp_cron=1652219307.2116489410400390625000" "WordPress/5.9.3; https://www.talmedos.com"
192.53.170.243 - - [10/May/2022:21:48:27 +0000] "GET / HTTP/1.1" 301 4184 "http://46.101.144.32/" "Mozilla/5.0 (Windows NT 10.0; Win64; x64) AppleWebKit/537.36 (KHTML, like Gecko) Chrome/60.0.3112.113 Safari/537.36"
192.53.170.243 - - [10/May/2022:21:48:28 +0000] "GET / HTTP/1.1" 200 9551 "https://46.101.144.32/" "Mozilla/5.0 (Windows NT 10.0; Win64; x64) AppleWebKit/537.36 (KHTML, like Gecko) Chrome/60.0.3112.113 Safari/537.36"
192.241.219.137 - - [10/May/2022:22:10:13 +0000] "GET / HTTP/1.0" 400 627 "-" "-"
46.101.144.32 - - [10/May/2022:22:12:34 +0000] "POST /wp-cron.php?doing_wp_cron=1652220754.1164960861206054687500 HTTP/1.1" 200 4753 "https://46.101.144.32/wp-cron.php?doing_wp_cron=1652220754.1164960861206054687500" "WordPress/5.9.3; https://www.talmedos.com"
176.23.46.156 - - [10/May/2022:22:12:34 +0000] "GET /?s=25 HTTP/1.1" 302 4812 "https://www.talmedos.com/" "Mozilla/5.0 (Windows NT 10.0; Win64; x64) AppleWebKit/537.36 (KHTML, like Gecko) Chrome/101.0.4951.54 Safari/537.36"
176.23.46.156 - - [10/May/2022:22:12:34 +0000] "GET / HTTP/1.1" 200 5660 "https://www.talmedos.com/" "Mozilla/5.0 (Windows NT 10.0; Win64; x64) AppleWebKit/537.36 (KHTML, like Gecko) Chrome/101.0.4951.54 Safari/537.36"
176.23.46.156 - - [10/May/2022:22:12:54 +0000] "-" 408 4517 "-" "-"
46.101.144.32 - - [10/May/2022:22:42:58 +0000] "POST /wp-cron.php?doing_wp_cron=1652222578.8355050086975097656250 HTTP/1.1" 200 4753 "https://46.101.144.32/wp-cron.php?doing_wp_cron=1652222578.8355050086975097656250" "WordPress/5.9.3; https://www.talmedos.com"
185.83.147.207 - - [10/May/2022:22:42:58 +0000] "GET /pinfo.php HTTP/1.1" 301 4928 "-" "Mozilla/5.0 (X11; Linux x86_64) AppleWebKit/537.36 (KHTML, like Gecko) Chrome/81.0.4044.129 Safari/537.36"
185.83.147.207 - - [10/May/2022:22:42:59 +0000] "POST /pinfo.php HTTP/1.1" 404 34180 "-" "Mozilla/5.0 (X11; Linux x86_64) AppleWebKit/537.36 (KHTML, like Gecko) Chrome/81.0.4044.129 Safari/537.36"
46.101.144.32 - - [10/May/2022:22:48:45 +0000] "POST /wp-cron.php?doing_wp_cron=1652222925.3264510631561279296875 HTTP/1.1" 200 4753 "https://46.101.144.32/wp-cron.php?doing_wp_cron=1652222925.3264510631561279296875" "WordPress/5.9.3; https://www.talmedos.com"
185.100.87.136 - - [10/May/2022:22:48:45 +0000] "POST /ajax HTTP/1.1" 404 33542 "-" "Mozilla/4.0 (compatible; MSIE 8.0; Windows NT 5.1; Trident/4.0; .NET CLR 1.1.4322; .NET CLR 2.0.50727; .NET CLR 3.0.4506.2152; .NET CLR 3.5.30729)"
46.101.144.32 - - [10/May/2022:22:56:55 +0000] "POST /wp-cron.php?doing_wp_cron=1652223415.4416849613189697265625 HTTP/1.1" 200 4753 "https://46.101.144.32/wp-cron.php?doing_wp_cron=1652223415.4416849613189697265625" "WordPress/5.9.3; https://www.talmedos.com"
20.98.88.107 - - [10/May/2022:22:56:55 +0000] "GET /.env HTTP/1.1" 404 34129 "-" "Mozilla/5.0 (X11; Linux x86_64) AppleWebKit/537.36 (KHTML, like Gecko) Chrome/81.0.4044.129 Safari/537.36"
20.98.88.107 - - [10/May/2022:22:57:12 +0000] "POST / HTTP/1.1" 200 10173 "-" "Mozilla/5.0 (X11; Linux x86_64) AppleWebKit/537.36 (KHTML, like Gecko) Chrome/81.0.4044.129 Safari/537.36"
46.101.144.32 - - [10/May/2022:23:00:40 +0000] "POST /wp-cron.php?doing_wp_cron=1652223640.4600510597229003906250 HTTP/1.1" 200 4753 "https://46.101.144.32/wp-cron.php?doing_wp_cron=1652223640.4600510597229003906250" "WordPress/5.9.3; https://www.talmedos.com"
185.180.143.18 - - [10/May/2022:23:00:40 +0000] "GET / HTTP/1.1" 301 4226 "-" "Mozilla/5.0 (Windows NT 10.0; Win64; x64) AppleWebKit/537.36 (KHTML, like Gecko) Chrome/60.0.3112.113 Safari/537.36"
185.180.143.18 - - [10/May/2022:23:00:41 +0000] "GET / HTTP/1.1" 200 9628 "https://46.101.144.32/" "Mozilla/5.0 (Windows NT 10.0; Win64; x64) AppleWebKit/537.36 (KHTML, like Gecko) Chrome/60.0.3112.113 Safari/537.36"
