46.101.144.32 - - [11/May/2022:00:01:32 +0000] "POST /wp-cron.php?doing_wp_cron=1652227292.8971359729766845703125 HTTP/1.1" 200 4753 "https://46.101.144.32/wp-cron.php?doing_wp_cron=1652227292.8971359729766845703125" "WordPress/5.9.3; https://www.talmedos.com"
130.211.54.158 - - [11/May/2022:00:01:31 +0000] "GET / HTTP/1.1" 301 4255 "-" "python-requests/2.27.1"
46.101.144.32 - - [11/May/2022:01:21:02 +0000] "POST /wp-cron.php?doing_wp_cron=1652232062.4541459083557128906250 HTTP/1.1" 200 4753 "https://46.101.144.32/wp-cron.php?doing_wp_cron=1652232062.4541459083557128906250" "WordPress/5.9.3; https://www.talmedos.com"
128.1.248.42 - - [11/May/2022:01:21:02 +0000] "GET / HTTP/1.1" 301 4226 "-" "Mozilla/5.0 (Windows NT 10.0; Win64; x64) AppleWebKit/537.36 (KHTML, like Gecko) Chrome/60.0.3112.113 Safari/537.36"
128.1.248.42 - - [11/May/2022:01:21:03 +0000] "GET / HTTP/1.1" 200 9628 "https://46.101.144.32/" "Mozilla/5.0 (Windows NT 10.0; Win64; x64) AppleWebKit/537.36 (KHTML, like Gecko) Chrome/60.0.3112.113 Safari/537.36"
46.101.144.32 - - [11/May/2022:01:23:07 +0000] "POST /wp-cron.php?doing_wp_cron=1652232187.4106910228729248046875 HTTP/1.1" 200 4753 "https://46.101.144.32/wp-cron.php?doing_wp_cron=1652232187.4106910228729248046875" "WordPress/5.9.3; https://www.talmedos.com"
104.200.137.16 - - [11/May/2022:01:23:07 +0000] "GET /.env HTTP/1.1" 404 34176 "-" "Mozilla/5.0 (X11; Linux x86_64) AppleWebKit/537.36 (KHTML, like Gecko) Chrome/81.0.4044.129 Safari/537.36"
46.101.144.32 - - [11/May/2022:01:23:08 +0000] "POST /wp-cron.php?doing_wp_cron=1652232188.1729140281677246093750 HTTP/1.1" 200 4753 "https://46.101.144.32/wp-cron.php?doing_wp_cron=1652232188.1729140281677246093750" "WordPress/5.9.3; https://www.talmedos.com"
104.200.137.16 - - [11/May/2022:01:23:08 +0000] "POST / HTTP/1.1" 200 10220 "-" "Mozilla/5.0 (X11; Linux x86_64) AppleWebKit/537.36 (KHTML, like Gecko) Chrome/81.0.4044.129 Safari/537.36"
46.101.144.32 - - [11/May/2022:01:25:49 +0000] "POST /wp-cron.php?doing_wp_cron=1652232349.2909100055694580078125 HTTP/1.1" 200 4753 "https://46.101.144.32/wp-cron.php?doing_wp_cron=1652232349.2909100055694580078125" "WordPress/5.9.3; https://www.talmedos.com"
192.241.221.122 - - [11/May/2022:01:25:49 +0000] "GET /owa/auth/logon.aspx?url=https%3a%2f%2f1%2fecp%2f HTTP/1.1" 404 33515 "-" "Mozilla/5.0 zgrab/0.x"
46.101.144.32 - - [11/May/2022:02:00:30 +0000] "POST /wp-cron.php?doing_wp_cron=1652234430.4440250396728515625000 HTTP/1.1" 200 4753 "https://46.101.144.32/wp-cron.php?doing_wp_cron=1652234430.4440250396728515625000" "WordPress/5.9.3; https://www.talmedos.com"
104.200.137.16 - - [11/May/2022:02:00:30 +0000] "GET /.env HTTP/1.1" 404 34176 "-" "Mozilla/5.0 (X11; Linux x86_64) AppleWebKit/537.36 (KHTML, like Gecko) Chrome/81.0.4044.129 Safari/537.36"
104.200.137.16 - - [11/May/2022:02:00:31 +0000] "POST / HTTP/1.1" 200 10220 "-" "Mozilla/5.0 (X11; Linux x86_64) AppleWebKit/537.36 (KHTML, like Gecko) Chrome/81.0.4044.129 Safari/537.36"
45.61.188.169 - - [11/May/2022:02:02:28 +0000] "GET / HTTP/1.0" 400 627 "-" "-"
46.101.144.32 - - [11/May/2022:02:33:31 +0000] "POST /wp-cron.php?doing_wp_cron=1652236411.1722629070281982421875 HTTP/1.1" 200 4753 "https://46.101.144.32/wp-cron.php?doing_wp_cron=1652236411.1722629070281982421875" "WordPress/5.9.3; https://www.talmedos.com"
185.83.146.154 - - [11/May/2022:02:33:31 +0000] "GET /.env HTTP/1.1" 301 4923 "-" "Mozilla/5.0 (X11; Linux x86_64) AppleWebKit/537.36 (KHTML, like Gecko) Chrome/81.0.4044.129 Safari/537.36"
185.83.146.154 - - [11/May/2022:02:33:32 +0000] "POST /.env HTTP/1.1" 404 34180 "-" "Mozilla/5.0 (X11; Linux x86_64) AppleWebKit/537.36 (KHTML, like Gecko) Chrome/81.0.4044.129 Safari/537.36"
46.101.144.32 - - [11/May/2022:02:52:57 +0000] "POST /wp-cron.php?doing_wp_cron=1652237577.0332028865814208984375 HTTP/1.1" 200 4753 "https://46.101.144.32/wp-cron.php?doing_wp_cron=1652237577.0332028865814208984375" "WordPress/5.9.3; https://www.talmedos.com"
45.83.66.30 - - [11/May/2022:02:52:56 +0000] "GET / HTTP/1.1" 301 4240 "-" "Mozilla/5.0 (Windows NT 10.0; Win64; x64; rv:65.0) Gecko/20100101 Firefox/65.0"
46.101.144.32 - - [11/May/2022:03:29:02 +0000] "POST /wp-cron.php?doing_wp_cron=1652239742.2631299495697021484375 HTTP/1.1" 200 4753 "https://46.101.144.32/wp-cron.php?doing_wp_cron=1652239742.2631299495697021484375" "WordPress/5.9.3; https://www.talmedos.com"
78.188.115.103 - - [11/May/2022:03:29:02 +0000] "GET / HTTP/1.0" 301 4438 "-" "-"
109.237.103.118 - - [11/May/2022:04:00:34 +0000] "GET / HTTP/1.0" 400 627 "-" "-"
46.101.144.32 - - [11/May/2022:04:00:34 +0000] "POST /wp-cron.php?doing_wp_cron=1652241634.6755349636077880859375 HTTP/1.1" 200 4753 "https://46.101.144.32/wp-cron.php?doing_wp_cron=1652241634.6755349636077880859375" "WordPress/5.9.3; https://www.talmedos.com"
109.237.103.118 - - [11/May/2022:04:00:34 +0000] "GET /.aws/credentials HTTP/1.1" 404 34129 "-" "Mozilla/5.0 (X11; Linux x86_64) AppleWebKit/537.36 (KHTML, like Gecko) Chrome/81.0.4044.129 Safari/537.36"
46.101.144.32 - - [11/May/2022:04:01:57 +0000] "POST /wp-cron.php?doing_wp_cron=1652241717.3619539737701416015625 HTTP/1.1" 200 4753 "https://46.101.144.32/wp-cron.php?doing_wp_cron=1652241717.3619539737701416015625" "WordPress/5.9.3; https://www.talmedos.com"
192.241.213.224 - - [11/May/2022:04:01:57 +0000] "GET /ReportServer HTTP/1.1" 404 33515 "-" "Mozilla/5.0 zgrab/0.x"
46.101.144.32 - - [11/May/2022:04:06:43 +0000] "POST /wp-cron.php?doing_wp_cron=1652242003.0414900779724121093750 HTTP/1.1" 200 4753 "https://46.101.144.32/wp-cron.php?doing_wp_cron=1652242003.0414900779724121093750" "WordPress/5.9.3; https://www.talmedos.com"
192.241.219.51 - - [11/May/2022:04:06:42 +0000] "GET /login HTTP/1.1" 302 4343 "-" "Mozilla/5.0 zgrab/0.x"
46.101.144.32 - - [11/May/2022:04:35:10 +0000] "POST /wp-cron.php?doing_wp_cron=1652243710.1350989341735839843750 HTTP/1.1" 200 4753 "https://46.101.144.32/wp-cron.php?doing_wp_cron=1652243710.1350989341735839843750" "WordPress/5.9.3; https://www.talmedos.com"
163.172.88.201 - - [11/May/2022:04:35:10 +0000] "GET /.env HTTP/1.1" 404 33750 "-" "python-requests/2.6.0 CPython/2.7.5 Linux/3.10.0-1160.62.1.el7.x86_64"
46.101.144.32 - - [11/May/2022:04:47:29 +0000] "POST /wp-cron.php?doing_wp_cron=1652244449.4636380672454833984375 HTTP/1.1" 200 4753 "https://46.101.144.32/wp-cron.php?doing_wp_cron=1652244449.4636380672454833984375" "WordPress/5.9.3; https://www.talmedos.com"
185.83.147.50 - - [11/May/2022:04:47:29 +0000] "GET /linusadmin-phpinfo.php HTTP/1.1" 301 4941 "-" "Mozilla/5.0 (X11; Linux x86_64) AppleWebKit/537.36 (KHTML, like Gecko) Chrome/81.0.4044.129 Safari/537.36"
185.83.147.50 - - [11/May/2022:04:47:29 +0000] "POST /linusadmin-phpinfo.php HTTP/1.1" 404 34180 "-" "Mozilla/5.0 (X11; Linux x86_64) AppleWebKit/537.36 (KHTML, like Gecko) Chrome/81.0.4044.129 Safari/537.36"
46.101.144.32 - - [11/May/2022:04:53:00 +0000] "POST /wp-cron.php?doing_wp_cron=1652244780.1429030895233154296875 HTTP/1.1" 200 4753 "https://46.101.144.32/wp-cron.php?doing_wp_cron=1652244780.1429030895233154296875" "WordPress/5.9.3; https://www.talmedos.com"
138.246.253.24 - - [11/May/2022:04:53:00 +0000] "GET /robots.txt HTTP/1.1" 200 4856 "-" "Mozilla/5.0 (Windows NT 10.0; Win64; x64) AppleWebKit/537.36 (KHTML, like Gecko) Chrome/88.0.4324.146 Safari/537.36"
46.101.144.32 - - [11/May/2022:04:54:58 +0000] "POST /wp-cron.php?doing_wp_cron=1652244898.7908749580383300781250 HTTP/1.1" 200 4753 "https://46.101.144.32/wp-cron.php?doing_wp_cron=1652244898.7908749580383300781250" "WordPress/5.9.3; https://www.talmedos.com"
51.81.167.146 - - [11/May/2022:04:54:58 +0000] "GET / HTTP/1.1" 200 29850 "-" "Mozilla/5.0 (iPhone; CPU iPhone OS 15_1_1 like Mac OS X) AppleWebKit/605.1.15 (KHTML, like Gecko) Version/15.1 Mobile/15E148 Safari/604.1"
46.101.144.32 - - [11/May/2022:05:38:14 +0000] "POST /wp-cron.php?doing_wp_cron=1652247494.5768399238586425781250 HTTP/1.1" 200 4753 "https://46.101.144.32/wp-cron.php?doing_wp_cron=1652247494.5768399238586425781250" "WordPress/5.9.3; https://www.talmedos.com"
185.174.28.74 - - [11/May/2022:05:38:14 +0000] "GET /test.php HTTP/1.1" 301 4927 "-" "Mozilla/5.0 (X11; Linux x86_64) AppleWebKit/537.36 (KHTML, like Gecko) Chrome/81.0.4044.129 Safari/537.36"
185.174.28.74 - - [11/May/2022:05:38:15 +0000] "POST /test.php HTTP/1.1" 404 34180 "-" "Mozilla/5.0 (X11; Linux x86_64) AppleWebKit/537.36 (KHTML, like Gecko) Chrome/81.0.4044.129 Safari/537.36"
46.101.144.32 - - [11/May/2022:06:10:19 +0000] "POST /wp-cron.php?doing_wp_cron=1652249419.1589179039001464843750 HTTP/1.1" 200 4753 "https://46.101.144.32/wp-cron.php?doing_wp_cron=1652249419.1589179039001464843750" "WordPress/5.9.3; https://www.talmedos.com"
62.198.132.192 - - [11/May/2022:06:10:19 +0000] "GET / HTTP/1.1" 200 10178 "-" "Mozilla/5.0 (Linux; Android 12; KB2003) AppleWebKit/537.36 (KHTML, like Gecko) Chrome/101.0.4951.41 Mobile Safari/537.36"
46.101.144.32 - - [11/May/2022:06:10:33 +0000] "POST /wp-cron.php?doing_wp_cron=1652249433.0897529125213623046875 HTTP/1.1" 200 4753 "https://46.101.144.32/wp-cron.php?doing_wp_cron=1652249433.0897529125213623046875" "WordPress/5.9.3; https://www.talmedos.com"
62.198.132.192 - - [11/May/2022:06:10:33 +0000] "GET / HTTP/1.1" 200 6172 "-" "Mozilla/5.0 (Linux; Android 12; KB2003) AppleWebKit/537.36 (KHTML, like Gecko) Chrome/101.0.4951.41 Mobile Safari/537.36"
62.198.132.192 - - [11/May/2022:06:10:46 +0000] "-" 408 511 "-" "-"
46.101.144.32 - - [11/May/2022:06:34:17 +0000] "POST /wp-cron.php?doing_wp_cron=1652250857.1165609359741210937500 HTTP/1.1" 200 4753 "https://46.101.144.32/wp-cron.php?doing_wp_cron=1652250857.1165609359741210937500" "WordPress/5.9.3; https://www.talmedos.com"
193.118.53.202 - - [11/May/2022:06:34:16 +0000] "GET / HTTP/1.1" 301 4184 "http://46.101.144.32/" "Mozilla/5.0 (Windows NT 10.0; Win64; x64) AppleWebKit/537.36 (KHTML, like Gecko) Chrome/60.0.3112.113 Safari/537.36"
193.118.53.202 - - [11/May/2022:06:34:17 +0000] "GET / HTTP/1.1" 200 9551 "https://46.101.144.32/" "Mozilla/5.0 (Windows NT 10.0; Win64; x64) AppleWebKit/537.36 (KHTML, like Gecko) Chrome/60.0.3112.113 Safari/537.36"
46.101.144.32 - - [11/May/2022:06:38:51 +0000] "POST /wp-cron.php?doing_wp_cron=1652251131.0016620159149169921875 HTTP/1.1" 200 4753 "https://46.101.144.32/wp-cron.php?doing_wp_cron=1652251131.0016620159149169921875" "WordPress/5.9.3; https://www.talmedos.com"
192.241.221.222 - - [11/May/2022:06:38:50 +0000] "GET /owa/auth/x.js HTTP/1.1" 404 33515 "-" "Mozilla/5.0 zgrab/0.x"
46.101.144.32 - - [11/May/2022:06:42:02 +0000] "POST /wp-cron.php?doing_wp_cron=1652251322.9555699825286865234375 HTTP/1.1" 200 4753 "https://46.101.144.32/wp-cron.php?doing_wp_cron=1652251322.9555699825286865234375" "WordPress/5.9.3; https://www.talmedos.com"
192.241.219.87 - - [11/May/2022:06:42:02 +0000] "GET /ecp/Current/exporttool/microsoft.exchange.ediscovery.exporttool.application HTTP/1.1" 404 33515 "-" "Mozilla/5.0 zgrab/0.x"
46.101.144.32 - - [11/May/2022:06:45:03 +0000] "POST /wp-cron.php?doing_wp_cron=1652251503.2715539932250976562500 HTTP/1.1" 200 4753 "https://46.101.144.32/wp-cron.php?doing_wp_cron=1652251503.2715539932250976562500" "WordPress/5.9.3; https://www.talmedos.com"
192.241.221.172 - - [11/May/2022:06:45:03 +0000] "GET /owa/auth/logon.aspx HTTP/1.1" 404 33515 "-" "Mozilla/5.0 zgrab/0.x"
46.101.144.32 - - [11/May/2022:06:49:34 +0000] "POST /wp-cron.php?doing_wp_cron=1652251774.4430079460144042968750 HTTP/1.1" 200 4753 "https://46.101.144.32/wp-cron.php?doing_wp_cron=1652251774.4430079460144042968750" "WordPress/5.9.3; https://www.talmedos.com"
183.136.225.35 - - [11/May/2022:06:49:34 +0000] "GET / HTTP/1.1" 200 29971 "-" "Mozilla/5.0 (Macintosh; Intel Mac OS X 10.11; rv:47.0) Gecko/20100101 Firefox/47.0"
46.101.144.32 - - [11/May/2022:06:56:52 +0000] "POST /wp-cron.php?doing_wp_cron=1652252212.3133049011230468750000 HTTP/1.1" 200 4753 "https://46.101.144.32/wp-cron.php?doing_wp_cron=1652252212.3133049011230468750000" "WordPress/5.9.3; https://www.talmedos.com"
184.105.247.196 - - [11/May/2022:06:56:52 +0000] "GET / HTTP/1.1" 301 4184 "-" "-"
46.101.144.32 - - [11/May/2022:07:04:48 +0000] "POST /wp-cron.php?doing_wp_cron=1652252688.1812839508056640625000 HTTP/1.1" 200 4753 "https://46.101.144.32/wp-cron.php?doing_wp_cron=1652252688.1812839508056640625000" "WordPress/5.9.3; https://www.talmedos.com"
5.179.80.204 - - [11/May/2022:07:04:48 +0000] "GET / HTTP/1.1" 200 10178 "-" "Mozilla/5.0 (Windows NT 10.0; Win64; x64) AppleWebKit/537.36 (KHTML, like Gecko) Chrome/101.0.4951.54 Safari/537.36"
46.101.144.32 - - [11/May/2022:07:06:54 +0000] "POST /wp-cron.php?doing_wp_cron=1652252813.9952340126037597656250 HTTP/1.1" 200 4753 "https://46.101.144.32/wp-cron.php?doing_wp_cron=1652252813.9952340126037597656250" "WordPress/5.9.3; https://www.talmedos.com"
128.14.134.134 - - [11/May/2022:07:06:53 +0000] "GET / HTTP/1.1" 301 4226 "-" "Mozilla/5.0 (Windows NT 10.0; Win64; x64) AppleWebKit/537.36 (KHTML, like Gecko) Chrome/60.0.3112.113 Safari/537.36"
128.14.134.134 - - [11/May/2022:07:06:54 +0000] "GET / HTTP/1.1" 200 9628 "https://46.101.144.32/" "Mozilla/5.0 (Windows NT 10.0; Win64; x64) AppleWebKit/537.36 (KHTML, like Gecko) Chrome/60.0.3112.113 Safari/537.36"
89.252.177.18 - - [11/May/2022:07:07:11 +0000] "GET /i.php HTTP/1.1" 301 4924 "-" "Mozilla/5.0 (X11; Linux x86_64) AppleWebKit/537.36 (KHTML, like Gecko) Chrome/81.0.4044.129 Safari/537.36"
89.252.177.18 - - [11/May/2022:07:07:11 +0000] "POST /i.php HTTP/1.1" 404 34180 "-" "Mozilla/5.0 (X11; Linux x86_64) AppleWebKit/537.36 (KHTML, like Gecko) Chrome/81.0.4044.129 Safari/537.36"
46.101.144.32 - - [11/May/2022:07:08:10 +0000] "POST /wp-cron.php?doing_wp_cron=1652252890.9037320613861083984375 HTTP/1.1" 200 4753 "https://46.101.144.32/wp-cron.php?doing_wp_cron=1652252890.9037320613861083984375" "WordPress/5.9.3; https://www.talmedos.com"
5.179.80.204 - - [11/May/2022:07:08:10 +0000] "GET / HTTP/1.1" 200 10178 "-" "Mozilla/5.0 (Windows NT 10.0; Win64; x64) AppleWebKit/537.36 (KHTML, like Gecko) Chrome/100.0.4896.127 Safari/537.36"
5.179.80.204 - - [11/May/2022:07:08:14 +0000] "GET / HTTP/1.1" 200 10178 "-" "Mozilla/5.0 (Windows NT 10.0; Win64; x64; rv:100.0) Gecko/20100101 Firefox/100.0"
5.179.80.204 - - [11/May/2022:07:08:14 +0000] "GET /robots.txt HTTP/1.1" 200 4977 "-" "Mozilla/5.0 (Windows NT 10.0; Win64; x64; rv:100.0) Gecko/20100101 Firefox/100.0"
5.179.80.204 - - [11/May/2022:07:08:20 +0000] "GET / HTTP/1.1" 200 6172 "-" "Mozilla/5.0 (Windows NT 10.0; Win64; x64; rv:100.0) Gecko/20100101 Firefox/100.0"
46.101.144.32 - - [11/May/2022:07:08:26 +0000] "POST /wp-cron.php?doing_wp_cron=1652252906.2035090923309326171875 HTTP/1.1" 200 4753 "https://46.101.144.32/wp-cron.php?doing_wp_cron=1652252906.2035090923309326171875" "WordPress/5.9.3; https://www.talmedos.com"
5.179.80.204 - - [11/May/2022:07:08:26 +0000] "GET / HTTP/1.1" 200 6172 "-" "Mozilla/5.0 (Windows NT 10.0; Win64; x64) AppleWebKit/537.36 (KHTML, like Gecko) Chrome/100.0.4896.127 Safari/537.36"
5.179.80.204 - - [11/May/2022:07:08:31 +0000] "GET / HTTP/1.1" 200 6172 "-" "Mozilla/5.0 (Windows NT 10.0; Win64; x64) AppleWebKit/537.36 (KHTML, like Gecko) Chrome/100.0.4896.127 Safari/537.36"
46.101.144.32 - - [11/May/2022:07:09:10 +0000] "POST /wp-cron.php?doing_wp_cron=1652252950.6099860668182373046875 HTTP/1.1" 200 4753 "https://46.101.144.32/wp-cron.php?doing_wp_cron=1652252950.6099860668182373046875" "WordPress/5.9.3; https://www.talmedos.com"
5.179.80.204 - - [11/May/2022:07:09:10 +0000] "GET / HTTP/1.1" 200 6172 "-" "Mozilla/5.0 (Windows NT 10.0; Win64; x64) AppleWebKit/537.36 (KHTML, like Gecko) Chrome/101.0.4951.54 Safari/537.36"
5.179.80.204 - - [11/May/2022:07:09:15 +0000] "GET /?s=logfilen HTTP/1.1" 302 294 "https://www.talmedos.com/" "Mozilla/5.0 (Windows NT 10.0; Win64; x64) AppleWebKit/537.36 (KHTML, like Gecko) Chrome/101.0.4951.54 Safari/537.36"
5.179.80.204 - - [11/May/2022:07:09:15 +0000] "GET / HTTP/1.1" 200 5660 "https://www.talmedos.com/" "Mozilla/5.0 (Windows NT 10.0; Win64; x64) AppleWebKit/537.36 (KHTML, like Gecko) Chrome/101.0.4951.54 Safari/537.36"
46.101.144.32 - - [11/May/2022:07:09:27 +0000] "POST /wp-cron.php?doing_wp_cron=1652252967.6075839996337890625000 HTTP/1.1" 200 4753 "https://46.101.144.32/wp-cron.php?doing_wp_cron=1652252967.6075839996337890625000" "WordPress/5.9.3; https://www.talmedos.com"
5.179.80.204 - - [11/May/2022:07:09:27 +0000] "GET / HTTP/1.1" 200 10178 "-" "Mozilla/5.0 (Macintosh; Intel Mac OS X 10_15_7) AppleWebKit/605.1.15 (KHTML, like Gecko) Version/14.1.2 Safari/605.1.15"
5.179.80.204 - - [11/May/2022:07:09:35 +0000] "-" 408 511 "-" "-"
46.101.144.32 - - [11/May/2022:07:09:36 +0000] "POST /wp-cron.php?doing_wp_cron=1652252976.2732369899749755859375 HTTP/1.1" 200 4753 "https://46.101.144.32/wp-cron.php?doing_wp_cron=1652252976.2732369899749755859375" "WordPress/5.9.3; https://www.talmedos.com"
5.179.80.204 - - [11/May/2022:07:09:36 +0000] "GET /?s=hej HTTP/1.1" 302 4812 "https://www.talmedos.com/" "Mozilla/5.0 (Macintosh; Intel Mac OS X 10_15_7) AppleWebKit/605.1.15 (KHTML, like Gecko) Version/14.1.2 Safari/605.1.15"
5.179.80.204 - - [11/May/2022:07:09:36 +0000] "GET / HTTP/1.1" 200 5660 "https://www.talmedos.com/" "Mozilla/5.0 (Macintosh; Intel Mac OS X 10_15_7) AppleWebKit/605.1.15 (KHTML, like Gecko) Version/14.1.2 Safari/605.1.15"
46.101.144.32 - - [11/May/2022:07:13:18 +0000] "POST /wp-cron.php?doing_wp_cron=1652253198.8228330612182617187500 HTTP/1.1" 200 4753 "https://46.101.144.32/wp-cron.php?doing_wp_cron=1652253198.8228330612182617187500" "WordPress/5.9.3; https://www.talmedos.com"
5.179.80.205 - - [11/May/2022:07:13:18 +0000] "GET / HTTP/1.1" 200 10178 "-" "Mozilla/5.0 (Macintosh; Intel Mac OS X 10_15_7) AppleWebKit/537.36 (KHTML, like Gecko) Chrome/101.0.4951.54 Safari/537.36"
46.101.144.32 - - [11/May/2022:07:14:16 +0000] "POST /wp-cron.php?doing_wp_cron=1652253256.9233260154724121093750 HTTP/1.1" 200 4753 "https://46.101.144.32/wp-cron.php?doing_wp_cron=1652253256.9233260154724121093750" "WordPress/5.9.3; https://www.talmedos.com"
5.179.80.205 - - [11/May/2022:07:14:16 +0000] "GET /?s=test+ HTTP/1.1" 302 806 "https://www.talmedos.com/" "Mozilla/5.0 (Macintosh; Intel Mac OS X 10_15_7) AppleWebKit/537.36 (KHTML, like Gecko) Chrome/101.0.4951.54 Safari/537.36"
5.179.80.205 - - [11/May/2022:07:14:17 +0000] "GET / HTTP/1.1" 200 5660 "https://www.talmedos.com/" "Mozilla/5.0 (Macintosh; Intel Mac OS X 10_15_7) AppleWebKit/537.36 (KHTML, like Gecko) Chrome/101.0.4951.54 Safari/537.36"
46.101.144.32 - - [11/May/2022:07:18:45 +0000] "POST /wp-cron.php?doing_wp_cron=1652253525.2994079589843750000000 HTTP/1.1" 200 4753 "https://46.101.144.32/wp-cron.php?doing_wp_cron=1652253525.2994079589843750000000" "WordPress/5.9.3; https://www.talmedos.com"
54.216.239.112 - - [11/May/2022:07:18:45 +0000] "GET / HTTP/1.1" 301 4741 "http://46.101.144.32" "Mozilla/5.0 (Macintosh; Intel Mac OS X 10.15; rv:81.0) Gecko/20100101 Firefox/81.0"
54.216.239.112 - - [11/May/2022:07:18:45 +0000] "GET / HTTP/1.1" 200 10094 "https://46.101.144.32/" "Mozilla/5.0 (Macintosh; Intel Mac OS X 10.15; rv:81.0) Gecko/20100101 Firefox/81.0"
46.101.144.32 - - [11/May/2022:07:21:10 +0000] "POST /wp-cron.php?doing_wp_cron=1652253670.5758600234985351562500 HTTP/1.1" 200 4753 "https://46.101.144.32/wp-cron.php?doing_wp_cron=1652253670.5758600234985351562500" "WordPress/5.9.3; https://www.talmedos.com"
5.179.80.204 - - [11/May/2022:07:21:10 +0000] "GET / HTTP/1.1" 200 10178 "-" "Mozilla/5.0 (Macintosh; Intel Mac OS X 10_15_7) AppleWebKit/537.36 (KHTML, like Gecko) Chrome/101.0.4951.54 Safari/537.36"
5.179.80.204 - - [11/May/2022:07:21:11 +0000] "GET / HTTP/1.1" 200 10178 "-" "Mozilla/5.0 (Windows NT 10.0; Win64; x64) AppleWebKit/537.36 (KHTML, like Gecko) Chrome/101.0.4951.54 Safari/537.36"
5.179.80.204 - - [11/May/2022:07:21:11 +0000] "GET /wp-includes/css/dist/block-library/style.min.css?ver=5.9.3 HTTP/1.1" 200 16151 "https://www.talmedos.com/" "Mozilla/5.0 (Macintosh; Intel Mac OS X 10_15_7) AppleWebKit/537.36 (KHTML, like Gecko) Chrome/101.0.4951.54 Safari/537.36"
5.179.80.204 - - [11/May/2022:07:21:11 +0000] "GET /wp-content/themes/twentytwentyone/style.css?ver=1.5 HTTP/1.1" 200 27804 "https://www.talmedos.com/" "Mozilla/5.0 (Macintosh; Intel Mac OS X 10_15_7) AppleWebKit/537.36 (KHTML, like Gecko) Chrome/101.0.4951.54 Safari/537.36"
5.179.80.204 - - [11/May/2022:07:21:11 +0000] "GET /wp-includes/js/wp-emoji-release.min.js?ver=5.9.3 HTTP/1.1" 200 5347 "https://www.talmedos.com/" "Mozilla/5.0 (Macintosh; Intel Mac OS X 10_15_7) AppleWebKit/537.36 (KHTML, like Gecko) Chrome/101.0.4951.54 Safari/537.36"
5.179.80.204 - - [11/May/2022:07:21:11 +0000] "GET /wp-content/themes/twentytwentyone/assets/css/print.css?ver=1.5 HTTP/1.1" 200 1442 "https://www.talmedos.com/" "Mozilla/5.0 (Macintosh; Intel Mac OS X 10_15_7) AppleWebKit/537.36 (KHTML, like Gecko) Chrome/101.0.4951.54 Safari/537.36"
5.179.80.204 - - [11/May/2022:07:21:21 +0000] "GET / HTTP/1.1" 200 6172 "-" "Mozilla/5.0 (Windows NT 10.0; Win64; x64) AppleWebKit/537.36 (KHTML, like Gecko) Chrome/101.0.4951.54 Safari/537.36"
46.101.144.32 - - [11/May/2022:07:21:28 +0000] "POST /wp-cron.php?doing_wp_cron=1652253688.9198410511016845703125 HTTP/1.1" 200 4753 "https://46.101.144.32/wp-cron.php?doing_wp_cron=1652253688.9198410511016845703125" "WordPress/5.9.3; https://www.talmedos.com"
46.246.106.44 - - [11/May/2022:07:21:28 +0000] "GET / HTTP/1.1" 200 10178 "-" "Mozilla/5.0 (Macintosh; Intel Mac OS X 10_15_7) AppleWebKit/605.1.15 (KHTML, like Gecko) Version/15.4 Safari/605.1.15"
46.101.144.32 - - [11/May/2022:07:21:38 +0000] "POST /wp-cron.php?doing_wp_cron=1652253698.0821518898010253906250 HTTP/1.1" 200 4753 "https://46.101.144.32/wp-cron.php?doing_wp_cron=1652253698.0821518898010253906250" "WordPress/5.9.3; https://www.talmedos.com"
5.179.80.204 - - [11/May/2022:07:21:38 +0000] "GET / HTTP/1.1" 200 10178 "-" "Mozilla/5.0 (Windows NT 10.0; Win64; x64) AppleWebKit/537.36 (KHTML, like Gecko) Chrome/100.0.4896.127 Safari/537.36"
46.246.106.44 - - [11/May/2022:07:21:38 +0000] "GET / HTTP/1.1" 200 10178 "-" "Mozilla/5.0 (Macintosh; Intel Mac OS X 10_15_7) AppleWebKit/605.1.15 (KHTML, like Gecko) Version/15.4 Safari/605.1.15"
5.179.80.204 - - [11/May/2022:07:21:41 +0000] "-" 408 511 "-" "-"
5.179.80.205 - - [11/May/2022:07:21:50 +0000] "GET / HTTP/1.1" 301 4825 "-" "Mozilla/5.0 (Macintosh; Intel Mac OS X 10_15_7) AppleWebKit/537.36 (KHTML, like Gecko) Chrome/101.0.4951.54 Safari/537.36"
5.179.80.205 - - [11/May/2022:07:21:50 +0000] "GET / HTTP/1.1" 200 10178 "-" "Mozilla/5.0 (Macintosh; Intel Mac OS X 10_15_7) AppleWebKit/537.36 (KHTML, like Gecko) Chrome/101.0.4951.54 Safari/537.36"
5.179.80.204 - - [11/May/2022:07:21:58 +0000] "-" 408 4517 "-" "-"
46.246.106.44 - - [11/May/2022:07:22:18 +0000] "-" 408 4517 "-" "-"
46.101.144.32 - - [11/May/2022:07:22:27 +0000] "POST /wp-cron.php?doing_wp_cron=1652253747.5189769268035888671875 HTTP/1.1" 200 4753 "https://46.101.144.32/wp-cron.php?doing_wp_cron=1652253747.5189769268035888671875" "WordPress/5.9.3; https://www.talmedos.com"
46.246.106.44 - - [11/May/2022:07:22:27 +0000] "GET /?s=test HTTP/1.1" 302 4812 "https://www.talmedos.com/" "Mozilla/5.0 (Macintosh; Intel Mac OS X 10_15_7) AppleWebKit/605.1.15 (KHTML, like Gecko) Version/15.4 Safari/605.1.15"
46.246.106.44 - - [11/May/2022:07:22:27 +0000] "GET / HTTP/1.1" 200 5660 "https://www.talmedos.com/" "Mozilla/5.0 (Macintosh; Intel Mac OS X 10_15_7) AppleWebKit/605.1.15 (KHTML, like Gecko) Version/15.4 Safari/605.1.15"
5.179.80.205 - - [11/May/2022:07:22:27 +0000] "GET / HTTP/1.1" 200 10178 "-" "Mozilla/5.0 (Macintosh; Intel Mac OS X 10_15_7) AppleWebKit/605.1.15 (KHTML, like Gecko) Version/15.1 Safari/605.1.15"
5.179.80.204 - - [11/May/2022:07:22:28 +0000] "GET /?s=hej HTTP/1.1" 302 806 "https://www.talmedos.com/" "Mozilla/5.0 (Windows NT 10.0; Win64; x64) AppleWebKit/537.36 (KHTML, like Gecko) Chrome/100.0.4896.127 Safari/537.36"
5.179.80.204 - - [11/May/2022:07:22:28 +0000] "GET / HTTP/1.1" 200 5660 "https://www.talmedos.com/" "Mozilla/5.0 (Windows NT 10.0; Win64; x64) AppleWebKit/537.36 (KHTML, like Gecko) Chrome/100.0.4896.127 Safari/537.36"
5.179.80.205 - - [11/May/2022:07:22:29 +0000] "GET / HTTP/1.1" 200 10178 "-" "Mozilla/5.0 (Macintosh; Intel Mac OS X 10_15_7) AppleWebKit/537.36 (KHTML, like Gecko) Chrome/100.0.4896.127 Safari/537.36"
5.179.80.204 - - [11/May/2022:07:22:37 +0000] "GET / HTTP/1.1" 301 4825 "-" "Mozilla/5.0 (Windows NT 10.0; Win64; x64) AppleWebKit/537.36 (KHTML, like Gecko) Chrome/100.0.4896.88 Safari/537.36"
46.101.144.32 - - [11/May/2022:07:22:37 +0000] "POST /wp-cron.php?doing_wp_cron=1652253757.8993079662322998046875 HTTP/1.1" 200 4753 "https://46.101.144.32/wp-cron.php?doing_wp_cron=1652253757.8993079662322998046875" "WordPress/5.9.3; https://www.talmedos.com"
5.179.80.204 - - [11/May/2022:07:22:38 +0000] "GET / HTTP/1.1" 200 10178 "-" "Mozilla/5.0 (Windows NT 10.0; Win64; x64) AppleWebKit/537.36 (KHTML, like Gecko) Chrome/100.0.4896.88 Safari/537.36"
5.179.80.204 - - [11/May/2022:07:22:38 +0000] "GET /?s=Hej HTTP/1.1" 302 4812 "https://www.talmedos.com/" "Mozilla/5.0 (Windows NT 10.0; Win64; x64; rv:100.0) Gecko/20100101 Firefox/100.0"
5.179.80.204 - - [11/May/2022:07:22:38 +0000] "GET / HTTP/1.1" 200 5660 "https://www.talmedos.com/" "Mozilla/5.0 (Windows NT 10.0; Win64; x64; rv:100.0) Gecko/20100101 Firefox/100.0"
5.179.80.205 - - [11/May/2022:07:22:44 +0000] "GET / HTTP/1.1" 301 4825 "-" "Mozilla/5.0 (Macintosh; Intel Mac OS X 10_15_7) AppleWebKit/605.1.15 (KHTML, like Gecko) Version/15.3 Safari/605.1.15"
5.179.80.205 - - [11/May/2022:07:22:44 +0000] "GET / HTTP/1.1" 200 10178 "-" "Mozilla/5.0 (Macintosh; Intel Mac OS X 10_15_7) AppleWebKit/605.1.15 (KHTML, like Gecko) Version/15.3 Safari/605.1.15"
5.179.80.204 - - [11/May/2022:07:22:48 +0000] "-" 408 511 "-" "-"
5.179.80.204 - - [11/May/2022:07:22:54 +0000] "GET / HTTP/1.1" 301 4825 "-" "Mozilla/5.0 (Macintosh; Intel Mac OS X 10_15_7) AppleWebKit/537.36 (KHTML, like Gecko) Chrome/101.0.4951.54 Safari/537.36"
5.179.80.204 - - [11/May/2022:07:22:54 +0000] "GET / HTTP/1.1" 200 6172 "-" "Mozilla/5.0 (Macintosh; Intel Mac OS X 10_15_7) AppleWebKit/537.36 (KHTML, like Gecko) Chrome/101.0.4951.54 Safari/537.36"
5.179.80.204 - - [11/May/2022:07:22:55 +0000] "GET /wp-includes/css/dist/block-library/style.min.css?ver=5.9.3 HTTP/1.1" 200 16151 "https://www.talmedos.com/" "Mozilla/5.0 (Macintosh; Intel Mac OS X 10_15_7) AppleWebKit/537.36 (KHTML, like Gecko) Chrome/101.0.4951.54 Safari/537.36"
5.179.80.204 - - [11/May/2022:07:22:55 +0000] "GET /wp-content/themes/twentytwentyone/style.css?ver=1.5 HTTP/1.1" 200 27804 "https://www.talmedos.com/" "Mozilla/5.0 (Macintosh; Intel Mac OS X 10_15_7) AppleWebKit/537.36 (KHTML, like Gecko) Chrome/101.0.4951.54 Safari/537.36"
5.179.80.204 - - [11/May/2022:07:22:55 +0000] "GET /wp-includes/js/wp-emoji-release.min.js?ver=5.9.3 HTTP/1.1" 200 5347 "https://www.talmedos.com/" "Mozilla/5.0 (Macintosh; Intel Mac OS X 10_15_7) AppleWebKit/537.36 (KHTML, like Gecko) Chrome/101.0.4951.54 Safari/537.36"
5.179.80.204 - - [11/May/2022:07:22:55 +0000] "GET /wp-content/themes/twentytwentyone/assets/css/print.css?ver=1.5 HTTP/1.1" 200 1442 "https://www.talmedos.com/" "Mozilla/5.0 (Macintosh; Intel Mac OS X 10_15_7) AppleWebKit/537.36 (KHTML, like Gecko) Chrome/101.0.4951.54 Safari/537.36"
5.179.80.205 - - [11/May/2022:07:23:01 +0000] "GET / HTTP/1.1" 200 10178 "-" "Mozilla/5.0 (Windows NT 10.0; Win64; x64) AppleWebKit/537.36 (KHTML, like Gecko) Chrome/101.0.4951.64 Safari/537.36"
5.179.80.204 - - [11/May/2022:07:23:07 +0000] "GET / HTTP/1.1" 200 6172 "-" "Mozilla/5.0 (Windows NT 10.0; Win64; x64) AppleWebKit/537.36 (KHTML, like Gecko) Chrome/100.0.4896.88 Safari/537.36"
5.179.80.205 - - [11/May/2022:07:23:08 +0000] "GET /?s=hvem+er+ HTTP/1.1" 302 4812 "https://www.talmedos.com/" "Mozilla/5.0 (Macintosh; Intel Mac OS X 10_15_7) AppleWebKit/605.1.15 (KHTML, like Gecko) Version/15.1 Safari/605.1.15"
5.179.80.205 - - [11/May/2022:07:23:09 +0000] "GET / HTTP/1.1" 200 5660 "https://www.talmedos.com/" "Mozilla/5.0 (Macintosh; Intel Mac OS X 10_15_7) AppleWebKit/605.1.15 (KHTML, like Gecko) Version/15.1 Safari/605.1.15"
5.179.80.205 - - [11/May/2022:07:23:13 +0000] "GET /?s=field HTTP/1.1" 302 806 "https://www.talmedos.com/" "Mozilla/5.0 (Windows NT 10.0; Win64; x64) AppleWebKit/537.36 (KHTML, like Gecko) Chrome/101.0.4951.64 Safari/537.36"
5.179.80.205 - - [11/May/2022:07:23:13 +0000] "GET / HTTP/1.1" 200 5660 "https://www.talmedos.com/" "Mozilla/5.0 (Windows NT 10.0; Win64; x64) AppleWebKit/537.36 (KHTML, like Gecko) Chrome/101.0.4951.64 Safari/537.36"
5.179.80.204 - - [11/May/2022:07:23:19 +0000] "GET /?s=hej HTTP/1.1" 302 806 "https://www.talmedos.com/" "Mozilla/5.0 (Windows NT 10.0; Win64; x64) AppleWebKit/537.36 (KHTML, like Gecko) Chrome/100.0.4896.88 Safari/537.36"
5.179.80.204 - - [11/May/2022:07:23:19 +0000] "GET / HTTP/1.1" 200 5660 "https://www.talmedos.com/" "Mozilla/5.0 (Windows NT 10.0; Win64; x64) AppleWebKit/537.36 (KHTML, like Gecko) Chrome/100.0.4896.88 Safari/537.36"
5.179.80.204 - - [11/May/2022:07:23:19 +0000] "GET /?s=Hej+hvorn%C3%A5r+er+der+%C3%A5bent%3F HTTP/1.1" 302 806 "https://www.talmedos.com/" "Mozilla/5.0 (Macintosh; Intel Mac OS X 10_15_7) AppleWebKit/537.36 (KHTML, like Gecko) Chrome/101.0.4951.54 Safari/537.36"
5.179.80.204 - - [11/May/2022:07:23:19 +0000] "GET / HTTP/1.1" 200 5660 "https://www.talmedos.com/" "Mozilla/5.0 (Macintosh; Intel Mac OS X 10_15_7) AppleWebKit/537.36 (KHTML, like Gecko) Chrome/101.0.4951.54 Safari/537.36"
5.179.80.204 - - [11/May/2022:07:23:19 +0000] "GET /wp-includes/css/dist/block-library/style.min.css?ver=5.9.3 HTTP/1.1" 200 16151 "https://www.talmedos.com/" "Mozilla/5.0 (Macintosh; Intel Mac OS X 10_15_7) AppleWebKit/537.36 (KHTML, like Gecko) Chrome/101.0.4951.54 Safari/537.36"
5.179.80.204 - - [11/May/2022:07:23:19 +0000] "GET /wp-content/themes/twentytwentyone/style.css?ver=1.5 HTTP/1.1" 200 27804 "https://www.talmedos.com/" "Mozilla/5.0 (Macintosh; Intel Mac OS X 10_15_7) AppleWebKit/537.36 (KHTML, like Gecko) Chrome/101.0.4951.54 Safari/537.36"
5.179.80.204 - - [11/May/2022:07:23:19 +0000] "GET /wp-includes/js/wp-emoji-release.min.js?ver=5.9.3 HTTP/1.1" 200 5347 "https://www.talmedos.com/" "Mozilla/5.0 (Macintosh; Intel Mac OS X 10_15_7) AppleWebKit/537.36 (KHTML, like Gecko) Chrome/101.0.4951.54 Safari/537.36"
5.179.80.204 - - [11/May/2022:07:23:19 +0000] "GET /wp-content/themes/twentytwentyone/assets/css/print.css?ver=1.5 HTTP/1.1" 200 1954 "https://www.talmedos.com/" "Mozilla/5.0 (Macintosh; Intel Mac OS X 10_15_7) AppleWebKit/537.36 (KHTML, like Gecko) Chrome/101.0.4951.54 Safari/537.36"
5.179.80.205 - - [11/May/2022:07:23:33 +0000] "-" 408 511 "-" "-"
46.101.144.32 - - [11/May/2022:07:23:39 +0000] "POST /wp-cron.php?doing_wp_cron=1652253819.2841811180114746093750 HTTP/1.1" 200 4753 "https://46.101.144.32/wp-cron.php?doing_wp_cron=1652253819.2841811180114746093750" "WordPress/5.9.3; https://www.talmedos.com"
5.179.80.204 - - [11/May/2022:07:23:39 +0000] "GET /?s=hvordan+er+vejret+i+dag HTTP/1.1" 302 806 "https://www.talmedos.com/" "Mozilla/5.0 (Windows NT 10.0; Win64; x64) AppleWebKit/537.36 (KHTML, like Gecko) Chrome/100.0.4896.88 Safari/537.36"
5.179.80.204 - - [11/May/2022:07:23:39 +0000] "GET / HTTP/1.1" 200 5660 "https://www.talmedos.com/" "Mozilla/5.0 (Windows NT 10.0; Win64; x64) AppleWebKit/537.36 (KHTML, like Gecko) Chrome/100.0.4896.88 Safari/537.36"
5.179.80.204 - - [11/May/2022:07:23:39 +0000] "-" 408 511 "-" "-"
5.179.80.205 - - [11/May/2022:07:24:05 +0000] "GET / HTTP/1.1" 200 10178 "-" "Mozilla/5.0 (Windows NT 10.0; Win64; x64) AppleWebKit/537.36 (KHTML, like Gecko) Chrome/101.0.4951.54 Safari/537.36"
5.179.80.205 - - [11/May/2022:07:24:08 +0000] "GET / HTTP/1.1" 200 10178 "-" "Mozilla/5.0 (Macintosh; Intel Mac OS X 10_15_7) AppleWebKit/537.36 (KHTML, like Gecko) Chrome/98.0.4758.80 Safari/537.36"
46.101.144.32 - - [11/May/2022:07:31:40 +0000] "POST /wp-cron.php?doing_wp_cron=1652254300.0979950428009033203125 HTTP/1.1" 200 4753 "https://46.101.144.32/wp-cron.php?doing_wp_cron=1652254300.0979950428009033203125" "WordPress/5.9.3; https://www.talmedos.com"
5.179.80.204 - - [11/May/2022:07:31:40 +0000] "GET /?s=hall%C3%B8jsovs HTTP/1.1" 302 4812 "https://www.talmedos.com/" "Mozilla/5.0 (Windows NT 10.0; Win64; x64) AppleWebKit/537.36 (KHTML, like Gecko) Chrome/100.0.4896.127 Safari/537.36"
5.179.80.204 - - [11/May/2022:07:31:40 +0000] "GET / HTTP/1.1" 200 5660 "https://www.talmedos.com/" "Mozilla/5.0 (Windows NT 10.0; Win64; x64) AppleWebKit/537.36 (KHTML, like Gecko) Chrome/100.0.4896.127 Safari/537.36"
5.179.80.205 - - [11/May/2022:07:31:40 +0000] "GET /?s=Hva+s%C3%A5 HTTP/1.1" 302 4812 "https://www.talmedos.com/" "Mozilla/5.0 (Macintosh; Intel Mac OS X 10_15_7) AppleWebKit/537.36 (KHTML, like Gecko) Chrome/98.0.4758.80 Safari/537.36"
5.179.80.205 - - [11/May/2022:07:31:40 +0000] "GET / HTTP/1.1" 200 5660 "https://www.talmedos.com/" "Mozilla/5.0 (Macintosh; Intel Mac OS X 10_15_7) AppleWebKit/537.36 (KHTML, like Gecko) Chrome/98.0.4758.80 Safari/537.36"
5.179.80.205 - - [11/May/2022:07:31:41 +0000] "GET / HTTP/1.1" 200 10178 "-" "Mozilla/5.0 (Macintosh; Intel Mac OS X 10_15_7) AppleWebKit/605.1.15 (KHTML, like Gecko) Version/15.3 Safari/605.1.15"
5.179.80.205 - - [11/May/2022:07:32:00 +0000] "-" 408 4517 "-" "-"
5.179.80.205 - - [11/May/2022:07:32:07 +0000] "GET /?s=mojn HTTP/1.1" 302 4812 "https://www.talmedos.com/" "Mozilla/5.0 (Macintosh; Intel Mac OS X 10_15_7) AppleWebKit/605.1.15 (KHTML, like Gecko) Version/15.3 Safari/605.1.15"
5.179.80.205 - - [11/May/2022:07:32:07 +0000] "GET / HTTP/1.1" 200 5660 "https://www.talmedos.com/" "Mozilla/5.0 (Macintosh; Intel Mac OS X 10_15_7) AppleWebKit/605.1.15 (KHTML, like Gecko) Version/15.3 Safari/605.1.15"
5.179.80.205 - - [11/May/2022:07:32:12 +0000] "GET /?s=dav HTTP/1.1" 302 4812 "https://www.talmedos.com/" "Mozilla/5.0 (Windows NT 10.0; Win64; x64) AppleWebKit/537.36 (KHTML, like Gecko) Chrome/101.0.4951.54 Safari/537.36"
5.179.80.205 - - [11/May/2022:07:32:12 +0000] "GET / HTTP/1.1" 200 5660 "https://www.talmedos.com/" "Mozilla/5.0 (Windows NT 10.0; Win64; x64) AppleWebKit/537.36 (KHTML, like Gecko) Chrome/101.0.4951.54 Safari/537.36"
5.179.80.204 - - [11/May/2022:07:32:12 +0000] "GET /?s=goddag HTTP/1.1" 302 806 "https://www.talmedos.com/" "Mozilla/5.0 (Windows NT 10.0; Win64; x64) AppleWebKit/537.36 (KHTML, like Gecko) Chrome/100.0.4896.127 Safari/537.36"
5.179.80.204 - - [11/May/2022:07:32:12 +0000] "GET / HTTP/1.1" 200 5660 "https://www.talmedos.com/" "Mozilla/5.0 (Windows NT 10.0; Win64; x64) AppleWebKit/537.36 (KHTML, like Gecko) Chrome/100.0.4896.127 Safari/537.36"
5.179.80.204 - - [11/May/2022:07:32:17 +0000] "GET /?s=Kage HTTP/1.1" 302 4812 "https://www.talmedos.com/" "Mozilla/5.0 (Windows NT 10.0; Win64; x64; rv:100.0) Gecko/20100101 Firefox/100.0"
5.179.80.204 - - [11/May/2022:07:32:17 +0000] "GET / HTTP/1.1" 200 5660 "https://www.talmedos.com/" "Mozilla/5.0 (Windows NT 10.0; Win64; x64; rv:100.0) Gecko/20100101 Firefox/100.0"
5.179.80.205 - - [11/May/2022:07:32:20 +0000] "GET /?s=hej HTTP/1.1" 302 4812 "https://www.talmedos.com/" "Mozilla/5.0 (Windows NT 10.0; Win64; x64) AppleWebKit/537.36 (KHTML, like Gecko) Chrome/101.0.4951.54 Safari/537.36"
5.179.80.205 - - [11/May/2022:07:32:20 +0000] "GET / HTTP/1.1" 200 5660 "https://www.talmedos.com/" "Mozilla/5.0 (Windows NT 10.0; Win64; x64) AppleWebKit/537.36 (KHTML, like Gecko) Chrome/101.0.4951.54 Safari/537.36"
5.179.80.204 - - [11/May/2022:07:32:32 +0000] "-" 408 511 "-" "-"
5.179.80.205 - - [11/May/2022:07:32:40 +0000] "-" 408 511 "-" "-"
46.101.144.32 - - [11/May/2022:07:32:46 +0000] "POST /wp-cron.php?doing_wp_cron=1652254366.3238461017608642578125 HTTP/1.1" 200 4753 "https://46.101.144.32/wp-cron.php?doing_wp_cron=1652254366.3238461017608642578125" "WordPress/5.9.3; https://www.talmedos.com"
5.179.80.205 - - [11/May/2022:07:32:46 +0000] "GET /?s=%3A-%29 HTTP/1.1" 302 806 "https://www.talmedos.com/" "Mozilla/5.0 (Windows NT 10.0; Win64; x64) AppleWebKit/537.36 (KHTML, like Gecko) Chrome/101.0.4951.54 Safari/537.36"
5.179.80.205 - - [11/May/2022:07:32:46 +0000] "GET / HTTP/1.1" 200 5660 "https://www.talmedos.com/" "Mozilla/5.0 (Windows NT 10.0; Win64; x64) AppleWebKit/537.36 (KHTML, like Gecko) Chrome/101.0.4951.54 Safari/537.36"
5.179.80.205 - - [11/May/2022:07:33:06 +0000] "-" 408 511 "-" "-"
46.101.144.32 - - [11/May/2022:07:33:48 +0000] "POST /wp-cron.php?doing_wp_cron=1652254428.8952710628509521484375 HTTP/1.1" 200 4753 "https://46.101.144.32/wp-cron.php?doing_wp_cron=1652254428.8952710628509521484375" "WordPress/5.9.3; https://www.talmedos.com"
5.179.80.204 - - [11/May/2022:07:33:48 +0000] "GET /?s=hej HTTP/1.1" 302 4812 "https://www.talmedos.com/" "Mozilla/5.0 (Windows NT 10.0; Win64; x64) AppleWebKit/537.36 (KHTML, like Gecko) Chrome/101.0.4951.54 Safari/537.36"
5.179.80.204 - - [11/May/2022:07:33:49 +0000] "GET / HTTP/1.1" 200 5660 "https://www.talmedos.com/" "Mozilla/5.0 (Windows NT 10.0; Win64; x64) AppleWebKit/537.36 (KHTML, like Gecko) Chrome/101.0.4951.54 Safari/537.36"
5.179.80.204 - - [11/May/2022:07:34:08 +0000] "-" 408 4517 "-" "-"
46.101.144.32 - - [11/May/2022:07:34:58 +0000] "POST /wp-cron.php?doing_wp_cron=1652254498.8105309009552001953125 HTTP/1.1" 200 4753 "https://46.101.144.32/wp-cron.php?doing_wp_cron=1652254498.8105309009552001953125" "WordPress/5.9.3; https://www.talmedos.com"
5.179.80.205 - - [11/May/2022:07:34:58 +0000] "GET /?s=%22-virus+%2C.%21%22%C2%A4%25%26 HTTP/1.1" 302 806 "https://www.talmedos.com/" "Mozilla/5.0 (Windows NT 10.0; Win64; x64) AppleWebKit/537.36 (KHTML, like Gecko) Chrome/101.0.4951.54 Safari/537.36"
5.179.80.205 - - [11/May/2022:07:34:58 +0000] "GET / HTTP/1.1" 200 5660 "https://www.talmedos.com/" "Mozilla/5.0 (Windows NT 10.0; Win64; x64) AppleWebKit/537.36 (KHTML, like Gecko) Chrome/101.0.4951.54 Safari/537.36"
5.179.80.205 - - [11/May/2022:07:35:18 +0000] "-" 408 511 "-" "-"
46.101.144.32 - - [11/May/2022:07:38:13 +0000] "POST /wp-cron.php?doing_wp_cron=1652254693.6592528820037841796875 HTTP/1.1" 200 4753 "https://46.101.144.32/wp-cron.php?doing_wp_cron=1652254693.6592528820037841796875" "WordPress/5.9.3; https://www.talmedos.com"
5.179.80.204 - - [11/May/2022:07:38:13 +0000] "GET / HTTP/1.1" 200 6172 "-" "Mozilla/5.0 (Windows NT 10.0; Win64; x64) AppleWebKit/537.36 (KHTML, like Gecko) Chrome/101.0.4951.54 Safari/537.36"
46.101.144.32 - - [11/May/2022:07:38:28 +0000] "POST /wp-cron.php?doing_wp_cron=1652254708.5363740921020507812500 HTTP/1.1" 200 4753 "https://46.101.144.32/wp-cron.php?doing_wp_cron=1652254708.5363740921020507812500" "WordPress/5.9.3; https://www.talmedos.com"
5.179.80.204 - - [11/May/2022:07:38:28 +0000] "GET / HTTP/1.1" 200 6172 "-" "Mozilla/5.0 (Windows NT 10.0; Win64; x64) AppleWebKit/537.36 (KHTML, like Gecko) Chrome/101.0.4951.54 Safari/537.36"
5.179.80.204 - - [11/May/2022:07:38:48 +0000] "-" 408 511 "-" "-"
5.179.80.205 - - [11/May/2022:07:45:05 +0000] "-" 408 4517 "-" "-"
5.179.80.205 - - [11/May/2022:07:45:05 +0000] "-" 408 4517 "-" "-"
